Component: Arm Compiler for Embedded 6.22 Tool: armlink [5ee90200]

==============================================================================

Section Cross References

    startup_at32f403a_407.o(RESET) refers to startup_at32f403a_407.o(STACK) for __initial_sp
    startup_at32f403a_407.o(RESET) refers to startup_at32f403a_407.o(.text) for Reset_Handler
    startup_at32f403a_407.o(RESET) refers to lto-llvm-d97ef7.o(.text.NMI_Handler) for NMI_Handler
    startup_at32f403a_407.o(RESET) refers to lto-llvm-d97ef7.o(.text.HardFault_Handler) for HardFault_Handler
    startup_at32f403a_407.o(RESET) refers to lto-llvm-d97ef7.o(.text.MemManage_Handler) for MemManage_Handler
    startup_at32f403a_407.o(RESET) refers to lto-llvm-d97ef7.o(.text.BusFault_Handler) for BusFault_Handler
    startup_at32f403a_407.o(RESET) refers to lto-llvm-d97ef7.o(.text.UsageFault_Handler) for UsageFault_Handler
    startup_at32f403a_407.o(RESET) refers to lto-llvm-d97ef7.o(.text.SVC_Handler) for SVC_Handler
    startup_at32f403a_407.o(RESET) refers to lto-llvm-d97ef7.o(.text.DebugMon_Handler) for DebugMon_Handler
    startup_at32f403a_407.o(RESET) refers to lto-llvm-d97ef7.o(.text.PendSV_Handler) for PendSV_Handler
    startup_at32f403a_407.o(RESET) refers to systick_wrapper_gnu.o(.text) for SysTick_Handler
    startup_at32f403a_407.o(RESET) refers to lto-llvm-d97ef7.o(.text.DMA1_Channel1_IRQHandler) for DMA1_Channel1_IRQHandler
    startup_at32f403a_407.o(RESET) refers to lto-llvm-d97ef7.o(.text.USART1_IRQHandler) for USART1_IRQHandler
    startup_at32f403a_407.o(RESET) refers to lto-llvm-d97ef7.o(.text.EXINT15_10_IRQHandler) for EXINT15_10_IRQHandler
    startup_at32f403a_407.o(RESET) refers to lto-llvm-d97ef7.o(.text.UART4_IRQHandler) for UART4_IRQHandler
    startup_at32f403a_407.o(.text) refers to lto-llvm-d97ef7.o(.text.SystemInit) for SystemInit
    startup_at32f403a_407.o(.text) refers to entry.o(.ARM.Collect$$$$00000000) for __main
    systick_wrapper_gnu.o(.text) refers to lto-llvm-d97ef7.o(.text.perfc_port_insert_to_system_timer_insert_ovf_handler) for perfc_port_insert_to_system_timer_insert_ovf_handler
    systick_wrapper_gnu.o(.text) refers to lto-llvm-d97ef7.o(.text.SysTick_Handler) for $Super$$SysTick_Handler
    cos.o(i.__hardfp_cos) refers (Special) to iusefp.o(.text) for __I$use$fp
    cos.o(i.__hardfp_cos) refers to errno.o(i.__set_errno) for __set_errno
    cos.o(i.__hardfp_cos) refers to dunder.o(i.__mathlib_dbl_invalid) for __mathlib_dbl_invalid
    cos.o(i.__hardfp_cos) refers to dunder.o(i.__mathlib_dbl_infnan) for __mathlib_dbl_infnan
    cos.o(i.__hardfp_cos) refers to rred.o(i.__ieee754_rem_pio2) for __ieee754_rem_pio2
    cos.o(i.__hardfp_cos) refers to sin_i.o(i.__kernel_sin) for __kernel_sin
    cos.o(i.__hardfp_cos) refers to cos_i.o(i.__kernel_cos) for __kernel_cos
    cos.o(i.__softfp_cos) refers (Special) to iusefp.o(.text) for __I$use$fp
    cos.o(i.__softfp_cos) refers to cos.o(i.__hardfp_cos) for __hardfp_cos
    cos.o(i.cos) refers (Special) to iusefp.o(.text) for __I$use$fp
    cos.o(i.cos) refers to cos.o(i.__hardfp_cos) for __hardfp_cos
    cosf.o(i.__hardfp_cosf) refers (Special) to iusefp.o(.text) for __I$use$fp
    cosf.o(i.__hardfp_cosf) refers to rredf.o(i.__mathlib_rredf2) for __mathlib_rredf2
    cosf.o(i.__hardfp_cosf) refers to errno.o(i.__set_errno) for __set_errno
    cosf.o(i.__hardfp_cosf) refers to funder.o(i.__mathlib_flt_invalid) for __mathlib_flt_invalid
    cosf.o(i.__hardfp_cosf) refers to funder.o(i.__mathlib_flt_infnan) for __mathlib_flt_infnan
    cosf.o(i.__softfp_cosf) refers (Special) to iusefp.o(.text) for __I$use$fp
    cosf.o(i.__softfp_cosf) refers to cosf.o(i.__hardfp_cosf) for __hardfp_cosf
    cosf.o(i.cosf) refers (Special) to iusefp.o(.text) for __I$use$fp
    cosf.o(i.cosf) refers to cosf.o(i.__hardfp_cosf) for __hardfp_cosf
    exp.o(i.__hardfp_exp) refers (Special) to iusefp.o(.text) for __I$use$fp
    exp.o(i.__hardfp_exp) refers to dunder.o(i.__mathlib_dbl_infnan) for __mathlib_dbl_infnan
    exp.o(i.__hardfp_exp) refers to cdrcmple.o(.text) for __aeabi_cdrcmple
    exp.o(i.__hardfp_exp) refers to errno.o(i.__set_errno) for __set_errno
    exp.o(i.__hardfp_exp) refers to dunder.o(i.__mathlib_dbl_overflow) for __mathlib_dbl_overflow
    exp.o(i.__hardfp_exp) refers to cdcmple.o(.text) for __aeabi_cdcmple
    exp.o(i.__hardfp_exp) refers to dunder.o(i.__mathlib_dbl_underflow) for __mathlib_dbl_underflow
    exp.o(i.__hardfp_exp) refers to dadd.o(.text) for __aeabi_dsub
    exp.o(i.__hardfp_exp) refers to dmul.o(.text) for __aeabi_dmul
    exp.o(i.__hardfp_exp) refers to dfixi.o(.text) for __aeabi_d2iz
    exp.o(i.__hardfp_exp) refers to dflti.o(.text) for __aeabi_i2d
    exp.o(i.__hardfp_exp) refers to poly.o(i.__kernel_poly) for __kernel_poly
    exp.o(i.__hardfp_exp) refers to ddiv.o(.text) for __aeabi_ddiv
    exp.o(i.__hardfp_exp) refers to fpclassify.o(i.__ARM_fpclassify) for __ARM_fpclassify
[...]
    CAN2_TX_IRQHandler                       0x080001b7   Thumb Code     0  startup_at32f403a_407.o(.text)
    CRM_IRQHandler                           0x080001b7   Thumb Code     0  startup_at32f403a_407.o(.text)
    DMA1_Channel2_IRQHandler                 0x080001b7   Thumb Code     0  startup_at32f403a_407.o(.text)
    DMA1_Channel3_IRQHandler                 0x080001b7   Thumb Code     0  startup_at32f403a_407.o(.text)
    DMA1_Channel4_IRQHandler                 0x080001b7   Thumb Code     0  startup_at32f403a_407.o(.text)
    DMA1_Channel5_IRQHandler                 0x080001b7   Thumb Code     0  startup_at32f403a_407.o(.text)
    DMA1_Channel6_IRQHandler                 0x080001b7   Thumb Code     0  startup_at32f403a_407.o(.text)
    DMA1_Channel7_IRQHandler                 0x080001b7   Thumb Code     0  startup_at32f403a_407.o(.text)
    DMA2_Channel1_IRQHandler                 0x080001b7   Thumb Code     0  startup_at32f403a_407.o(.text)
    DMA2_Channel2_IRQHandler                 0x080001b7   Thumb Code     0  startup_at32f403a_407.o(.text)
    DMA2_Channel3_IRQHandler                 0x080001b7   Thumb Code     0  startup_at32f403a_407.o(.text)
    DMA2_Channel4_5_IRQHandler               0x080001b7   Thumb Code     0  startup_at32f403a_407.o(.text)
    DMA2_Channel6_7_IRQHandler               0x080001b7   Thumb Code     0  startup_at32f403a_407.o(.text)
    EMAC_IRQHandler                          0x080001b7   Thumb Code     0  startup_at32f403a_407.o(.text)
    EMAC_WKUP_IRQHandler                     0x080001b7   Thumb Code     0  startup_at32f403a_407.o(.text)
    EXINT0_IRQHandler                        0x080001b7   Thumb Code     0  startup_at32f403a_407.o(.text)
    EXINT1_IRQHandler                        0x080001b7   Thumb Code     0  startup_at32f403a_407.o(.text)
    EXINT2_IRQHandler                        0x080001b7   Thumb Code     0  startup_at32f403a_407.o(.text)
    EXINT3_IRQHandler                        0x080001b7   Thumb Code     0  startup_at32f403a_407.o(.text)
    EXINT4_IRQHandler                        0x080001b7   Thumb Code     0  startup_at32f403a_407.o(.text)
    EXINT9_5_IRQHandler                      0x080001b7   Thumb Code     0  startup_at32f403a_407.o(.text)
    FLASH_IRQHandler                         0x080001b7   Thumb Code     0  startup_at32f403a_407.o(.text)
    I2C1_ERR_IRQHandler                      0x080001b7   Thumb Code     0  startup_at32f403a_407.o(.text)
    I2C1_EVT_IRQHandler                      0x080001b7   Thumb Code     0  startup_at32f403a_407.o(.text)
    I2C2_ERR_IRQHandler                      0x080001b7   Thumb Code     0  startup_at32f403a_407.o(.text)
    I2C2_EVT_IRQHandler                      0x080001b7   Thumb Code     0  startup_at32f403a_407.o(.text)
    I2C3_ERR_IRQHandler                      0x080001b7   Thumb Code     0  startup_at32f403a_407.o(.text)
    I2C3_EVT_IRQHandler                      0x080001b7   Thumb Code     0  startup_at32f403a_407.o(.text)
    PVM_IRQHandler                           0x080001b7   Thumb Code     0  startup_at32f403a_407.o(.text)
    RTCAlarm_IRQHandler                      0x080001b7   Thumb Code     0  startup_at32f403a_407.o(.text)
    RTC_IRQHandler                           0x080001b7   Thumb Code     0  startup_at32f403a_407.o(.text)
    SDIO1_IRQHandler                         0x080001b7   Thumb Code     0  startup_at32f403a_407.o(.text)
    SDIO2_IRQHandler                         0x080001b7   Thumb Code     0  startup_at32f403a_407.o(.text)
    SPI1_IRQHandler                          0x080001b7   Thumb Code     0  startup_at32f403a_407.o(.text)
    SPI2_I2S2EXT_IRQHandler                  0x080001b7   Thumb Code     0  startup_at32f403a_407.o(.text)
    SPI3_I2S3EXT_IRQHandler                  0x080001b7   Thumb Code     0  startup_at32f403a_407.o(.text)
    SPI4_IRQHandler                          0x080001b7   Thumb Code     0  startup_at32f403a_407.o(.text)
    TAMPER_IRQHandler                        0x080001b7   Thumb Code     0  startup_at32f403a_407.o(.text)
    TMR1_BRK_TMR9_IRQHandler                 0x080001b7   Thumb Code     0  startup_at32f403a_407.o(.text)
    TMR1_CH_IRQHandler                       0x080001b7   Thumb Code     0  startup_at32f403a_407.o(.text)
    TMR1_OVF_TMR10_IRQHandler                0x080001b7   Thumb Code     0  startup_at32f403a_407.o(.text)
    TMR1_TRG_HALL_TMR11_IRQHandler           0x080001b7   Thumb Code     0  startup_at32f403a_407.o(.text)
    TMR2_GLOBAL_IRQHandler                   0x080001b7   Thumb Code     0  startup_at32f403a_407.o(.text)
    TMR3_GLOBAL_IRQHandler                   0x080001b7   Thumb Code     0  startup_at32f403a_407.o(.text)
    TMR4_GLOBAL_IRQHandler                   0x080001b7   Thumb Code     0  startup_at32f403a_407.o(.text)
    TMR5_GLOBAL_IRQHandler                   0x080001b7   Thumb Code     0  startup_at32f403a_407.o(.text)
    TMR6_GLOBAL_IRQHandler                   0x080001b7   Thumb Code     0  startup_at32f403a_407.o(.text)
    TMR7_GLOBAL_IRQHandler                   0x080001b7   Thumb Code     0  startup_at32f403a_407.o(.text)
    TMR8_BRK_TMR12_IRQHandler                0x080001b7   Thumb Code     0  startup_at32f403a_407.o(.text)
    TMR8_CH_IRQHandler                       0x080001b7   Thumb Code     0  startup_at32f403a_407.o(.text)
    TMR8_OVF_TMR13_IRQHandler                0x080001b7   Thumb Code     0  startup_at32f403a_407.o(.text)
    TMR8_TRG_HALL_TMR14_IRQHandler           0x080001b7   Thumb Code     0  startup_at32f403a_407.o(.text)
    UART5_IRQHandler                         0x080001b7   Thumb Code     0  startup_at32f403a_407.o(.text)
    UART7_IRQHandler                         0x080001b7   Thumb Code     0  startup_at32f403a_407.o(.text)
    UART8_IRQHandler                         0x080001b7   Thumb Code     0  startup_at32f403a_407.o(.text)
    USART2_IRQHandler                        0x080001b7   Thumb Code     0  startup_at32f403a_407.o(.text)
    USART3_IRQHandler                        0x080001b7   Thumb Code     0  startup_at32f403a_407.o(.text)
    USART6_IRQHandler                        0x080001b7   Thumb Code     0  startup_at32f403a_407.o(.text)
    USBFSWakeUp_IRQHandler                   0x080001b7   Thumb Code     0  startup_at32f403a_407.o(.text)
    USBFS_H_CAN1_TX_IRQHandler               0x080001b7   Thumb Code     0  startup_at32f403a_407.o(.text)
    USBFS_L_CAN1_RX0_IRQHandler              0x080001b7   Thumb Code     0  startup_at32f403a_407.o(.text)
    USBFS_MAPH_IRQHandler                    0x080001b7   Thumb Code     0  startup_at32f403a_407.o(.text)
    USBFS_MAPL_IRQHandler                    0x080001b7   Thumb Code     0  startup_at32f403a_407.o(.text)
    WWDT_IRQHandler                          0x080001b7   Thumb Code     0  startup_at32f403a_407.o(.text)
    XMC_IRQHandler                           0x080001b7   Thumb Code     0  startup_at32f403a_407.o(.text)
    SysTick_Handler                          0x080001c1   Thumb Code     0  systick_wrapper_gnu.o(.text)
    __ensure_systick_wrapper                 0x080001d3   Thumb Code     0  systick_wrapper_gnu.o(.text)
    __perfc_port_set_sp                      0x080001d5   Thumb Code     0  systick_wrapper_gnu.o(.text)
    strstr                                   0x080001e1   Thumb Code    36  strstr.o(.text)
    strncpy                                  0x08000205   Thumb Code    24  strncpy.o(.text)
    strchr                                   0x0800021d   Thumb Code    20  strchr.o(.text)
    strlen                                   0x08000231   Thumb Code    14  strlen.o(.text)
    strcmp                                   0x0800023f   Thumb Code    28  strcmp.o(.text)
    memcmp                                   0x0800025b   Thumb Code    26  memcmp.o(.text)
    strncmp                                  0x08000275   Thumb Code    30  strncmp.o(.text)
    strtok                                   0x08000295   Thumb Code    62  strtok.o(.text)
    sscanf                                   0x080002d9   Thumb Code    48  sscanf.o(.text)
    strtol                                   0x08000311   Thumb Code   112  strtol.o(.text)
    atoi                                     0x08000381   Thumb Code    26  atoi.o(.text)
    __aeabi_uidiv                            0x0800039b   Thumb Code     0  uidiv.o(.text)
    __aeabi_uidivmod                         0x0800039b   Thumb Code    44  uidiv.o(.text)
    __aeabi_uldivmod                         0x080003c7   Thumb Code    98  uldiv.o(.text)
    __rt_ctype_table                         0x08000429   Thumb Code     4  ctype_o.o(.text)
    isspace                                  0x08000431   Thumb Code    18  isspace_o.o(.text)
    _scanf_longlong                          0x08000443   Thumb Code   342  _scanf_longlong.o(.text)
    _scanf_int                               0x08000599   Thumb Code   332  _scanf_int.o(.text)
    _scanf_string                            0x080006e5   Thumb Code   224  _scanf_str.o(.text)
    _scanf_real                              0x080008ed   Thumb Code     0  scanf_fp.o(.text)
    _scanf_really_real                       0x080008ed   Thumb Code   556  scanf_fp.o(.text)
    __vfscanf_char                           0x08000b31   Thumb Code    20  scanf_char.o(.text)
    _sgetc                                   0x08000b4d   Thumb Code    30  _sgetc.o(.text)
    _sbackspace                              0x08000b6b   Thumb Code    34  _sgetc.o(.text)
    _strtoul                                 0x08000b8d   Thumb Code   158  _strtoul.o(.text)
    __I$use$fp                               0x08000c2b   Thumb Code     0  iusefp.o(.text)
    __aeabi_dadd                             0x08000c2b   Thumb Code   322  dadd.o(.text)
    __aeabi_dsub                             0x08000d6d   Thumb Code     6  dadd.o(.text)
    __aeabi_drsub                            0x08000d73   Thumb Code     6  dadd.o(.text)
    __aeabi_dmul                             0x08000d79   Thumb Code   228  dmul.o(.text)
    __aeabi_ddiv                             0x08000e5d   Thumb Code   222  ddiv.o(.text)
    __aeabi_d2ulz                            0x08000f3b   Thumb Code    48  dfixul.o(.text)
    __aeabi_cdrcmple                         0x08000f6d   Thumb Code    48  cdrcmple.o(.text)
    __scatterload                            0x08000f9d   Thumb Code    38  init.o(.text)
    __scatterload_rt2                        0x08000f9d   Thumb Code     0  init.o(.text)
    __aeabi_llsl                             0x08000fcd   Thumb Code    30  llshl.o(.text)
    _ll_shift_l                              0x08000fcd   Thumb Code     0  llshl.o(.text)
    __aeabi_llsr                             0x08000feb   Thumb Code    32  llushr.o(.text)
    _ll_ushift_r                             0x08000feb   Thumb Code     0  llushr.o(.text)
    __aeabi_lasr                             0x0800100b   Thumb Code    36  llsshr.o(.text)
    _ll_sshift_r                             0x0800100b   Thumb Code     0  llsshr.o(.text)
    _chval                                   0x0800102f   Thumb Code    28  _chval.o(.text)
    __vfscanf                                0x0800104d   Thumb Code   808  _scanf.o(.text)
    _double_round                            0x08001379   Thumb Code    30  depilogue.o(.text)
    _double_epilogue                         0x08001397   Thumb Code   156  depilogue.o(.text)
    __aeabi_ul2d                             0x08001433   Thumb Code    24  dfltul.o(.text)
    __aeabi_d2f                              0x0800144b   Thumb Code    56  d2f.o(.text)
    _float_round                             0x08001483   Thumb Code    18  fepilogue.o(.text)
    _float_epilogue                          0x08001495   Thumb Code    92  fepilogue.o(.text)
    __aeabi_ldivmod                          0x080014f1   Thumb Code    98  ldiv.o(.text)
    __aeabi_memcpy                           0x08001553   Thumb Code    36  memcpya.o(.text)
    __aeabi_memcpy4                          0x08001553   Thumb Code     0  memcpya.o(.text)
    __aeabi_memcpy8                          0x08001553   Thumb Code     0  memcpya.o(.text)
    __aeabi_memset                           0x08001577   Thumb Code    14  memseta.o(.text)
    __aeabi_memset4                          0x08001577   Thumb Code     0  memseta.o(.text)
    __aeabi_memset8                          0x08001577   Thumb Code     0  memseta.o(.text)
    __aeabi_memclr                           0x08001585   Thumb Code     4  memseta.o(.text)
    __aeabi_memclr4                          0x08001585   Thumb Code     0  memseta.o(.text)
    __aeabi_memclr8                          0x08001585   Thumb Code     0  memseta.o(.text)
    _memset$wrapper                          0x08001589   Thumb Code    18  memseta.o(.text)
    __cpp_initialize__aeabi_                 0x0800159d   Thumb Code    32  cpp_init.o(.text)
    BusFault_Handler                         0x080015c5   Thumb Code     4  lto-llvm-d97ef7.o(.text.BusFault_Handler)
    DMA1_Channel1_IRQHandler                 0x080015c9   Thumb Code    44  lto-llvm-d97ef7.o(.text.DMA1_Channel1_IRQHandler)
    DebugMon_Handler                         0x080015f5   Thumb Code     2  lto-llvm-d97ef7.o(.text.DebugMon_Handler)
    EXINT15_10_IRQHandler                    0x080015f9   Thumb Code    18  lto-llvm-d97ef7.o(.text.EXINT15_10_IRQHandler)
    HardFault_Handler                        0x08001c31   Thumb Code     4  lto-llvm-d97ef7.o(.text.HardFault_Handler)
    MemManage_Handler                        0x08001ced   Thumb Code     4  lto-llvm-d97ef7.o(.text.MemManage_Handler)
    NMI_Handler                              0x08001cf1   Thumb Code     2  lto-llvm-d97ef7.o(.text.NMI_Handler)
    PendSV_Handler                           0x08001dc1   Thumb Code   100  lto-llvm-d97ef7.o(.text.PendSV_Handler)
    SVC_Handler                              0x08001e91   Thumb Code    36  lto-llvm-d97ef7.o(.text.SVC_Handler)
    $Super$$SysTick_Handler                  0x08001eb5   Thumb Code    20  lto-llvm-d97ef7.o(.text.SysTick_Handler)
    SystemInit                               0x08001ec9   Thumb Code   168  lto-llvm-d97ef7.o(.text.SystemInit)
    UART4_IRQHandler                         0x08001f71   Thumb Code    52  lto-llvm-d97ef7.o(.text.UART4_IRQHandler)
    USART1_IRQHandler                        0x08001fa5   Thumb Code    66  lto-llvm-d97ef7.o(.text.USART1_IRQHandler)
    UsageFault_Handler                       0x08002019   Thumb Code     4  lto-llvm-d97ef7.o(.text.UsageFault_Handler)
    fputc                                    0x08003f41   Thumb Code    48  lto-llvm-d97ef7.o(.text.fputc)
    main                                     0x0800530d   Thumb Code   172  lto-llvm-d97ef7.o(.text.main)
    perfc_port_insert_to_system_timer_insert_ovf_handler 0x08005835   Thumb Code    78  lto-llvm-d97ef7.o(.text.perfc_port_insert_to_system_timer_insert_ovf_handler)
    vTaskSwitchContext                       0x08009545   Thumb Code   198  lto-llvm-d97ef7.o(.text.vTaskSwitchContext)
    __0printf                                0x0800bfd5   Thumb Code    22  printfa.o(i.__0printf)
    __1printf                                0x0800bfd5   Thumb Code     0  printfa.o(i.__0printf)
    __2printf                                0x0800bfd5   Thumb Code     0  printfa.o(i.__0printf)
    __c89printf                              0x0800bfd5   Thumb Code     0  printfa.o(i.__0printf)
    printf                                   0x0800bfd5   Thumb Code     0  printfa.o(i.__0printf)
    __0snprintf                              0x0800bff5   Thumb Code    48  printfa.o(i.__0snprintf)
    __1snprintf                              0x0800bff5   Thumb Code     0  printfa.o(i.__0snprintf)
    __2snprintf                              0x0800bff5   Thumb Code     0  printfa.o(i.__0snprintf)
    __c89snprintf                            0x0800bff5   Thumb Code     0  printfa.o(i.__0snprintf)
    snprintf                                 0x0800bff5   Thumb Code     0  printfa.o(i.__0snprintf)
    __aeabi_errno_addr                       0x0800c029   Thumb Code     4  errno.o(i.__aeabi_errno_addr)
    __rt_errno_addr                          0x0800c029   Thumb Code     0  errno.o(i.__aeabi_errno_addr)
    __scatterload_copy                       0x0800c031   Thumb Code    14  handlers.o(i.__scatterload_copy)
    __scatterload_null                       0x0800c03f   Thumb Code     2  handlers.o(i.__scatterload_null)
    __scatterload_zeroinit                   0x0800c041   Thumb Code    14  handlers.o(i.__scatterload_zeroinit)
    _is_digit                                0x0800c1d5   Thumb Code    14  scanf_fp.o(i._is_digit)
    __ctype_table                            0x0800c928   Data         129  ctype_o.o(.constdata)
    EventRecorderInfo                        0x0800c9b0   Data          24  lto-llvm-d97ef7.o(.rodata.EventRecorderInfo)
    Region$$Table$$Base                      0x0800d820   Number         0  anon$$obj.o(Region$$Table)
    Region$$Table$$Limit                     0x0800d840   Number         0  anon$$obj.o(Region$$Table)
    SHT$$INIT_ARRAY$$Base                    0x0800d840   Number         0  lto-llvm-d97ef7.o(.init_array)
    SHT$$INIT_ARRAY$$Limit                   0x0800d844   Number         0  cpp_init.o(.init_array)
    __stdout                                 0x20000000   Data           4  stdout.o(.data)
    __initial_sp                             0x2000c9e8   Data           0  startup_at32f403a_407.o(STACK)



==============================================================================

Memory Map of the image

  Image Entry point : 0x08000185

  Load Region LR_IROM1 (Base: 0x08000000, Size: 0x0000d980, Max: 0x00100000, ABSOLUTE)

    Execution Region ER_IROM1 (Exec base: 0x08000000, Load base: 0x08000000, Size: 0x0000d844, Max: 0x00100000, ABSOLUTE)

    Exec Addr    Load Addr    Size         Type   Attr      Idx    E Section Name        Object

    0x08000000   0x08000000   0x00000184   Data   RO           34    RESET               startup_at32f403a_407.o
    0x08000184   0x08000184   0x00000000   Code   RO          172  * .ARM.Collect$$$$00000000  mc_w.l(entry.o)
    0x08000184   0x08000184   0x00000004   Code   RO          284    .ARM.Collect$$$$00000001  mc_w.l(entry2.o)
    0x08000188   0x08000188   0x00000004   Code   RO          287    .ARM.Collect$$$$00000004  mc_w.l(entry5.o)
    0x0800018c   0x0800018c   0x00000000   Code   RO          289    .ARM.Collect$$$$00000008  mc_w.l(entry7b.o)
    0x0800018c   0x0800018c   0x00000004   Code   RO          290    .ARM.Collect$$$$00000009  mc_w.l(entry8a.o)
    0x08000190   0x08000190   0x00000000   Code   RO          291    .ARM.Collect$$$$0000000A  mc_w.l(entry8b.o)
    0x08000190   0x08000190   0x00000008   Code   RO          292    .ARM.Collect$$$$0000000B  mc_w.l(entry9a.o)
    0x08000198   0x08000198   0x00000000   Code   RO          294    .ARM.Collect$$$$0000000D  mc_w.l(entry10a.o)
    0x08000198   0x08000198   0x00000000   Code   RO          296    .ARM.Collect$$$$0000000F  mc_w.l(entry11a.o)
    0x08000198   0x08000198   0x00000004   Code   RO          285    .ARM.Collect$$$$00002712  mc_w.l(entry2.o)
    0x0800019c   0x0800019c   0x00000024   Code   RO           35    .text               startup_at32f403a_407.o
    0x080001c0   0x080001c0   0x00000020   Code   RO          102    .text               systick_wrapper_gnu.o
    0x080001e0   0x080001e0   0x00000024   Code   RO          181    .text               mc_w.l(strstr.o)
    0x08000204   0x08000204   0x00000018   Code   RO          183    .text               mc_w.l(strncpy.o)
    0x0800021c   0x0800021c   0x00000014   Code   RO          185    .text               mc_w.l(strchr.o)
    0x08000230   0x08000230   0x0000000e   Code   RO          187    .text               mc_w.l(strlen.o)
    0x0800023e   0x0800023e   0x0000001c   Code   RO          189    .text               mc_w.l(strcmp.o)
    0x0800025a   0x0800025a   0x0000001a   Code   RO          191    .text               mc_w.l(memcmp.o)
    0x08000274   0x08000274   0x0000001e   Code   RO          193    .text               mc_w.l(strncmp.o)
    0x08000292   0x08000292   0x00000002   PAD
    0x08000294   0x08000294   0x00000044   Code   RO          195    .text               mc_w.l(strtok.o)
    0x080002d8   0x080002d8   0x00000038   Code   RO          229    .text               mc_w.l(sscanf.o)
    0x08000310   0x08000310   0x00000070   Code   RO          231    .text               mc_w.l(strtol.o)
    0x08000380   0x08000380   0x0000001a   Code   RO          233    .text               mc_w.l(atoi.o)
    0x0800039a   0x0800039a   0x0000002c   Code   RO          307    .text               mc_w.l(uidiv.o)
    0x080003c6   0x080003c6   0x00000062   Code   RO          309    .text               mc_w.l(uldiv.o)
    0x08000428   0x08000428   0x00000008   Code   RO          311    .text               mc_w.l(ctype_o.o)
    0x08000430   0x08000430   0x00000012   Code   RO          333    .text               mc_w.l(isspace_o.o)
    0x08000442   0x08000442   0x00000156   Code   RO          346    .text               mc_w.l(_scanf_longlong.o)
    0x08000598   0x08000598   0x0000014c   Code   RO          348    .text               mc_w.l(_scanf_int.o)
    0x080006e4   0x080006e4   0x000000e0   Code   RO          350    .text               mc_w.l(_scanf_str.o)
    0x080007c4   0x080007c4   0x00000360   Code   RO          352    .text               mc_w.l(scanf_fp.o)
    0x08000b24   0x08000b24   0x00000028   Code   RO          356    .text               mc_w.l(scanf_char.o)
    0x08000b4c   0x08000b4c   0x00000040   Code   RO          358    .text               mc_w.l(_sgetc.o)
    0x08000b8c   0x08000b8c   0x0000009e   Code   RO          360    .text               mc_w.l(_strtoul.o)
    0x08000c2a   0x08000c2a   0x00000000   Code   RO          362    .text               mc_w.l(iusefp.o)
    0x08000c2a   0x08000c2a   0x0000014e   Code   RO          363    .text               mf_w.l(dadd.o)
    0x08000d78   0x08000d78   0x000000e4   Code   RO          365    .text               mf_w.l(dmul.o)
    0x08000e5c   0x08000e5c   0x000000de   Code   RO          367    .text               mf_w.l(ddiv.o)
    0x08000f3a   0x08000f3a   0x00000030   Code   RO          377    .text               mf_w.l(dfixul.o)
    0x08000f6a   0x08000f6a   0x00000002   PAD
    0x08000f6c   0x08000f6c   0x00000030   Code   RO          381    .text               mf_w.l(cdrcmple.o)
    0x08000f9c   0x08000f9c   0x00000030   Code   RO          391    .text               mc_w.l(init.o)
    0x08000fcc   0x08000fcc   0x0000001e   Code   RO          393    .text               mc_w.l(llshl.o)
    0x08000fea   0x08000fea   0x00000020   Code   RO          395    .text               mc_w.l(llushr.o)
    0x0800100a   0x0800100a   0x00000024   Code   RO          397    .text               mc_w.l(llsshr.o)
    0x0800102e   0x0800102e   0x0000001c   Code   RO          401    .text               mc_w.l(_chval.o)
    0x0800104a   0x0800104a   0x00000002   PAD
    0x0800104c   0x0800104c   0x0000032c   Code   RO          403    .text               mc_w.l(_scanf.o)
    0x08001378   0x08001378   0x000000ba   Code   RO          405    .text               mf_w.l(depilogue.o)
    0x08001432   0x08001432   0x00000018   Code   RO          409    .text               mf_w.l(dfltul.o)
    0x0800144a   0x0800144a   0x00000038   Code   RO          411    .text               mf_w.l(d2f.o)
    0x08001482   0x08001482   0x0000006e   Code   RO          416    .text               mf_w.l(fepilogue.o)
    0x080014f0   0x080014f0   0x00000062   Code   RO         1273    .text               mc_w.l(ldiv.o)
    0x08001552   0x08001552   0x00000024   Code   RO         1275    .text               mc_w.l(memcpya.o)
    0x08001576   0x08001576   0x00000024   Code   RO         1277    .text               mc_w.l(memseta.o)
    0x0800159a   0x0800159a   0x00000002   PAD
    0x0800159c   0x0800159c   0x00000028   Code   RO         1284    .text               mc_w.l(cpp_init.o)
    0x080015c4   0x080015c4   0x00000004   Code   RO          439    .text.BusFault_Handler  lto-llvm-d97ef7.o
    0x080015c8   0x080015c8   0x0000002c   Code   RO          447    .text.DMA1_Channel1_IRQHandler  lto-llvm-d97ef7.o
    0x080015f4   0x080015f4   0x00000002   Code   RO          443    .text.DebugMon_Handler  lto-llvm-d97ef7.o
    0x080015f6   0x080015f6   0x00000002   PAD
    0x080015f8   0x080015f8   0x00000012   Code   RO          451    .text.EXINT15_10_IRQHandler  lto-llvm-d97ef7.o
    0x0800160a   0x0800160a   0x00000002   PAD
    0x0800160c   0x0800160c   0x0000003e   Code   RO         1091    .text.EventCheckFilter  lto-llvm-d97ef7.o
    0x0800164a   0x0800164a   0x00000002   PAD
    0x0800164c   0x0800164c   0x00000092   Code   RO         1069    .text.EventGetTS    lto-llvm-d97ef7.o
    0x080016de   0x080016de   0x00000002   PAD
    0x080016e0   0x080016e0   0x00000190   Code   RO         1089    .text.EventRecordData  lto-llvm-d97ef7.o
    0x08001870   0x08001870   0x000000f0   Code   RO         1071    .text.EventRecordItem  lto-llvm-d97ef7.o
    0x08001960   0x08001960   0x00000090   Code   RO         1067    .text.EventRecorderEnable  lto-llvm-d97ef7.o
    0x080019f0   0x080019f0   0x000001d0   Code   RO         1063    .text.EventRecorderInitialize  lto-llvm-d97ef7.o
    0x08001bc0   0x08001bc0   0x00000044   Code   RO         1073    .text.EventRecorderStart  lto-llvm-d97ef7.o
    0x08001c04   0x08001c04   0x00000008   Code   RO         1143    .text.EventRecorderTimerGetCount  lto-llvm-d97ef7.o
    0x08001c0c   0x08001c0c   0x00000008   Code   RO         1141    .text.EventRecorderTimerGetFreq  lto-llvm-d97ef7.o
    0x08001c14   0x08001c14   0x00000008   Code   RO         1093    .text.GetContext    lto-llvm-d97ef7.o
    0x08001c1c   0x08001c1c   0x00000012   Code   RO         1075    .text.GetRecordIndex  lto-llvm-d97ef7.o
    0x08001c2e   0x08001c2e   0x00000002   PAD
    0x08001c30   0x08001c30   0x00000004   Code   RO          435    .text.HardFault_Handler  lto-llvm-d97ef7.o
    0x08001c34   0x08001c34   0x00000012   Code   RO         1083    .text.IncrementRecordsDumped  lto-llvm-d97ef7.o
    0x08001c46   0x08001c46   0x00000002   PAD
    0x08001c48   0x08001c48   0x00000012   Code   RO         1081    .text.IncrementRecordsWritten  lto-llvm-d97ef7.o
    0x08001c5a   0x08001c5a   0x00000002   PAD
    0x08001c5c   0x08001c5c   0x0000008e   Code   RO         1077    .text.LockRecord    lto-llvm-d97ef7.o
    0x08001cea   0x08001cea   0x00000002   PAD
    0x08001cec   0x08001cec   0x00000004   Code   RO          437    .text.MemManage_Handler  lto-llvm-d97ef7.o
    0x08001cf0   0x08001cf0   0x00000002   Code   RO          433    .text.NMI_Handler   lto-llvm-d97ef7.o
    0x08001cf2   0x08001cf2   0x00000002   PAD
    0x08001cf4   0x08001cf4   0x00000064   Code   RO          429    .text.NVIC_EncodePriority  lto-llvm-d97ef7.o
    0x08001d58   0x08001d58   0x00000062   Code   RO          753    .text.NVIC_EncodePriority.218  lto-llvm-d97ef7.o
    0x08001dba   0x08001dba   0x00000006   PAD
    0x08001dc0   0x08001dc0   0x00000064   Code   RO          537    .text.PendSV_Handler  lto-llvm-d97ef7.o
    0x08001e24   0x08001e24   0x00000032   Code   RO          895    .text.SDA_IN        lto-llvm-d97ef7.o
    0x08001e56   0x08001e56   0x00000002   PAD
    0x08001e58   0x08001e58   0x00000032   Code   RO          893    .text.SDA_OUT       lto-llvm-d97ef7.o
    0x08001e8a   0x08001e8a   0x00000006   PAD
    0x08001e90   0x08001e90   0x00000024   Code   RO          523    .text.SVC_Handler   lto-llvm-d97ef7.o
    0x08001eb4   0x08001eb4   0x00000014   Code   RO          445    .text.SysTick_Handler  lto-llvm-d97ef7.o
    0x08001ec8   0x08001ec8   0x000000a8   Code   RO          775    .text.SystemInit    lto-llvm-d97ef7.o
    0x08001f70   0x08001f70   0x00000034   Code   RO          453    .text.UART4_IRQHandler  lto-llvm-d97ef7.o
    0x08001fa4   0x08001fa4   0x00000042   Code   RO          449    .text.USART1_IRQHandler  lto-llvm-d97ef7.o
    0x08001fe6   0x08001fe6   0x00000002   PAD
    0x08001fe8   0x08001fe8   0x00000030   Code   RO         1079    .text.UnlockRecord  lto-llvm-d97ef7.o
    0x08002018   0x08002018   0x00000004   Code   RO          441    .text.UsageFault_Handler  lto-llvm-d97ef7.o
    0x0800201c   0x0800201c   0x00000034   Code   RO          929    .text.__NVIC_ClearPendingIRQ  lto-llvm-d97ef7.o
    0x08002050   0x08002050   0x0000003c   Code   RO          927    .text.__NVIC_DisableIRQ.332  lto-llvm-d97ef7.o
    0x0800208c   0x0800208c   0x00000032   Code   RO          757    .text.__NVIC_EnableIRQ  lto-llvm-d97ef7.o
    0x080020be   0x080020be   0x00000002   PAD
    0x080020c0   0x080020c0   0x00000034   Code   RO          931    .text.__NVIC_EnableIRQ.333  lto-llvm-d97ef7.o
    0x080020f4   0x080020f4   0x00000010   Code   RO          427    .text.__NVIC_GetPriorityGrouping  lto-llvm-d97ef7.o
    0x08002104   0x08002104   0x00000010   Code   RO          751    .text.__NVIC_GetPriorityGrouping.217  lto-llvm-d97ef7.o
    0x08002114   0x08002114   0x00000042   Code   RO          431    .text.__NVIC_SetPriority  lto-llvm-d97ef7.o
    0x08002156   0x08002156   0x00000002   PAD
    0x08002158   0x08002158   0x00000042   Code   RO          755    .text.__NVIC_SetPriority.219  lto-llvm-d97ef7.o
    0x0800219a   0x0800219a   0x00000002   PAD
    0x0800219c   0x0800219c   0x0000003c   Code   RO          761    .text.__NVIC_SetPriorityGrouping  lto-llvm-d97ef7.o
    0x080021d8   0x080021d8   0x0000004a   Code   RO         1115    .text.__check_and_handle_ovf  lto-llvm-d97ef7.o
    0x08002222   0x08002222   0x00000002   PAD
    0x08002224   0x08002224   0x0000000a   Code   RO         1097    .text.__perf_counter_init  lto-llvm-d97ef7.o
    0x0800222e   0x0800222e   0x00000002   PAD
    0x08002230   0x08002230   0x0000006c   Code   RO          647    .text.adc_base_config  lto-llvm-d97ef7.o
    0x0800229c   0x0800229c   0x0000001c   Code   RO          645    .text.adc_base_default_para_init  lto-llvm-d97ef7.o
    0x080022b8   0x080022b8   0x0000001a   Code   RO          649    .text.adc_calibration_init  lto-llvm-d97ef7.o
    0x080022d2   0x080022d2   0x00000002   PAD
    0x080022d4   0x080022d4   0x00000030   Code   RO          651    .text.adc_calibration_init_status_get  lto-llvm-d97ef7.o
    0x08002304   0x08002304   0x0000001a   Code   RO          653    .text.adc_calibration_start  lto-llvm-d97ef7.o
    0x0800231e   0x0800231e   0x00000002   PAD
    0x08002320   0x08002320   0x00000030   Code   RO          655    .text.adc_calibration_status_get  lto-llvm-d97ef7.o
    0x08002350   0x08002350   0x00000028   Code   RO          643    .text.adc_combine_mode_select  lto-llvm-d97ef7.o
    0x08002378   0x08002378   0x00000024   Code   RO          641    .text.adc_enable    lto-llvm-d97ef7.o
    0x0800239c   0x0800239c   0x0000016a   Code   RO          657    .text.adc_ordinary_channel_set  lto-llvm-d97ef7.o
    0x08002506   0x08002506   0x00000002   PAD
    0x08002508   0x08002508   0x00000080   Code   RO          659    .text.adc_ordinary_conversion_trigger_set  lto-llvm-d97ef7.o
    0x08002588   0x08002588   0x0000002c   Code   RO          661    .text.adc_ordinary_part_mode_enable  lto-llvm-d97ef7.o
    0x080025b4   0x080025b4   0x00000086   Code   RO          639    .text.adc_reset     lto-llvm-d97ef7.o
    0x0800263a   0x0800263a   0x00000002   PAD
    0x0800263c   0x0800263c   0x00000028   Code   RO          663    .text.adc_tempersensor_vintrv_enable  lto-llvm-d97ef7.o
    0x08002664   0x08002664   0x0000006e   Code   RO         1087    .text.atomic_cmp_xch_32  lto-llvm-d97ef7.o
    0x080026d2   0x080026d2   0x00000002   PAD
    0x080026d4   0x080026d4   0x0000002a   Code   RO         1085    .text.atomic_inc_32  lto-llvm-d97ef7.o
    0x080026fe   0x080026fe   0x00000002   PAD
    0x08002700   0x08002700   0x0000003a   Code   RO         1095    .text.atomic_inc_8  lto-llvm-d97ef7.o
    0x0800273a   0x0800273a   0x00000002   PAD
    0x0800273c   0x0800273c   0x00000010   Code   RO          493    .text.beep_function  lto-llvm-d97ef7.o
    0x0800274c   0x0800274c   0x00000246   Code   RO          513    .text.breath_led    lto-llvm-d97ef7.o
    0x08002992   0x08002992   0x00000002   PAD
    0x08002994   0x08002994   0x000000ec   Code   RO          933    .text.check_at_response  lto-llvm-d97ef7.o
    0x08002a80   0x08002a80   0x0000005c   Code   RO         1113    .text.check_systick  lto-llvm-d97ef7.o
    0x08002adc   0x08002adc   0x0000008c   Code   RO         1065    .text.crc16_ccitt   lto-llvm-d97ef7.o
    0x08002b68   0x08002b68   0x00000012   Code   RO          719    .text.crc_data_reset  lto-llvm-d97ef7.o
    0x08002b7a   0x08002b7a   0x00000002   PAD
    0x08002b7c   0x08002b7c   0x00000018   Code   RO          721    .text.crc_init_data_set  lto-llvm-d97ef7.o
    0x08002b94   0x08002b94   0x00000028   Code   RO          729    .text.crc_poly_size_set  lto-llvm-d97ef7.o
    0x08002bbc   0x08002bbc   0x0000001c   Code   RO          727    .text.crc_poly_value_set  lto-llvm-d97ef7.o
    0x08002bd8   0x08002bd8   0x00000028   Code   RO          723    .text.crc_reverse_input_data_set  lto-llvm-d97ef7.o
    0x08002c00   0x08002c00   0x00000028   Code   RO          725    .text.crc_reverse_output_data_set  lto-llvm-d97ef7.o
    0x08002c28   0x08002c28   0x00000036   Code   RO          567    .text.crm_adc_clock_div_set  lto-llvm-d97ef7.o
    0x08002c5e   0x08002c5e   0x00000002   PAD
    0x08002c60   0x08002c60   0x00000028   Code   RO          561    .text.crm_ahb_div_set  lto-llvm-d97ef7.o
    0x08002c88   0x08002c88   0x00000028   Code   RO          563    .text.crm_apb1_div_set  lto-llvm-d97ef7.o
    0x08002cb0   0x08002cb0   0x00000028   Code   RO          565    .text.crm_apb2_div_set  lto-llvm-d97ef7.o
    0x08002cd8   0x08002cd8   0x00000038   Code   RO          577    .text.crm_auto_step_mode_enable  lto-llvm-d97ef7.o
    0x08002d10   0x08002d10   0x000000a2   Code   RO          559    .text.crm_clock_source_enable  lto-llvm-d97ef7.o
    0x08002db2   0x08002db2   0x00000002   PAD
    0x08002db4   0x08002db4   0x000001d6   Code   RO          575    .text.crm_clocks_freq_get  lto-llvm-d97ef7.o
    0x08002f8a   0x08002f8a   0x00000002   PAD
    0x08002f8c   0x08002f8c   0x0000003e   Code   RO          551    .text.crm_flag_get  lto-llvm-d97ef7.o
    0x08002fca   0x08002fca   0x00000002   PAD
    0x08002fcc   0x08002fcc   0x0000005c   Code   RO          553    .text.crm_hext_stable_wait  lto-llvm-d97ef7.o
    0x08003028   0x08003028   0x00000056   Code   RO          555    .text.crm_periph_clock_enable  lto-llvm-d97ef7.o
    0x0800307e   0x0800307e   0x00000002   PAD
    0x08003080   0x08003080   0x00000054   Code   RO          557    .text.crm_periph_reset  lto-llvm-d97ef7.o
    0x080030d4   0x080030d4   0x000000c2   Code   RO          569    .text.crm_pll_config  lto-llvm-d97ef7.o
    0x08003196   0x08003196   0x00000002   PAD
    0x08003198   0x08003198   0x0000008a   Code   RO          549    .text.crm_reset     lto-llvm-d97ef7.o
    0x08003222   0x08003222   0x00000002   PAD
    0x08003224   0x08003224   0x00000048   Code   RO          571    .text.crm_sysclk_switch  lto-llvm-d97ef7.o
    0x0800326c   0x0800326c   0x00000010   Code   RO          573    .text.crm_sysclk_switch_status_get  lto-llvm-d97ef7.o
    0x0800327c   0x0800327c   0x0000001a   Code   RO          685    .text.dma_channel_enable  lto-llvm-d97ef7.o
    0x08003296   0x08003296   0x00000002   PAD
    0x08003298   0x08003298   0x00000032   Code   RO          695    .text.dma_default_para_init  lto-llvm-d97ef7.o
    0x080032ca   0x080032ca   0x00000002   PAD
    0x080032cc   0x080032cc   0x00000030   Code   RO          693    .text.dma_flag_clear  lto-llvm-d97ef7.o
    0x080032fc   0x080032fc   0x00000054   Code   RO          691    .text.dma_flag_get  lto-llvm-d97ef7.o
    0x08003350   0x08003350   0x0000012a   Code   RO          687    .text.dma_flexible_config  lto-llvm-d97ef7.o
    0x0800347a   0x0800347a   0x00000002   PAD
    0x0800347c   0x0800347c   0x000000be   Code   RO          697    .text.dma_init      lto-llvm-d97ef7.o
    0x0800353a   0x0800353a   0x00000002   PAD
    0x0800353c   0x0800353c   0x0000003a   Code   RO          683    .text.dma_interrupt_enable  lto-llvm-d97ef7.o
    0x08003576   0x08003576   0x00000002   PAD
    0x08003578   0x08003578   0x00000054   Code   RO          689    .text.dma_interrupt_flag_get  lto-llvm-d97ef7.o
    0x080035cc   0x080035cc   0x000000a6   Code   RO          681    .text.dma_reset     lto-llvm-d97ef7.o
    0x08003672   0x08003672   0x00000002   PAD
    0x08003674   0x08003674   0x0000001c   Code   RO          739    .text.exint_default_para_init  lto-llvm-d97ef7.o
    0x08003690   0x08003690   0x00000040   Code   RO          743    .text.exint_flag_clear  lto-llvm-d97ef7.o
    0x080036d0   0x080036d0   0x000000ec   Code   RO          741    .text.exint_init    lto-llvm-d97ef7.o
    0x080037bc   0x080037bc   0x00000042   Code   RO          747    .text.exint_interrupt_enable  lto-llvm-d97ef7.o
    0x080037fe   0x080037fe   0x00000002   PAD
    0x08003800   0x08003800   0x0000004e   Code   RO          745    .text.exint_interrupt_flag_get  lto-llvm-d97ef7.o
    0x0800384e   0x0800384e   0x00000002   PAD
    0x08003850   0x08003850   0x00000068   Code   RO          699    .text.flash_bank1_operation_status_get  lto-llvm-d97ef7.o
    0x080038b8   0x080038b8   0x0000005a   Code   RO          705    .text.flash_bank1_operation_wait_for  lto-llvm-d97ef7.o
    0x08003912   0x08003912   0x00000002   PAD
    0x08003914   0x08003914   0x00000068   Code   RO          701    .text.flash_bank2_operation_status_get  lto-llvm-d97ef7.o
    0x0800397c   0x0800397c   0x0000005a   Code   RO          707    .text.flash_bank2_operation_wait_for  lto-llvm-d97ef7.o
    0x080039d6   0x080039d6   0x00000002   PAD
    0x080039d8   0x080039d8   0x00000336   Code   RO          503    .text.flash_function  lto-llvm-d97ef7.o
    0x08003d0e   0x08003d0e   0x00000002   PAD
    0x08003d10   0x08003d10   0x00000022   Code   RO          713    .text.flash_lock    lto-llvm-d97ef7.o
    0x08003d32   0x08003d32   0x00000002   PAD
    0x08003d34   0x08003d34   0x000000fe   Code   RO          715    .text.flash_sector_erase  lto-llvm-d97ef7.o
    0x08003e32   0x08003e32   0x00000002   PAD
    0x08003e34   0x08003e34   0x0000001c   Code   RO          717    .text.flash_spim_dummy_read  lto-llvm-d97ef7.o
    0x08003e50   0x08003e50   0x00000068   Code   RO          703    .text.flash_spim_operation_status_get  lto-llvm-d97ef7.o
    0x08003eb8   0x08003eb8   0x0000005a   Code   RO          709    .text.flash_spim_operation_wait_for  lto-llvm-d97ef7.o
    0x08003f12   0x08003f12   0x00000002   PAD
    0x08003f14   0x08003f14   0x0000002a   Code   RO          711    .text.flash_unlock  lto-llvm-d97ef7.o
    0x08003f3e   0x08003f3e   0x00000002   PAD
    0x08003f40   0x08003f40   0x00000030   Code   RO         1057    .text.fputc         lto-llvm-d97ef7.o
    0x08003f70   0x08003f70   0x00000020   Code   RO          515    .text.freertos_queue_create  lto-llvm-d97ef7.o
    0x08003f90   0x08003f90   0x00000116   Code   RO          485    .text.freertos_task_create  lto-llvm-d97ef7.o
    0x080040a6   0x080040a6   0x00000002   PAD
    0x080040a8   0x080040a8   0x00000078   Code   RO          887    .text.ft6336_Init   lto-llvm-d97ef7.o
    0x08004120   0x08004120   0x00000072   Code   RO          885    .text.ft6336_rd_sigleReg  lto-llvm-d97ef7.o
    0x08004192   0x08004192   0x00000002   PAD
    0x08004194   0x08004194   0x0000002a   Code   RO          889    .text.ft6336_rest   lto-llvm-d97ef7.o
    0x080041be   0x080041be   0x00000002   PAD
    0x080041c0   0x080041c0   0x0000007e   Code   RO         1111    .text.get_system_ticks  lto-llvm-d97ef7.o
    0x0800423e   0x0800423e   0x00000002   PAD
    0x08004240   0x08004240   0x00000014   Code   RO          609    .text.gpio_bits_reset  lto-llvm-d97ef7.o
    0x08004254   0x08004254   0x00000014   Code   RO          607    .text.gpio_bits_set  lto-llvm-d97ef7.o
    0x08004268   0x08004268   0x00000026   Code   RO          603    .text.gpio_default_para_init  lto-llvm-d97ef7.o
    0x0800428e   0x0800428e   0x00000002   PAD
    0x08004290   0x08004290   0x000000d8   Code   RO          613    .text.gpio_exint_line_config  lto-llvm-d97ef7.o
    0x08004368   0x08004368   0x00000144   Code   RO          601    .text.gpio_init     lto-llvm-d97ef7.o
    0x080044ac   0x080044ac   0x00000036   Code   RO          605    .text.gpio_input_data_bit_read  lto-llvm-d97ef7.o
    0x080044e2   0x080044e2   0x00000002   PAD
    0x080044e4   0x080044e4   0x0000009a   Code   RO          611    .text.gpio_pin_remap_config  lto-llvm-d97ef7.o
    0x0800457e   0x0800457e   0x00000002   PAD
    0x08004580   0x08004580   0x0000029e   Code   RO          779    .text.handle_key_events  lto-llvm-d97ef7.o
    0x0800481e   0x0800481e   0x00000002   PAD
    0x08004820   0x08004820   0x0000000a   Code   RO          897    .text.i2c_delay     lto-llvm-d97ef7.o
    0x0800482a   0x0800482a   0x00000002   PAD
    0x0800482c   0x0800482c   0x00000040   Code   RO          903    .text.i2c_no_ack    lto-llvm-d97ef7.o
    0x0800486c   0x0800486c   0x0000009a   Code   RO          909    .text.i2c_receive_byte  lto-llvm-d97ef7.o
    0x08004906   0x08004906   0x00000002   PAD
    0x08004908   0x08004908   0x000000a6   Code   RO          907    .text.i2c_send_byte  lto-llvm-d97ef7.o
    0x080049ae   0x080049ae   0x00000002   PAD
    0x080049b0   0x080049b0   0x00000044   Code   RO          899    .text.i2c_start     lto-llvm-d97ef7.o
    0x080049f4   0x080049f4   0x00000044   Code   RO          901    .text.i2c_stop      lto-llvm-d97ef7.o
    0x08004a38   0x08004a38   0x000000ba   Code   RO          905    .text.i2c_wait_ack  lto-llvm-d97ef7.o
    0x08004af2   0x08004af2   0x00000002   PAD
    0x08004af4   0x08004af4   0x00000086   Code   RO          883    .text.i2c_wr_register  lto-llvm-d97ef7.o
    0x08004b7a   0x08004b7a   0x00000002   PAD
    0x08004b7c   0x08004b7c   0x00000004   Code   RO          823    .text.iap_command_handle  lto-llvm-d97ef7.o
    0x08004b80   0x08004b80   0x00000018   Code   RO          491    .text.iap_function  lto-llvm-d97ef7.o
    0x08004b98   0x08004b98   0x0000002a   Code   RO          825    .text.iap_init      lto-llvm-d97ef7.o
    0x08004bc2   0x08004bc2   0x00000002   PAD
    0x08004bc4   0x08004bc4   0x000001e0   Code   RO          859    .text.key_event_check  lto-llvm-d97ef7.o
    0x08004da4   0x08004da4   0x00000014   Code   RO          489    .text.key_function  lto-llvm-d97ef7.o
    0x08004db8   0x08004db8   0x0000000c   Code   RO          781    .text.key_handle    lto-llvm-d97ef7.o
    0x08004dc4   0x08004dc4   0x00000026   Code   RO          851    .text.key_set_scan_interval  lto-llvm-d97ef7.o
    0x08004dea   0x08004dea   0x00000002   PAD
    0x08004dec   0x08004dec   0x00000064   Code   RO          853    .text.key_set_timing  lto-llvm-d97ef7.o
    0x08004e50   0x08004e50   0x00000048   Code   RO          857    .text.key_set_timing_simple  lto-llvm-d97ef7.o
    0x08004e98   0x08004e98   0x0000005c   Code   RO          879    .text.lcd_clear     lto-llvm-d97ef7.o
    0x08004ef4   0x08004ef4   0x0000001e   Code   RO          487    .text.lcd_function  lto-llvm-d97ef7.o
    0x08004f12   0x08004f12   0x00000002   PAD
    0x08004f14   0x08004f14   0x000001e0   Code   RO          881    .text.lcd_init      lto-llvm-d97ef7.o
    0x080050f4   0x080050f4   0x00000032   Code   RO          873    .text.lcd_read_id   lto-llvm-d97ef7.o
    0x08005126   0x08005126   0x00000002   PAD
    0x08005128   0x08005128   0x0000006c   Code   RO          875    .text.lcd_set_block  lto-llvm-d97ef7.o
    0x08005194   0x08005194   0x000000c0   Code   RO          865    .text.lcd_set_display_mode  lto-llvm-d97ef7.o
    0x08005254   0x08005254   0x0000005a   Code   RO          871    .text.lcd_update_info  lto-llvm-d97ef7.o
    0x080052ae   0x080052ae   0x00000002   PAD
    0x080052b0   0x080052b0   0x00000014   Code   RO          867    .text.lcd_wr_command  lto-llvm-d97ef7.o
    0x080052c4   0x080052c4   0x00000016   Code   RO          869    .text.lcd_wr_data   lto-llvm-d97ef7.o
    0x080052da   0x080052da   0x00000002   PAD
    0x080052dc   0x080052dc   0x0000001c   Code   RO          877    .text.lcd_write_one_point  lto-llvm-d97ef7.o
    0x080052f8   0x080052f8   0x00000014   Code   RO          497    .text.led_function  lto-llvm-d97ef7.o
    0x0800530c   0x0800530c   0x000000ac   Code   RO          419    .text.main          lto-llvm-d97ef7.o
    0x080053b8   0x080053b8   0x00000048   Code   RO          855    .text.ms_to_scan_count  lto-llvm-d97ef7.o
    0x08005400   0x08005400   0x00000036   Code   RO          749    .text.nvic_irq_enable  lto-llvm-d97ef7.o
    0x08005436   0x08005436   0x00000002   PAD
    0x08005438   0x08005438   0x00000016   Code   RO          759    .text.nvic_priority_group_config  lto-llvm-d97ef7.o
    0x0800544e   0x0800544e   0x00000002   PAD
    0x08005450   0x08005450   0x00000030   Code   RO          499    .text.pc_function   lto-llvm-d97ef7.o
    0x08005480   0x08005480   0x00000018   Code   RO         1135    .text.perfc_convert_ms_to_ticks  lto-llvm-d97ef7.o
    0x08005498   0x08005498   0x00000020   Code   RO         1137    .text.perfc_convert_ticks_to_ms  lto-llvm-d97ef7.o
    0x080054b8   0x080054b8   0x00000070   Code   RO         1129    .text.perfc_convert_ticks_to_us  lto-llvm-d97ef7.o
    0x08005528   0x08005528   0x0000005a   Code   RO         1127    .text.perfc_convert_us_to_ticks  lto-llvm-d97ef7.o
    0x08005582   0x08005582   0x00000002   PAD
    0x08005584   0x08005584   0x000000a2   Code   RO         1133    .text.perfc_delay_ms  lto-llvm-d97ef7.o
    0x08005626   0x08005626   0x00000002   PAD
    0x08005628   0x08005628   0x0000000a   Code   RO         1131    .text.perfc_delay_ms_user_code_in_loop  lto-llvm-d97ef7.o
    0x08005632   0x08005632   0x00000002   PAD
    0x08005634   0x08005634   0x000000a2   Code   RO         1125    .text.perfc_delay_us  lto-llvm-d97ef7.o
    0x080056d6   0x080056d6   0x00000002   PAD
    0x080056d8   0x080056d8   0x0000000a   Code   RO         1123    .text.perfc_delay_us_user_code_in_loop  lto-llvm-d97ef7.o
    0x080056e2   0x080056e2   0x00000002   PAD
    0x080056e4   0x080056e4   0x00000072   Code   RO         1099    .text.perfc_init    lto-llvm-d97ef7.o
    0x08005756   0x08005756   0x00000002   PAD
    0x08005758   0x08005758   0x00000010   Code   RO         1159    .text.perfc_port_clear_system_timer_ovf_pending  lto-llvm-d97ef7.o
    0x08005768   0x08005768   0x00000014   Code   RO         1117    .text.perfc_port_disable_global_interrupt  lto-llvm-d97ef7.o
    0x0800577c   0x0800577c   0x00000020   Code   RO         1157    .text.perfc_port_get_system_timer_elapsed  lto-llvm-d97ef7.o
    0x0800579c   0x0800579c   0x0000000c   Code   RO         1151    .text.perfc_port_get_system_timer_freq  lto-llvm-d97ef7.o
    0x080057a8   0x080057a8   0x0000000e   Code   RO         1155    .text.perfc_port_get_system_timer_top  lto-llvm-d97ef7.o
    0x080057b6   0x080057b6   0x00000002   PAD
    0x080057b8   0x080057b8   0x0000007c   Code   RO         1145    .text.perfc_port_init_system_timer  lto-llvm-d97ef7.o
    0x08005834   0x08005834   0x0000004e   Code   RO         1119    .text.perfc_port_insert_to_system_timer_insert_ovf_handler  lto-llvm-d97ef7.o
    0x08005882   0x08005882   0x00000002   PAD
    0x08005884   0x08005884   0x00000010   Code   RO         1153    .text.perfc_port_is_system_timer_ovf_pending  lto-llvm-d97ef7.o
    0x08005894   0x08005894   0x00000014   Code   RO         1101    .text.perfc_port_mask_systimer_interrupt  lto-llvm-d97ef7.o
    0x080058a8   0x080058a8   0x00000014   Code   RO         1147    .text.perfc_port_mask_systimer_interrupt.464  lto-llvm-d97ef7.o
    0x080058bc   0x080058bc   0x00000012   Code   RO         1121    .text.perfc_port_resume_global_interrupt  lto-llvm-d97ef7.o
    0x080058ce   0x080058ce   0x00000002   PAD
    0x080058d0   0x080058d0   0x00000012   Code   RO         1103    .text.perfc_port_resume_systimer_interrupt  lto-llvm-d97ef7.o
    0x080058e2   0x080058e2   0x00000002   PAD
    0x080058e4   0x080058e4   0x00000012   Code   RO         1149    .text.perfc_port_resume_systimer_interrupt.465  lto-llvm-d97ef7.o
    0x080058f6   0x080058f6   0x00000002   PAD
    0x080058f8   0x080058f8   0x0000006a   Code   RO          819    .text.prov_config_ap  lto-llvm-d97ef7.o
    0x08005962   0x08005962   0x00000002   PAD
    0x08005964   0x08005964   0x00000200   Code   RO          813    .text.prov_connect_to_ap  lto-llvm-d97ef7.o
    0x08005b64   0x08005b64   0x000000b0   Code   RO          805    .text.prov_create_tcp_server  lto-llvm-d97ef7.o
    0x08005c14   0x08005c14   0x00000034   Code   RO          821    .text.prov_enable_dhcp_server  lto-llvm-d97ef7.o
    0x08005c48   0x08005c48   0x00000094   Code   RO          815    .text.prov_generate_config_page  lto-llvm-d97ef7.o
    0x08005cdc   0x08005cdc   0x00000152   Code   RO          809    .text.prov_handle_http_request  lto-llvm-d97ef7.o
    0x08005e2e   0x08005e2e   0x00000002   PAD
    0x08005e30   0x08005e30   0x00000254   Code   RO          817    .text.prov_parse_post_data  lto-llvm-d97ef7.o
    0x08006084   0x08006084   0x00000232   Code   RO          803    .text.prov_scan_networks  lto-llvm-d97ef7.o
    0x080062b6   0x080062b6   0x00000002   PAD
    0x080062b8   0x080062b8   0x00000030   Code   RO          793    .text.prov_send_at_cmd  lto-llvm-d97ef7.o
    0x080062e8   0x080062e8   0x00000148   Code   RO          811    .text.prov_send_socket_response  lto-llvm-d97ef7.o
    0x08006430   0x08006430   0x00000014   Code   RO          807    .text.prov_set_socket_recv_mode  lto-llvm-d97ef7.o
    0x08006444   0x08006444   0x000001a6   Code   RO          801    .text.prov_setup_ap  lto-llvm-d97ef7.o
    0x080065ea   0x080065ea   0x00000002   PAD
    0x080065ec   0x080065ec   0x00000042   Code   RO          789    .text.prov_timer_callback  lto-llvm-d97ef7.o
    0x0800662e   0x0800662e   0x00000002   PAD
    0x08006630   0x08006630   0x000000d4   Code   RO          991    .text.prvAddCurrentTaskToDelayedList  lto-llvm-d97ef7.o
    0x08006704   0x08006704   0x00000122   Code   RO          979    .text.prvAddNewTaskToReadyList  lto-llvm-d97ef7.o
    0x08006826   0x08006826   0x00000002   PAD
    0x08006828   0x08006828   0x00000074   Code   RO         1025    .text.prvCheckForValidListAndQueue  lto-llvm-d97ef7.o
    0x0800689c   0x0800689c   0x0000005a   Code   RO         1003    .text.prvCheckTasksWaitingTermination  lto-llvm-d97ef7.o
    0x080068f6   0x080068f6   0x00000002   PAD
    0x080068f8   0x080068f8   0x00000042   Code   RO          967    .text.prvCopyDataFromQueue  lto-llvm-d97ef7.o
    0x0800693a   0x0800693a   0x00000002   PAD
    0x0800693c   0x0800693c   0x000000cc   Code   RO          955    .text.prvCopyDataToQueue  lto-llvm-d97ef7.o
    0x08006a08   0x08006a08   0x0000005e   Code   RO          985    .text.prvDeleteTCB  lto-llvm-d97ef7.o
    0x08006a66   0x08006a66   0x00000002   PAD
    0x08006a68   0x08006a68   0x00000040   Code   RO         1029    .text.prvGetNextExpireTime  lto-llvm-d97ef7.o
    0x08006aa8   0x08006aa8   0x000000ba   Code   RO         1051    .text.prvHeapInit   lto-llvm-d97ef7.o
    0x08006b62   0x08006b62   0x00000002   PAD
    0x08006b64   0x08006b64   0x00000038   Code   RO         1001    .text.prvIdleTask   lto-llvm-d97ef7.o
    0x08006b9c   0x08006b9c   0x00000048   Code   RO          949    .text.prvInitialiseNewQueue  lto-llvm-d97ef7.o
    0x08006be4   0x08006be4   0x00000120   Code   RO          977    .text.prvInitialiseNewTask  lto-llvm-d97ef7.o
    0x08006d04   0x08006d04   0x00000076   Code   RO         1047    .text.prvInitialiseNewTimer  lto-llvm-d97ef7.o
    0x08006d7a   0x08006d7a   0x00000002   PAD
    0x08006d7c   0x08006d7c   0x0000008a   Code   RO          981    .text.prvInitialiseTaskLists  lto-llvm-d97ef7.o
    0x08006e06   0x08006e06   0x00000002   PAD
    0x08006e08   0x08006e08   0x000000c6   Code   RO         1053    .text.prvInsertBlockIntoFreeList  lto-llvm-d97ef7.o
    0x08006ece   0x08006ece   0x00000002   PAD
    0x08006ed0   0x08006ed0   0x00000086   Code   RO         1037    .text.prvInsertTimerInActiveList  lto-llvm-d97ef7.o
    0x08006f56   0x08006f56   0x00000002   PAD
    0x08006f58   0x08006f58   0x00000028   Code   RO          961    .text.prvIsQueueEmpty  lto-llvm-d97ef7.o
    0x08006f80   0x08006f80   0x0000002e   Code   RO          957    .text.prvIsQueueFull  lto-llvm-d97ef7.o
    0x08006fae   0x08006fae   0x00000002   PAD
    0x08006fb0   0x08006fb0   0x00000028   Code   RO          531    .text.prvPortStartFirstTask  lto-llvm-d97ef7.o
    0x08006fd8   0x08006fd8   0x00000088   Code   RO         1043    .text.prvProcessExpiredTimer  lto-llvm-d97ef7.o
    0x08007060   0x08007060   0x00000188   Code   RO         1033    .text.prvProcessReceivedCommands  lto-llvm-d97ef7.o
    0x080071e8   0x080071e8   0x0000009a   Code   RO         1031    .text.prvProcessTimerOrBlockTask  lto-llvm-d97ef7.o
    0x08007282   0x08007282   0x00000002   PAD
    0x08007284   0x08007284   0x0000003c   Code   RO          987    .text.prvResetNextTaskUnblockTime  lto-llvm-d97ef7.o
    0x080072c0   0x080072c0   0x00000044   Code   RO         1035    .text.prvSampleTimeNow  lto-llvm-d97ef7.o
    0x08007304   0x08007304   0x000000ce   Code   RO         1041    .text.prvSwitchTimerLists  lto-llvm-d97ef7.o
    0x080073d2   0x080073d2   0x00000002   PAD
    0x080073d4   0x080073d4   0x0000004c   Code   RO          521    .text.prvTaskExitError  lto-llvm-d97ef7.o
    0x08007420   0x08007420   0x0000001e   Code   RO         1027    .text.prvTimerTask  lto-llvm-d97ef7.o
    0x0800743e   0x0800743e   0x00000002   PAD
    0x08007440   0x08007440   0x000000b2   Code   RO          959    .text.prvUnlockQueue  lto-llvm-d97ef7.o
    0x080074f2   0x080074f2   0x00000002   PAD
    0x080074f4   0x080074f4   0x0000021c   Code   RO         1049    .text.pvPortMalloc  lto-llvm-d97ef7.o
    0x08007710   0x08007710   0x0000005e   Code   RO          519    .text.pxPortInitialiseStack  lto-llvm-d97ef7.o
    0x0800776e   0x0800776e   0x00000002   PAD
    0x08007770   0x08007770   0x0000002e   Code   RO          861    .text.read_key_level  lto-llvm-d97ef7.o
    0x0800779e   0x0800779e   0x00000002   PAD
    0x080077a0   0x080077a0   0x0000003c   Code   RO         1109    .text.reinterpret_q16_f32  lto-llvm-d97ef7.o
    0x080077dc   0x080077dc   0x0000000a   Code   RO          847    .text.spi_byte_read  lto-llvm-d97ef7.o
    0x080077e6   0x080077e6   0x00000002   PAD
    0x080077e8   0x080077e8   0x00000048   Code   RO          839    .text.spi_byte_write  lto-llvm-d97ef7.o
    0x08007830   0x08007830   0x000000fa   Code   RO          849    .text.spi_bytes_read  lto-llvm-d97ef7.o
    0x0800792a   0x0800792a   0x00000002   PAD
    0x0800792c   0x0800792c   0x000000f4   Code   RO          841    .text.spi_bytes_write  lto-llvm-d97ef7.o
    0x08007a20   0x08007a20   0x0000002c   Code   RO          665    .text.spi_default_para_init  lto-llvm-d97ef7.o
    0x08007a4c   0x08007a4c   0x00000028   Code   RO          669    .text.spi_enable    lto-llvm-d97ef7.o
    0x08007a74   0x08007a74   0x00000012   Code   RO          677    .text.spi_i2s_data_receive  lto-llvm-d97ef7.o
    0x08007a86   0x08007a86   0x00000002   PAD
    0x08007a88   0x08007a88   0x00000018   Code   RO          675    .text.spi_i2s_data_transmit  lto-llvm-d97ef7.o
    0x08007aa0   0x08007aa0   0x0000001e   Code   RO          673    .text.spi_i2s_dma_receiver_enable  lto-llvm-d97ef7.o
    0x08007abe   0x08007abe   0x00000002   PAD
    0x08007ac0   0x08007ac0   0x00000026   Code   RO          671    .text.spi_i2s_dma_transmitter_enable  lto-llvm-d97ef7.o
    0x08007ae6   0x08007ae6   0x00000002   PAD
    0x08007ae8   0x08007ae8   0x00000034   Code   RO          679    .text.spi_i2s_flag_get  lto-llvm-d97ef7.o
    0x08007b1c   0x08007b1c   0x000001ba   Code   RO          667    .text.spi_init      lto-llvm-d97ef7.o
    0x08007cd6   0x08007cd6   0x00000002   PAD
    0x08007cd8   0x08007cd8   0x00000066   Code   RO          835    .text.spiflash_page_write  lto-llvm-d97ef7.o
    0x08007d3e   0x08007d3e   0x00000002   PAD
    0x08007d40   0x08007d40   0x00000050   Code   RO          829    .text.spiflash_read  lto-llvm-d97ef7.o
    0x08007d90   0x08007d90   0x00000038   Code   RO          845    .text.spiflash_read_sr1  lto-llvm-d97ef7.o
    0x08007dc8   0x08007dc8   0x00000052   Code   RO          831    .text.spiflash_sector_erase  lto-llvm-d97ef7.o
    0x08007e1a   0x08007e1a   0x00000002   PAD
    0x08007e1c   0x08007e1c   0x00000012   Code   RO          843    .text.spiflash_wait_busy  lto-llvm-d97ef7.o
    0x08007e2e   0x08007e2e   0x00000002   PAD
    0x08007e30   0x08007e30   0x00000150   Code   RO          827    .text.spiflash_write  lto-llvm-d97ef7.o
    0x08007f80   0x08007f80   0x00000022   Code   RO          837    .text.spiflash_write_enable  lto-llvm-d97ef7.o
    0x08007fa2   0x08007fa2   0x00000002   PAD
    0x08007fa4   0x08007fa4   0x00000088   Code   RO          833    .text.spiflash_write_nocheck  lto-llvm-d97ef7.o
    0x0800802c   0x0800802c   0x00000068   Code   RO         1061    .text.stdout_putchar  lto-llvm-d97ef7.o
    0x08008094   0x08008094   0x00000196   Code   RO          777    .text.system_core_clock_update  lto-llvm-d97ef7.o
    0x0800822a   0x0800822a   0x00000002   PAD
    0x0800822c   0x0800822c   0x00000030   Code   RO          581    .text.tmr_base_init  lto-llvm-d97ef7.o
    0x0800825c   0x0800825c   0x0000005a   Code   RO          589    .text.tmr_channel_value_set  lto-llvm-d97ef7.o
    0x080082b6   0x080082b6   0x00000002   PAD
    0x080082b8   0x080082b8   0x0000002c   Code   RO          583    .text.tmr_clock_source_div_set  lto-llvm-d97ef7.o
    0x080082e4   0x080082e4   0x0000002c   Code   RO          585    .text.tmr_cnt_dir_set  lto-llvm-d97ef7.o
    0x08008310   0x08008310   0x00000024   Code   RO          579    .text.tmr_counter_enable  lto-llvm-d97ef7.o
    0x08008334   0x08008334   0x00000098   Code   RO          593    .text.tmr_output_channel_buffer_enable  lto-llvm-d97ef7.o
    0x080083cc   0x080083cc   0x00000222   Code   RO          587    .text.tmr_output_channel_config  lto-llvm-d97ef7.o
    0x080085ee   0x080085ee   0x00000002   PAD
    0x080085f0   0x080085f0   0x00000098   Code   RO          595    .text.tmr_output_channel_immediately_set  lto-llvm-d97ef7.o
    0x08008688   0x08008688   0x0000002c   Code   RO          591    .text.tmr_period_buffer_enable  lto-llvm-d97ef7.o
    0x080086b4   0x080086b4   0x0000002c   Code   RO          597    .text.tmr_primary_mode_select  lto-llvm-d97ef7.o
    0x080086e0   0x080086e0   0x0000002c   Code   RO          599    .text.tmr_sub_sync_mode_set  lto-llvm-d97ef7.o
    0x0800870c   0x0800870c   0x00000010   Code   RO          891    .text.touch_delay_us  lto-llvm-d97ef7.o
    0x0800871c   0x0800871c   0x00000064   Code   RO          919    .text.uart4_send_bytes  lto-llvm-d97ef7.o
    0x08008780   0x08008780   0x00000144   Code   RO         1105    .text.update_perf_counter  lto-llvm-d97ef7.o
    0x080088c4   0x080088c4   0x00000032   Code   RO          511    .text.usart1_send_char  lto-llvm-d97ef7.o
    0x080088f6   0x080088f6   0x00000002   PAD
    0x080088f8   0x080088f8   0x00000070   Code   RO          509    .text.usart1_send_hex32  lto-llvm-d97ef7.o
    0x08008968   0x08008968   0x00000022   Code   RO          505    .text.usart1_send_string  lto-llvm-d97ef7.o
    0x0800898a   0x0800898a   0x00000002   PAD
    0x0800898c   0x0800898c   0x0000006c   Code   RO          507    .text.usart1_send_uint32  lto-llvm-d97ef7.o
    0x080089f8   0x080089f8   0x0000000e   Code   RO          629    .text.usart_data_receive  lto-llvm-d97ef7.o
    0x08008a06   0x08008a06   0x00000002   PAD
    0x08008a08   0x08008a08   0x00000018   Code   RO          627    .text.usart_data_transmit  lto-llvm-d97ef7.o
    0x08008a20   0x08008a20   0x00000024   Code   RO          619    .text.usart_enable  lto-llvm-d97ef7.o
    0x08008a44   0x08008a44   0x00000030   Code   RO          637    .text.usart_flag_clear  lto-llvm-d97ef7.o
    0x08008a74   0x08008a74   0x0000002a   Code   RO          633    .text.usart_flag_get  lto-llvm-d97ef7.o
    0x08008a9e   0x08008a9e   0x00000002   PAD
    0x08008aa0   0x08008aa0   0x00000092   Code   RO          631    .text.usart_hardware_flow_control_set  lto-llvm-d97ef7.o
    0x08008b32   0x08008b32   0x00000002   PAD
    0x08008b34   0x08008b34   0x00000104   Code   RO          615    .text.usart_init    lto-llvm-d97ef7.o
    0x08008c38   0x08008c38   0x00000052   Code   RO          625    .text.usart_interrupt_enable  lto-llvm-d97ef7.o
    0x08008c8a   0x08008c8a   0x00000002   PAD
    0x08008c8c   0x08008c8c   0x00000120   Code   RO          635    .text.usart_interrupt_flag_get  lto-llvm-d97ef7.o
    0x08008dac   0x08008dac   0x00000070   Code   RO          617    .text.usart_parity_selection_config  lto-llvm-d97ef7.o
    0x08008e1c   0x08008e1c   0x00000024   Code   RO          623    .text.usart_receiver_enable  lto-llvm-d97ef7.o
    0x08008e40   0x08008e40   0x00000024   Code   RO          621    .text.usart_transmitter_enable  lto-llvm-d97ef7.o
    0x08008e64   0x08008e64   0x00000008   Code   RO          911    .text.usr_touchInit  lto-llvm-d97ef7.o
    0x08008e6c   0x08008e6c   0x00000048   Code   RO          943    .text.uxListRemove  lto-llvm-d97ef7.o
    0x08008eb4   0x08008eb4   0x0000002a   Code   RO          481    .text.vApplicationGetIdleTaskMemory  lto-llvm-d97ef7.o
    0x08008ede   0x08008ede   0x00000002   PAD
    0x08008ee0   0x08008ee0   0x0000002c   Code   RO          483    .text.vApplicationGetTimerTaskMemory  lto-llvm-d97ef7.o
    0x08008f0c   0x08008f0c   0x0000002e   Code   RO          935    .text.vListInitialise  lto-llvm-d97ef7.o
    0x08008f3a   0x08008f3a   0x00000002   PAD
    0x08008f3c   0x08008f3c   0x0000000e   Code   RO          937    .text.vListInitialiseItem  lto-llvm-d97ef7.o
    0x08008f4a   0x08008f4a   0x00000002   PAD
    0x08008f4c   0x08008f4c   0x0000006a   Code   RO          941    .text.vListInsert   lto-llvm-d97ef7.o
    0x08008fb6   0x08008fb6   0x00000002   PAD
    0x08008fb8   0x08008fb8   0x0000003a   Code   RO          939    .text.vListInsertEnd  lto-llvm-d97ef7.o
    0x08008ff2   0x08008ff2   0x00000002   PAD
    0x08008ff4   0x08008ff4   0x00000014   Code   RO          529    .text.vPortEnableVFP  lto-llvm-d97ef7.o
    0x08009008   0x08009008   0x00000056   Code   RO          533    .text.vPortEnterCritical  lto-llvm-d97ef7.o
    0x0800905e   0x0800905e   0x00000002   PAD
    0x08009060   0x08009060   0x0000004a   Code   RO          535    .text.vPortExitCritical  lto-llvm-d97ef7.o
    0x080090aa   0x080090aa   0x00000002   PAD
    0x080090ac   0x080090ac   0x000000e6   Code   RO         1055    .text.vPortFree     lto-llvm-d97ef7.o
    0x08009192   0x08009192   0x00000002   PAD
    0x08009194   0x08009194   0x00000044   Code   RO          527    .text.vPortSetupTimerInterrupt  lto-llvm-d97ef7.o
    0x080091d8   0x080091d8   0x00000084   Code   RO          541    .text.vPortValidateInterruptPriority  lto-llvm-d97ef7.o
    0x0800925c   0x0800925c   0x0000005c   Code   RO          969    .text.vQueueAddToRegistry  lto-llvm-d97ef7.o
    0x080092b8   0x080092b8   0x00000064   Code   RO          971    .text.vQueueWaitForMessageRestricted  lto-llvm-d97ef7.o
    0x0800931c   0x0800931c   0x0000006e   Code   RO          997    .text.vTaskDelay    lto-llvm-d97ef7.o
    0x0800938a   0x0800938a   0x00000002   PAD
    0x0800938c   0x0800938c   0x00000024   Code   RO         1013    .text.vTaskInternalSetTimeOutState  lto-llvm-d97ef7.o
    0x080093b0   0x080093b0   0x0000000e   Code   RO         1017    .text.vTaskMissedYield  lto-llvm-d97ef7.o
    0x080093be   0x080093be   0x00000002   PAD
    0x080093c0   0x080093c0   0x00000042   Code   RO         1007    .text.vTaskPlaceOnEventList  lto-llvm-d97ef7.o
    0x08009402   0x08009402   0x00000002   PAD
    0x08009404   0x08009404   0x00000052   Code   RO         1009    .text.vTaskPlaceOnEventListRestricted  lto-llvm-d97ef7.o
    0x08009456   0x08009456   0x00000002   PAD
    0x08009458   0x08009458   0x000000da   Code   RO          999    .text.vTaskStartScheduler  lto-llvm-d97ef7.o
    0x08009532   0x08009532   0x00000002   PAD
    0x08009534   0x08009534   0x00000010   Code   RO          989    .text.vTaskSuspendAll  lto-llvm-d97ef7.o
    0x08009544   0x08009544   0x000000c6   Code   RO          973    .text.vTaskSwitchContext  lto-llvm-d97ef7.o
    0x0800960a   0x0800960a   0x00000002   PAD
    0x0800960c   0x0800960c   0x00000010   Code   RO          731    .text.wdt_counter_reload  lto-llvm-d97ef7.o
    0x0800961c   0x0800961c   0x00000020   Code   RO          735    .text.wdt_divider_set  lto-llvm-d97ef7.o
    0x0800963c   0x0800963c   0x00000014   Code   RO          495    .text.wdt_function  lto-llvm-d97ef7.o
    0x08009650   0x08009650   0x00000032   Code   RO          737    .text.wdt_register_write_enable  lto-llvm-d97ef7.o
    0x08009682   0x08009682   0x00000002   PAD
    0x08009684   0x08009684   0x0000001c   Code   RO          733    .text.wdt_reload_value_set  lto-llvm-d97ef7.o
    0x080096a0   0x080096a0   0x000000a0   Code   RO          501    .text.wifi_function  lto-llvm-d97ef7.o
    0x08009740   0x08009740   0x000000c6   Code   RO          785    .text.wifi_handle_init  lto-llvm-d97ef7.o
    0x08009806   0x08009806   0x00000002   PAD
    0x08009808   0x08009808   0x00000040   Code   RO          797    .text.wifi_provision_get_result  lto-llvm-d97ef7.o
    0x08009848   0x08009848   0x0000000c   Code   RO          795    .text.wifi_provision_get_state  lto-llvm-d97ef7.o
    0x08009854   0x08009854   0x0000048c   Code   RO          799    .text.wifi_provision_process  lto-llvm-d97ef7.o
    0x08009ce0   0x08009ce0   0x00000116   Code   RO          787    .text.wifi_provision_start  lto-llvm-d97ef7.o
    0x08009df6   0x08009df6   0x00000002   PAD
    0x08009df8   0x08009df8   0x00000058   Code   RO          791    .text.wifi_provision_stop  lto-llvm-d97ef7.o
    0x08009e50   0x08009e50   0x0000007e   Code   RO          921    .text.wifi_recv_raw  lto-llvm-d97ef7.o
    0x08009ece   0x08009ece   0x00000002   PAD
    0x08009ed0   0x08009ed0   0x0000015e   Code   RO          925    .text.wifi_send_at_cmd  lto-llvm-d97ef7.o
    0x0800a02e   0x0800a02e   0x00000002   PAD
    0x0800a030   0x0800a030   0x00000022   Code   RO          917    .text.wifi_send_raw  lto-llvm-d97ef7.o
    0x0800a052   0x0800a052   0x00000002   PAD
    0x0800a054   0x0800a054   0x00000026   Code   RO          923    .text.wifi_uart_clear_rx  lto-llvm-d97ef7.o
    0x0800a07a   0x0800a07a   0x00000002   PAD
    0x0800a07c   0x0800a07c   0x00000024   Code   RO          913    .text.wifi_uart_init  lto-llvm-d97ef7.o
    0x0800a0a0   0x0800a0a0   0x00000052   Code   RO          915    .text.wifi_uart_rx_isr  lto-llvm-d97ef7.o
    0x0800a0f2   0x0800a0f2   0x00000002   PAD
    0x0800a0f4   0x0800a0f4   0x0000006a   Code   RO          469    .text.wk_adc1_init  lto-llvm-d97ef7.o
    0x0800a15e   0x0800a15e   0x00000002   PAD
    0x0800a160   0x0800a160   0x0000001c   Code   RO          455    .text.wk_crc_init   lto-llvm-d97ef7.o
    0x0800a17c   0x0800a17c   0x00000010   Code   RO          465    .text.wk_debug_config  lto-llvm-d97ef7.o
    0x0800a18c   0x0800a18c   0x0000004c   Code   RO          457    .text.wk_dma1_channel1_init  lto-llvm-d97ef7.o
    0x0800a1d8   0x0800a1d8   0x0000004c   Code   RO          459    .text.wk_dma1_channel2_init  lto-llvm-d97ef7.o
    0x0800a224   0x0800a224   0x0000004e   Code   RO          461    .text.wk_dma1_channel3_init  lto-llvm-d97ef7.o
    0x0800a272   0x0800a272   0x00000002   PAD
    0x0800a274   0x0800a274   0x00000026   Code   RO          463    .text.wk_dma_channel_config  lto-llvm-d97ef7.o
    0x0800a29a   0x0800a29a   0x00000002   PAD
    0x0800a29c   0x0800a29c   0x00000056   Code   RO          471    .text.wk_exint_config  lto-llvm-d97ef7.o
    0x0800a2f2   0x0800a2f2   0x00000002   PAD
    0x0800a2f4   0x0800a2f4   0x00000018   Code   RO          517    .text.wk_freertos_init  lto-llvm-d97ef7.o
    0x0800a30c   0x0800a30c   0x00000182   Code   RO          467    .text.wk_gpio_config  lto-llvm-d97ef7.o
    0x0800a48e   0x0800a48e   0x00000002   PAD
    0x0800a490   0x0800a490   0x000000ac   Code   RO          425    .text.wk_nvic_config  lto-llvm-d97ef7.o
    0x0800a53c   0x0800a53c   0x00000082   Code   RO          423    .text.wk_periph_clock_config  lto-llvm-d97ef7.o
    0x0800a5be   0x0800a5be   0x00000002   PAD
    0x0800a5c0   0x0800a5c0   0x000000ce   Code   RO          473    .text.wk_spi4_init  lto-llvm-d97ef7.o
    0x0800a68e   0x0800a68e   0x00000002   PAD
    0x0800a690   0x0800a690   0x00000092   Code   RO          421    .text.wk_system_clock_config  lto-llvm-d97ef7.o
    0x0800a722   0x0800a722   0x00000002   PAD
    0x0800a724   0x0800a724   0x00000096   Code   RO          547    .text.wk_tmr3_init  lto-llvm-d97ef7.o
    0x0800a7ba   0x0800a7ba   0x00000002   PAD
    0x0800a7bc   0x0800a7bc   0x000000a4   Code   RO          545    .text.wk_uart4_init  lto-llvm-d97ef7.o
    0x0800a860   0x0800a860   0x00000094   Code   RO          543    .text.wk_usart1_init  lto-llvm-d97ef7.o
    0x0800a8f4   0x0800a8f4   0x00000014   Code   RO          475    .text.wk_wdt_init   lto-llvm-d97ef7.o
    0x0800a908   0x0800a908   0x00000084   Code   RO          479    .text.wk_xmc_bank1_nor_sram4_init  lto-llvm-d97ef7.o
    0x0800a98c   0x0800a98c   0x000001aa   Code   RO          477    .text.wk_xmc_gpio_init  lto-llvm-d97ef7.o
    0x0800ab36   0x0800ab36   0x00000002   PAD
    0x0800ab38   0x0800ab38   0x00000152   Code   RO          525    .text.xPortStartScheduler  lto-llvm-d97ef7.o
    0x0800ac8a   0x0800ac8a   0x00000002   PAD
    0x0800ac8c   0x0800ac8c   0x0000003c   Code   RO          539    .text.xPortSysTickHandler  lto-llvm-d97ef7.o
    0x0800acc8   0x0800acc8   0x000000d4   Code   RO          951    .text.xQueueGenericCreate  lto-llvm-d97ef7.o
    0x0800ad9c   0x0800ad9c   0x00000110   Code   RO          947    .text.xQueueGenericCreateStatic  lto-llvm-d97ef7.o
    0x0800aeac   0x0800aeac   0x000000b8   Code   RO          945    .text.xQueueGenericReset  lto-llvm-d97ef7.o
    0x0800af64   0x0800af64   0x00000218   Code   RO          953    .text.xQueueGenericSend  lto-llvm-d97ef7.o
    0x0800b17c   0x0800b17c   0x00000162   Code   RO          963    .text.xQueueGenericSendFromISR  lto-llvm-d97ef7.o
    0x0800b2de   0x0800b2de   0x00000002   PAD
    0x0800b2e0   0x0800b2e0   0x000001ce   Code   RO          965    .text.xQueueReceive  lto-llvm-d97ef7.o
    0x0800b4ae   0x0800b4ae   0x00000002   PAD
    0x0800b4b0   0x0800b4b0   0x000000d2   Code   RO         1015    .text.xTaskCheckForTimeOut  lto-llvm-d97ef7.o
    0x0800b582   0x0800b582   0x00000002   PAD
    0x0800b584   0x0800b584   0x00000094   Code   RO          983    .text.xTaskCreate   lto-llvm-d97ef7.o
    0x0800b618   0x0800b618   0x000000ca   Code   RO          975    .text.xTaskCreateStatic  lto-llvm-d97ef7.o
    0x0800b6e2   0x0800b6e2   0x00000002   PAD
    0x0800b6e4   0x0800b6e4   0x00000038   Code   RO         1019    .text.xTaskGetSchedulerState  lto-llvm-d97ef7.o
    0x0800b71c   0x0800b71c   0x00000014   Code   RO         1005    .text.xTaskGetTickCount  lto-llvm-d97ef7.o
    0x0800b730   0x0800b730   0x000001c4   Code   RO          995    .text.xTaskIncrementTick  lto-llvm-d97ef7.o
    0x0800b8f4   0x0800b8f4   0x000000ec   Code   RO         1021    .text.xTaskPriorityDisinherit  lto-llvm-d97ef7.o
    0x0800b9e0   0x0800b9e0   0x000000ce   Code   RO         1011    .text.xTaskRemoveFromEventList  lto-llvm-d97ef7.o
    0x0800baae   0x0800baae   0x00000002   PAD
    0x0800bab0   0x0800bab0   0x00000186   Code   RO          993    .text.xTaskResumeAll  lto-llvm-d97ef7.o
    0x0800bc36   0x0800bc36   0x00000002   PAD
    0x0800bc38   0x0800bc38   0x0000005a   Code   RO         1045    .text.xTimerCreate  lto-llvm-d97ef7.o
    0x0800bc92   0x0800bc92   0x00000002   PAD
    0x0800bc94   0x0800bc94   0x00000086   Code   RO         1023    .text.xTimerCreateTimerTask  lto-llvm-d97ef7.o
    0x0800bd1a   0x0800bd1a   0x00000002   PAD
    0x0800bd1c   0x0800bd1c   0x000000a8   Code   RO         1039    .text.xTimerGenericCommand  lto-llvm-d97ef7.o
    0x0800bdc4   0x0800bdc4   0x0000004a   Code   RO          773    .text.xmc_ext_timing_config  lto-llvm-d97ef7.o
    0x0800be0e   0x0800be0e   0x00000002   PAD
    0x0800be10   0x0800be10   0x0000002a   Code   RO          771    .text.xmc_nor_sram_enable  lto-llvm-d97ef7.o
    0x0800be3a   0x0800be3a   0x00000002   PAD
    0x0800be3c   0x0800be3c   0x00000064   Code   RO          763    .text.xmc_nor_sram_init  lto-llvm-d97ef7.o
    0x0800bea0   0x0800bea0   0x00000094   Code   RO          765    .text.xmc_nor_sram_timing_config  lto-llvm-d97ef7.o
    0x0800bf34   0x0800bf34   0x00000048   Code   RO          767    .text.xmc_norsram_default_para_init  lto-llvm-d97ef7.o
    0x0800bf7c   0x0800bf7c   0x00000058   Code   RO          769    .text.xmc_norsram_timing_default_para_init  lto-llvm-d97ef7.o
    0x0800bfd4   0x0800bfd4   0x00000020   Code   RO          202    i.__0printf         mc_w.l(printfa.o)
    0x0800bff4   0x0800bff4   0x00000034   Code   RO          203    i.__0snprintf       mc_w.l(printfa.o)
    0x0800c028   0x0800c028   0x00000008   Code   RO          339    i.__aeabi_errno_addr  mc_w.l(errno.o)
    0x0800c030   0x0800c030   0x0000000e   Code   RO         1292    i.__scatterload_copy  mc_w.l(handlers.o)
    0x0800c03e   0x0800c03e   0x00000002   Code   RO         1293    i.__scatterload_null  mc_w.l(handlers.o)
    0x0800c040   0x0800c040   0x0000000e   Code   RO         1294    i.__scatterload_zeroinit  mc_w.l(handlers.o)
    0x0800c04e   0x0800c04e   0x00000002   PAD
    0x0800c050   0x0800c050   0x00000184   Code   RO          209    i._fp_digits        mc_w.l(printfa.o)
    0x0800c1d4   0x0800c1d4   0x0000000e   Code   RO          354    i._is_digit         mc_w.l(scanf_fp.o)
    0x0800c1e2   0x0800c1e2   0x00000002   PAD
    0x0800c1e4   0x0800c1e4   0x000006dc   Code   RO          210    i._printf_core      mc_w.l(printfa.o)
    0x0800c8c0   0x0800c8c0   0x00000024   Code   RO          211    i._printf_post_padding  mc_w.l(printfa.o)
    0x0800c8e4   0x0800c8e4   0x0000002e   Code   RO          212    i._printf_pre_padding  mc_w.l(printfa.o)
    0x0800c912   0x0800c912   0x00000016   Code   RO          213    i._snputc           mc_w.l(printfa.o)
    0x0800c928   0x0800c928   0x00000081   Data   RO          312    .constdata          mc_w.l(ctype_o.o)
    0x0800c9a9   0x0800c9a9   0x00000003   PAD
    0x0800c9ac   0x0800c9ac   0x00000004   Data   RO          313    .constdata          mc_w.l(ctype_o.o)
    0x0800c9b0   0x0800c9b0   0x00000018   Data   RO         1262    .rodata.EventRecorderInfo  lto-llvm-d97ef7.o
    0x0800c9c8   0x0800c9c8   0x00000010   Data   RO         1190    .rodata.cst16       lto-llvm-d97ef7.o
    0x0800c9d8   0x0800c9d8   0x00000010   Data   RO         1189    .rodata.cst8        lto-llvm-d97ef7.o
    0x0800c9e8   0x0800c9e8   0x00000024   Data   RO         1200    .rodata.keys        lto-llvm-d97ef7.o
    0x0800ca0c   0x0800ca0c   0x00000e0d   Data   RO         1168    .rodata.str1.1      lto-llvm-d97ef7.o
    0x0800d819   0x0800d819   0x00000003   PAD
    0x0800d81c   0x0800d81c   0x00000004   Data   RO         1221    .rodata.uxTopUsedPriority  lto-llvm-d97ef7.o
    0x0800d820   0x0800d820   0x00000020   Data   RO         1291    Region$$Table       anon$$obj.o
    0x0800d840   0x0800d840   0x00000004   Data   RO         1263    .init_array         lto-llvm-d97ef7.o
    0x0800d844   0x0800d840   0x00000000   Data   RO         1282    .init_array         mc_w.l(cpp_init.o)


    Execution Region RW_IRAM1 (Exec base: 0x20000000, Load base: 0x0800d880, Size: 0x0000c9e8, Max: 0x00038000, ABSOLUTE)

    Exec Addr    Load Addr    Size         Type   Attr      Idx    E Section Name        Object

    0x20000000   0x0800d880   0x00000004   Data   RW          179    .data               mc_w.l(stdout.o)
    0x20000004   0x0800d884   0x00000004   Data   RW          196    .data               mc_w.l(strtok.o)
    0x20000008   0x0800d888   0x00000004   Data   RW          342    .data               mc_w.l(errno.o)
    0x2000000c   0x0800d88c   0x00000004   Data   RW         1266    .data.SystemCoreClock  lto-llvm-d97ef7.o
    0x20000010   0x0800d890   0x00000008   Data   RW         1217    .data.g_lcd_info    lto-llvm-d97ef7.o
    0x20000018   0x0800d898   0x00000002   Data   RW         1215    .data.g_scan_interval_ms  lto-llvm-d97ef7.o
    0x2000001a   0x0800d89a   0x00000002   PAD
    0x2000001c   0x0800d89c   0x00000014   Data   RW         1191    .data.key1          lto-llvm-d97ef7.o
    0x20000030   0x0800d8b0   0x00000014   Data   RW         1192    .data.key2          lto-llvm-d97ef7.o
    0x20000044   0x0800d8c4   0x00000014   Data   RW         1193    .data.key3          lto-llvm-d97ef7.o
    0x20000058   0x0800d8d8   0x00000014   Data   RW         1194    .data.key4          lto-llvm-d97ef7.o
    0x2000006c   0x0800d8ec   0x00000014   Data   RW         1195    .data.key5          lto-llvm-d97ef7.o
    0x20000080   0x0800d900   0x00000014   Data   RW         1196    .data.key6          lto-llvm-d97ef7.o
    0x20000094   0x0800d914   0x00000014   Data   RW         1197    .data.key7          lto-llvm-d97ef7.o
    0x200000a8   0x0800d928   0x00000014   Data   RW         1198    .data.key8          lto-llvm-d97ef7.o
    0x200000bc   0x0800d93c   0x00000014   Data   RW         1199    .data.key9          lto-llvm-d97ef7.o
    0x200000d0   0x0800d950   0x00000001   Data   RW         1216    .data.lcd_dma_transfer_complete  lto-llvm-d97ef7.o
    0x200000d1   0x0800d951   0x00000003   PAD
    0x200000d4   0x0800d954   0x00000004   Data   RW         1188    .data.uxCriticalNesting  lto-llvm-d97ef7.o
    0x200000d8   0x0800d958   0x00000028   PAD
    0x20000100        -       0x00000020   Zero   RW         1265    .bss.PERFC          lto-llvm-d97ef7.o
    0x20000120        -       0x00000004   Zero   RW         1172    .bss.beep_task_handle  lto-llvm-d97ef7.o
    0x20000124        -       0x00000002   Zero   RW         1182    .bss.breath_led.brightness  lto-llvm-d97ef7.o
    0x20000126        -       0x00000002   Zero   RW         1185    .bss.breath_led.compare_value  lto-llvm-d97ef7.o
    0x20000128        -       0x00000004   Zero   RW         1181    .bss.breath_led.counter  lto-llvm-d97ef7.o
    0x2000012c        -       0x00000001   Zero   RW         1183    .bss.breath_led.direction  lto-llvm-d97ef7.o
    0x2000012d        -       0x00000001   Zero   RW         1184    .bss.breath_led.pwm_counter  lto-llvm-d97ef7.o
    0x2000012e   0x0800d958   0x00000002   PAD
    0x20000130        -       0x00000004   Zero   RW         1177    .bss.flash_task_handle  lto-llvm-d97ef7.o
    0x20000134        -       0x00000004   Zero   RW         1264    .bss.g_nOffset      lto-llvm-d97ef7.o
    0x20000138        -       0x00000001   Zero   RW         1201    .bss.handle_key_events.first_in  lto-llvm-d97ef7.o
    0x20000139        -       0x00000001   Zero   RW         1208    .bss.http_server_ready  lto-llvm-d97ef7.o
    0x2000013a   0x0800d958   0x00000002   PAD
    0x2000013c        -       0x00000004   Zero   RW         1171    .bss.iap_task_handle  lto-llvm-d97ef7.o
    0x20000140        -       0x00000200   Zero   RW         1165    .bss.idle_task_stack  lto-llvm-d97ef7.o
    0x20000340        -       0x0000005c   Zero   RW         1164    .bss.idle_task_tcb  lto-llvm-d97ef7.o
    0x2000039c        -       0x00000009   Zero   RW         1202    .bss.key_event      lto-llvm-d97ef7.o
    0x200003a5   0x0800d958   0x00000003   PAD
    0x200003a8        -       0x00000004   Zero   RW         1170    .bss.key_task_handle  lto-llvm-d97ef7.o
    0x200003ac        -       0x00000004   Zero   RW         1169    .bss.lcd_task_handle  lto-llvm-d97ef7.o
    0x200003b0        -       0x00000004   Zero   RW         1174    .bss.led_task_handle  lto-llvm-d97ef7.o
    0x200003b4   0x0800d958   0x0000000c   PAD
    0x200003c0        -       0x000004a4   Zero   RW         1261    .bss.noinit         lto-llvm-d97ef7.o
    0x20000864        -       0x00000004   Zero   RW         1175    .bss.pc_task_handle  lto-llvm-d97ef7.o
    0x20000868        -       0x00000041   Zero   RW         1205    .bss.prov_ap_password  lto-llvm-d97ef7.o
    0x200008a9        -       0x00000021   Zero   RW         1204    .bss.prov_ap_ssid   lto-llvm-d97ef7.o
    0x200008ca        -       0x00000073   Zero   RW         1206    .bss.prov_result    lto-llvm-d97ef7.o
    0x2000093d        -       0x00000001   Zero   RW         1203    .bss.prov_state     lto-llvm-d97ef7.o
    0x2000093e   0x0800d958   0x00000002   PAD
    0x20000940        -       0x00000004   Zero   RW         1210    .bss.prov_timer     lto-llvm-d97ef7.o
    0x20000944        -       0x000000a0   Zero   RW         1250    .bss.prvCheckForValidListAndQueue.ucStaticTimerQueueStorage  lto-llvm-d97ef7.o
    0x200009e4        -       0x00000050   Zero   RW         1249    .bss.prvCheckForValidListAndQueue.xStaticTimerQueue  lto-llvm-d97ef7.o
    0x20000a34        -       0x00000004   Zero   RW         1246    .bss.prvSampleTimeNow.xLastTime  lto-llvm-d97ef7.o
    0x20000a38        -       0x00000004   Zero   RW         1220    .bss.pxCurrentTCB   lto-llvm-d97ef7.o
    0x20000a3c        -       0x00000004   Zero   RW         1244    .bss.pxCurrentTimerList  lto-llvm-d97ef7.o
    0x20000a40        -       0x00000004   Zero   RW         1229    .bss.pxDelayedTaskList  lto-llvm-d97ef7.o
    0x20000a44        -       0x00000004   Zero   RW         1251    .bss.pxEnd          lto-llvm-d97ef7.o
    0x20000a48        -       0x00000004   Zero   RW         1230    .bss.pxOverflowDelayedTaskList  lto-llvm-d97ef7.o
    0x20000a4c        -       0x00000004   Zero   RW         1245    .bss.pxOverflowTimerList  lto-llvm-d97ef7.o
    0x20000a50        -       0x00000140   Zero   RW         1232    .bss.pxReadyTasksLists  lto-llvm-d97ef7.o
    0x20000b90        -       0x00000004   Zero   RW         1207    .bss.scanned_ap_count  lto-llvm-d97ef7.o
    0x20000b94        -       0x000002a8   Zero   RW         1213    .bss.scanned_aps    lto-llvm-d97ef7.o
    0x20000e3c        -       0x00000002   Zero   RW         1209    .bss.server_conid   lto-llvm-d97ef7.o
    0x20000e3e        -       0x00001000   Zero   RW         1214    .bss.spiflash_sector_buf  lto-llvm-d97ef7.o
    0x20001e3e        -       0x00000008   Zero   RW         1260    .bss.stdout_putchar.buffer  lto-llvm-d97ef7.o
    0x20001e46   0x0800d958   0x00000002   PAD
    0x20001e48        -       0x00000004   Zero   RW         1259    .bss.stdout_putchar.index  lto-llvm-d97ef7.o
    0x20001e4c        -       0x00000400   Zero   RW         1167    .bss.timer_task_stack  lto-llvm-d97ef7.o
    0x2000224c        -       0x0000005c   Zero   RW         1166    .bss.timer_task_tcb  lto-llvm-d97ef7.o
    0x200022a8        -       0x00000004   Zero   RW         1218    .bss.uart4_queue_handle  lto-llvm-d97ef7.o
    0x200022ac        -       0x0000a000   Zero   RW         1258    .bss.ucHeap         lto-llvm-d97ef7.o
    0x2000c2ac        -       0x00000001   Zero   RW         1186    .bss.ucMaxSysCallPriority  lto-llvm-d97ef7.o
    0x2000c2ad   0x0800d958   0x00000003   PAD
    0x2000c2b0        -       0x00000004   Zero   RW         1187    .bss.ulMaxPRIGROUPValue  lto-llvm-d97ef7.o
    0x2000c2b4        -       0x00000004   Zero   RW         1178    .bss.usart1_queue_handle  lto-llvm-d97ef7.o
    0x2000c2b8        -       0x00000004   Zero   RW         1225    .bss.uxCurrentNumberOfTasks  lto-llvm-d97ef7.o
    0x2000c2bc        -       0x00000004   Zero   RW         1224    .bss.uxDeletedTasksWaitingCleanUp  lto-llvm-d97ef7.o
    0x2000c2c0        -       0x00000004   Zero   RW         1227    .bss.uxSchedulerSuspended  lto-llvm-d97ef7.o
    0x2000c2c4        -       0x00000004   Zero   RW         1222    .bss.uxTaskNumber   lto-llvm-d97ef7.o
    0x2000c2c8        -       0x00000004   Zero   RW         1233    .bss.uxTopReadyPriority  lto-llvm-d97ef7.o
    0x2000c2cc        -       0x00000004   Zero   RW         1173    .bss.wdt_task_handle  lto-llvm-d97ef7.o
    0x2000c2d0        -       0x00000001   Zero   RW         1212    .bss.wifi_provision_process.need_scan  lto-llvm-d97ef7.o
    0x2000c2d1        -       0x00000200   Zero   RW         1211    .bss.wifi_provision_process.recv_buf  lto-llvm-d97ef7.o
    0x2000c4d1   0x0800d958   0x00000003   PAD
    0x2000c4d4        -       0x00000004   Zero   RW         1176    .bss.wifi_task_handle  lto-llvm-d97ef7.o
    0x2000c4d8        -       0x00000014   Zero   RW         1247    .bss.xActiveTimerList1  lto-llvm-d97ef7.o
    0x2000c4ec        -       0x00000014   Zero   RW         1248    .bss.xActiveTimerList2  lto-llvm-d97ef7.o
    0x2000c500        -       0x00000001   Zero   RW         1252    .bss.xBlockAllocatedBit  lto-llvm-d97ef7.o
    0x2000c501   0x0800d958   0x00000003   PAD
    0x2000c504        -       0x00000014   Zero   RW         1240    .bss.xDelayedTaskList1  lto-llvm-d97ef7.o
    0x2000c518        -       0x00000014   Zero   RW         1241    .bss.xDelayedTaskList2  lto-llvm-d97ef7.o
    0x2000c52c        -       0x00000004   Zero   RW         1253    .bss.xFreeBytesRemaining  lto-llvm-d97ef7.o
    0x2000c530        -       0x00000004   Zero   RW         1236    .bss.xIdleTaskHandle  lto-llvm-d97ef7.o
    0x2000c534        -       0x00000004   Zero   RW         1255    .bss.xMinimumEverFreeBytesRemaining  lto-llvm-d97ef7.o
    0x2000c538        -       0x00000004   Zero   RW         1237    .bss.xNextTaskUnblockTime  lto-llvm-d97ef7.o
    0x2000c53c        -       0x00000004   Zero   RW         1239    .bss.xNumOfOverflows  lto-llvm-d97ef7.o
    0x2000c540        -       0x00000004   Zero   RW         1256    .bss.xNumberOfSuccessfulAllocations  lto-llvm-d97ef7.o
    0x2000c544        -       0x00000004   Zero   RW         1257    .bss.xNumberOfSuccessfulFrees  lto-llvm-d97ef7.o
    0x2000c548        -       0x00000004   Zero   RW         1238    .bss.xPendedTicks   lto-llvm-d97ef7.o
    0x2000c54c        -       0x00000014   Zero   RW         1235    .bss.xPendingReadyList  lto-llvm-d97ef7.o
    0x2000c560        -       0x00000040   Zero   RW         1219    .bss.xQueueRegistry  lto-llvm-d97ef7.o
    0x2000c5a0        -       0x00000004   Zero   RW         1226    .bss.xSchedulerRunning  lto-llvm-d97ef7.o
    0x2000c5a4        -       0x00000008   Zero   RW         1254    .bss.xStart         lto-llvm-d97ef7.o
    0x2000c5ac        -       0x00000014   Zero   RW         1231    .bss.xSuspendedTaskList  lto-llvm-d97ef7.o
    0x2000c5c0        -       0x00000014   Zero   RW         1223    .bss.xTasksWaitingTermination  lto-llvm-d97ef7.o
    0x2000c5d4        -       0x00000004   Zero   RW         1228    .bss.xTickCount     lto-llvm-d97ef7.o
    0x2000c5d8        -       0x00000004   Zero   RW         1242    .bss.xTimerQueue    lto-llvm-d97ef7.o
    0x2000c5dc        -       0x00000004   Zero   RW         1243    .bss.xTimerTaskHandle  lto-llvm-d97ef7.o
    0x2000c5e0        -       0x00000004   Zero   RW         1234    .bss.xYieldPending  lto-llvm-d97ef7.o
    0x2000c5e4   0x0800d958   0x00000004   PAD
    0x2000c5e8        -       0x00000400   Zero   RW           32    STACK               startup_at32f403a_407.o


==============================================================================

Image component sizes


      Code (inc. data)   RO Data    RW Data    ZI Data      Debug   Object Name

     43200        102       3697        199      50372     260161   lto-llvm-d97ef7.o
        36          8        388          0       1024        856   startup_at32f403a_407.o
        32          8          0          0          0        565   systick_wrapper_gnu.o

    ----------------------------------------------------------------------
     43604        118       4120        204      51472     261582   Object Totals
         0          0         32          0          0          0   (incl. Generated)
       336          0          3          5         76          0   (incl. Padding)

    ----------------------------------------------------------------------

      Code (inc. data)   RO Data    RW Data    ZI Data      Debug   Library Member Name

        28          0          0          0          0         68   _chval.o
       812          4          0          0          0        112   _scanf.o
       332          0          0          0          0         96   _scanf_int.o
       342          0          0          0          0        100   _scanf_longlong.o
       224          0          0          0          0         96   _scanf_str.o
        64          0          0          0          0         84   _sgetc.o
       158          0          0          0          0         92   _strtoul.o
        26          0          0          0          0         80   atoi.o
        40          8          0          0          0         80   cpp_init.o
         8          4        133          0          0         68   ctype_o.o
         0          0          0          0          0          0   entry.o
         0          0          0          0          0          0   entry10a.o
         0          0          0          0          0          0   entry11a.o
         8          4          0          0          0          0   entry2.o
         4          0          0          0          0          0   entry5.o
         0          0          0          0          0          0   entry7b.o
         4          0          0          0          0          0   entry8a.o
         0          0          0          0          0          0   entry8b.o
         8          4          0          0          0          0   entry9a.o
         8          4          0          4          0         68   errno.o
        30          0          0          0          0          0   handlers.o
        48         10          0          0          0         68   init.o
        18          0          0          0          0         76   isspace_o.o
         0          0          0          0          0          0   iusefp.o
        98          0          0          0          0         84   ldiv.o
        30          0          0          0          0         68   llshl.o
        36          0          0          0          0         68   llsshr.o
        32          0          0          0          0         68   llushr.o
        26          0          0          0          0         80   memcmp.o
        36          0          0          0          0         68   memcpya.o
        36          0          0          0          0        108   memseta.o
      2332         94          0          0          0        608   printfa.o
        40          8          0          0          0         84   scanf_char.o
       878         12          0          0          0        216   scanf_fp.o
        56          8          0          0          0         84   sscanf.o
         0          0          0          4          0          0   stdout.o
        20          0          0          0          0         68   strchr.o
        28          0          0          0          0         76   strcmp.o
        14          0          0          0          0         68   strlen.o
        30          0          0          0          0         80   strncmp.o
        24          0          0          0          0         76   strncpy.o
        36          0          0          0          0         80   strstr.o
        68          6          0          4          0         80   strtok.o
       112          0          0          0          0         88   strtol.o
        44          0          0          0          0         80   uidiv.o
        98          0          0          0          0         92   uldiv.o
        48          0          0          0          0         68   cdrcmple.o
        56          0          0          0          0         88   d2f.o
       334          0          0          0          0        148   dadd.o
       222          0          0          0          0        100   ddiv.o
       186          0          0          0          0        176   depilogue.o
        48          0          0          0          0         68   dfixul.o
        24          0          0          0          0         76   dfltul.o
       228          0          0          0          0         96   dmul.o
       110          0          0          0          0        168   fepilogue.o

    ----------------------------------------------------------------------
      7504        166        136         12          0       4400   Library Totals
        12          0          3          0          0          0   (incl. Padding)

    ----------------------------------------------------------------------

      Code (inc. data)   RO Data    RW Data    ZI Data      Debug   Library Name

      6236        166        133         12          0       3412   mc_w.l
      1256          0          0          0          0        988   mf_w.l

    ----------------------------------------------------------------------
      7504        166        136         12          0       4400   Library Totals

    ----------------------------------------------------------------------

==============================================================================


      Code (inc. data)   RO Data    RW Data    ZI Data      Debug   

     51108        284       4256        216      51472     263794   Grand Totals
     51108        284       4256        216      51472     263794   ELF Image Totals
     51108        284       4256        216          0          0   ROM Totals

==============================================================================

    Total RO  Size (Code + RO Data)                55364 (  54.07kB)
    Total RW  Size (RW Data + ZI Data)             51688 (  50.48kB)
    Total ROM Size (Code + RO Data + RW Data)      55580 (  54.28kB)

==============================================================================

