Component: Arm Compiler for Embedded 6.22 Tool: armlink [5ee90200]

==============================================================================

Section Cross References

    startup_at32f403a_407.o(RESET) refers to startup_at32f403a_407.o(STACK) for __initial_sp
    startup_at32f403a_407.o(RESET) refers to startup_at32f403a_407.o(.text) for Reset_Handler
    startup_at32f403a_407.o(RESET) refers to lto-llvm-8f1da8.o(.text.NMI_Handler) for NMI_Handler
    startup_at32f403a_407.o(RESET) refers to lto-llvm-8f1da8.o(.text.HardFault_Handler) for HardFault_Handler
    startup_at32f403a_407.o(RESET) refers to lto-llvm-8f1da8.o(.text.MemManage_Handler) for MemManage_Handler
    startup_at32f403a_407.o(RESET) refers to lto-llvm-8f1da8.o(.text.BusFault_Handler) for BusFault_Handler
    startup_at32f403a_407.o(RESET) refers to lto-llvm-8f1da8.o(.text.UsageFault_Handler) for UsageFault_Handler
    startup_at32f403a_407.o(RESET) refers to lto-llvm-8f1da8.o(.text.SVC_Handler) for SVC_Handler
    startup_at32f403a_407.o(RESET) refers to lto-llvm-8f1da8.o(.text.DebugMon_Handler) for DebugMon_Handler
    startup_at32f403a_407.o(RESET) refers to lto-llvm-8f1da8.o(.text.PendSV_Handler) for PendSV_Handler
    startup_at32f403a_407.o(RESET) refers to systick_wrapper_gnu.o(.text) for SysTick_Handler
    startup_at32f403a_407.o(RESET) refers to lto-llvm-8f1da8.o(.text.DMA1_Channel1_IRQHandler) for DMA1_Channel1_IRQHandler
    startup_at32f403a_407.o(RESET) refers to lto-llvm-8f1da8.o(.text.USART1_IRQHandler) for USART1_IRQHandler
    startup_at32f403a_407.o(RESET) refers to lto-llvm-8f1da8.o(.text.EXINT15_10_IRQHandler) for EXINT15_10_IRQHandler
    startup_at32f403a_407.o(RESET) refers to lto-llvm-8f1da8.o(.text.UART4_IRQHandler) for UART4_IRQHandler
    startup_at32f403a_407.o(.text) refers to lto-llvm-8f1da8.o(.text.SystemInit) for SystemInit
    startup_at32f403a_407.o(.text) refers to entry.o(.ARM.Collect$$$$00000000) for __main
    systick_wrapper_gnu.o(.text) refers to lto-llvm-8f1da8.o(.text.perfc_port_insert_to_system_timer_insert_ovf_handler) for perfc_port_insert_to_system_timer_insert_ovf_handler
    systick_wrapper_gnu.o(.text) refers to lto-llvm-8f1da8.o(.text.SysTick_Handler) for $Super$$SysTick_Handler
    cos.o(i.__hardfp_cos) refers (Special) to iusefp.o(.text) for __I$use$fp
    cos.o(i.__hardfp_cos) refers to errno.o(i.__set_errno) for __set_errno
    cos.o(i.__hardfp_cos) refers to dunder.o(i.__mathlib_dbl_invalid) for __mathlib_dbl_invalid
    cos.o(i.__hardfp_cos) refers to dunder.o(i.__mathlib_dbl_infnan) for __mathlib_dbl_infnan
    cos.o(i.__hardfp_cos) refers to rred.o(i.__ieee754_rem_pio2) for __ieee754_rem_pio2
    cos.o(i.__hardfp_cos) refers to sin_i.o(i.__kernel_sin) for __kernel_sin
    cos.o(i.__hardfp_cos) refers to cos_i.o(i.__kernel_cos) for __kernel_cos
    cos.o(i.__softfp_cos) refers (Special) to iusefp.o(.text) for __I$use$fp
    cos.o(i.__softfp_cos) refers to cos.o(i.__hardfp_cos) for __hardfp_cos
    cos.o(i.cos) refers (Special) to iusefp.o(.text) for __I$use$fp
    cos.o(i.cos) refers to cos.o(i.__hardfp_cos) for __hardfp_cos
    cosf.o(i.__hardfp_cosf) refers (Special) to iusefp.o(.text) for __I$use$fp
    cosf.o(i.__hardfp_cosf) refers to rredf.o(i.__mathlib_rredf2) for __mathlib_rredf2
    cosf.o(i.__hardfp_cosf) refers to errno.o(i.__set_errno) for __set_errno
    cosf.o(i.__hardfp_cosf) refers to funder.o(i.__mathlib_flt_invalid) for __mathlib_flt_invalid
    cosf.o(i.__hardfp_cosf) refers to funder.o(i.__mathlib_flt_infnan) for __mathlib_flt_infnan
    cosf.o(i.__softfp_cosf) refers (Special) to iusefp.o(.text) for __I$use$fp
    cosf.o(i.__softfp_cosf) refers to cosf.o(i.__hardfp_cosf) for __hardfp_cosf
    cosf.o(i.cosf) refers (Special) to iusefp.o(.text) for __I$use$fp
    cosf.o(i.cosf) refers to cosf.o(i.__hardfp_cosf) for __hardfp_cosf
    exp.o(i.__hardfp_exp) refers (Special) to iusefp.o(.text) for __I$use$fp
    exp.o(i.__hardfp_exp) refers to dunder.o(i.__mathlib_dbl_infnan) for __mathlib_dbl_infnan
    exp.o(i.__hardfp_exp) refers to cdrcmple.o(.text) for __aeabi_cdrcmple
    exp.o(i.__hardfp_exp) refers to errno.o(i.__set_errno) for __set_errno
    exp.o(i.__hardfp_exp) refers to dunder.o(i.__mathlib_dbl_overflow) for __mathlib_dbl_overflow
    exp.o(i.__hardfp_exp) refers to cdcmple.o(.text) for __aeabi_cdcmple
    exp.o(i.__hardfp_exp) refers to dunder.o(i.__mathlib_dbl_underflow) for __mathlib_dbl_underflow
    exp.o(i.__hardfp_exp) refers to dadd.o(.text) for __aeabi_dsub
    exp.o(i.__hardfp_exp) refers to dmul.o(.text) for __aeabi_dmul
    exp.o(i.__hardfp_exp) refers to dfixi.o(.text) for __aeabi_d2iz
    exp.o(i.__hardfp_exp) refers to dflti.o(.text) for __aeabi_i2d
    exp.o(i.__hardfp_exp) refers to poly.o(i.__kernel_poly) for __kernel_poly
    exp.o(i.__hardfp_exp) refers to ddiv.o(.text) for __aeabi_ddiv
    exp.o(i.__hardfp_exp) refers to fpclassify.o(i.__ARM_fpclassify) for __ARM_fpclassify
[...]
    __decompress                              - Undefined Weak Reference
    _clock_init                               - Undefined Weak Reference
    _microlib_exit                            - Undefined Weak Reference
    __Vectors_Size                           0x00000184   Number         0  startup_at32f403a_407.o ABSOLUTE
    __Vectors                                0x08000000   Data           4  startup_at32f403a_407.o(RESET)
    __Vectors_End                            0x08000184   Data           0  startup_at32f403a_407.o(RESET)
    __main                                   0x08000185   Thumb Code     0  entry.o(.ARM.Collect$$$$00000000)
    _main_stk                                0x08000185   Thumb Code     0  entry2.o(.ARM.Collect$$$$00000001)
    _main_scatterload                        0x08000189   Thumb Code     0  entry5.o(.ARM.Collect$$$$00000004)
    __main_after_scatterload                 0x0800018d   Thumb Code     0  entry5.o(.ARM.Collect$$$$00000004)
    _main_clock                              0x0800018d   Thumb Code     0  entry7b.o(.ARM.Collect$$$$00000008)
    _main_cpp_init$empty                     0x0800018d   Thumb Code     0  entry8a.o(.ARM.Collect$$$$00000009)
    _main_cpp_init                           0x08000191   Thumb Code     0  entry8b.o(.ARM.Collect$$$$0000000A)
    _main_init                               0x08000191   Thumb Code     0  entry9a.o(.ARM.Collect$$$$0000000B)
    __rt_final_cpp                           0x08000199   Thumb Code     0  entry10a.o(.ARM.Collect$$$$0000000D)
    __rt_final_exit                          0x08000199   Thumb Code     0  entry11a.o(.ARM.Collect$$$$0000000F)
    Reset_Handler                            0x0800019d   Thumb Code     8  startup_at32f403a_407.o(.text)
    ACC_IRQHandler                           0x080001b7   Thumb Code     0  startup_at32f403a_407.o(.text)
    ADC1_2_IRQHandler                        0x080001b7   Thumb Code     0  startup_at32f403a_407.o(.text)
    ADC3_IRQHandler                          0x080001b7   Thumb Code     0  startup_at32f403a_407.o(.text)
    CAN1_RX1_IRQHandler                      0x080001b7   Thumb Code     0  startup_at32f403a_407.o(.text)
    CAN1_SE_IRQHandler                       0x080001b7   Thumb Code     0  startup_at32f403a_407.o(.text)
    CAN2_RX0_IRQHandler                      0x080001b7   Thumb Code     0  startup_at32f403a_407.o(.text)
    CAN2_RX1_IRQHandler                      0x080001b7   Thumb Code     0  startup_at32f403a_407.o(.text)
    CAN2_SE_IRQHandler                       0x080001b7   Thumb Code     0  startup_at32f403a_407.o(.text)
    CAN2_TX_IRQHandler                       0x080001b7   Thumb Code     0  startup_at32f403a_407.o(.text)
    CRM_IRQHandler                           0x080001b7   Thumb Code     0  startup_at32f403a_407.o(.text)
    DMA1_Channel2_IRQHandler                 0x080001b7   Thumb Code     0  startup_at32f403a_407.o(.text)
    DMA1_Channel3_IRQHandler                 0x080001b7   Thumb Code     0  startup_at32f403a_407.o(.text)
    DMA1_Channel4_IRQHandler                 0x080001b7   Thumb Code     0  startup_at32f403a_407.o(.text)
    DMA1_Channel5_IRQHandler                 0x080001b7   Thumb Code     0  startup_at32f403a_407.o(.text)
    DMA1_Channel6_IRQHandler                 0x080001b7   Thumb Code     0  startup_at32f403a_407.o(.text)
    DMA1_Channel7_IRQHandler                 0x080001b7   Thumb Code     0  startup_at32f403a_407.o(.text)
    DMA2_Channel1_IRQHandler                 0x080001b7   Thumb Code     0  startup_at32f403a_407.o(.text)
    DMA2_Channel2_IRQHandler                 0x080001b7   Thumb Code     0  startup_at32f403a_407.o(.text)
    DMA2_Channel3_IRQHandler                 0x080001b7   Thumb Code     0  startup_at32f403a_407.o(.text)
    DMA2_Channel4_5_IRQHandler               0x080001b7   Thumb Code     0  startup_at32f403a_407.o(.text)
    DMA2_Channel6_7_IRQHandler               0x080001b7   Thumb Code     0  startup_at32f403a_407.o(.text)
    EMAC_IRQHandler                          0x080001b7   Thumb Code     0  startup_at32f403a_407.o(.text)
    EMAC_WKUP_IRQHandler                     0x080001b7   Thumb Code     0  startup_at32f403a_407.o(.text)
    EXINT0_IRQHandler                        0x080001b7   Thumb Code     0  startup_at32f403a_407.o(.text)
    EXINT1_IRQHandler                        0x080001b7   Thumb Code     0  startup_at32f403a_407.o(.text)
    EXINT2_IRQHandler                        0x080001b7   Thumb Code     0  startup_at32f403a_407.o(.text)
    EXINT3_IRQHandler                        0x080001b7   Thumb Code     0  startup_at32f403a_407.o(.text)
    EXINT4_IRQHandler                        0x080001b7   Thumb Code     0  startup_at32f403a_407.o(.text)
    EXINT9_5_IRQHandler                      0x080001b7   Thumb Code     0  startup_at32f403a_407.o(.text)
    FLASH_IRQHandler                         0x080001b7   Thumb Code     0  startup_at32f403a_407.o(.text)
    I2C1_ERR_IRQHandler                      0x080001b7   Thumb Code     0  startup_at32f403a_407.o(.text)
    I2C1_EVT_IRQHandler                      0x080001b7   Thumb Code     0  startup_at32f403a_407.o(.text)
    I2C2_ERR_IRQHandler                      0x080001b7   Thumb Code     0  startup_at32f403a_407.o(.text)
    I2C2_EVT_IRQHandler                      0x080001b7   Thumb Code     0  startup_at32f403a_407.o(.text)
    I2C3_ERR_IRQHandler                      0x080001b7   Thumb Code     0  startup_at32f403a_407.o(.text)
    I2C3_EVT_IRQHandler                      0x080001b7   Thumb Code     0  startup_at32f403a_407.o(.text)
    PVM_IRQHandler                           0x080001b7   Thumb Code     0  startup_at32f403a_407.o(.text)
    RTCAlarm_IRQHandler                      0x080001b7   Thumb Code     0  startup_at32f403a_407.o(.text)
    RTC_IRQHandler                           0x080001b7   Thumb Code     0  startup_at32f403a_407.o(.text)
    SDIO1_IRQHandler                         0x080001b7   Thumb Code     0  startup_at32f403a_407.o(.text)
    SDIO2_IRQHandler                         0x080001b7   Thumb Code     0  startup_at32f403a_407.o(.text)
    SPI1_IRQHandler                          0x080001b7   Thumb Code     0  startup_at32f403a_407.o(.text)
    SPI2_I2S2EXT_IRQHandler                  0x080001b7   Thumb Code     0  startup_at32f403a_407.o(.text)
    SPI3_I2S3EXT_IRQHandler                  0x080001b7   Thumb Code     0  startup_at32f403a_407.o(.text)
    SPI4_IRQHandler                          0x080001b7   Thumb Code     0  startup_at32f403a_407.o(.text)
    TAMPER_IRQHandler                        0x080001b7   Thumb Code     0  startup_at32f403a_407.o(.text)
    TMR1_BRK_TMR9_IRQHandler                 0x080001b7   Thumb Code     0  startup_at32f403a_407.o(.text)
    TMR1_CH_IRQHandler                       0x080001b7   Thumb Code     0  startup_at32f403a_407.o(.text)
    TMR1_OVF_TMR10_IRQHandler                0x080001b7   Thumb Code     0  startup_at32f403a_407.o(.text)
    TMR1_TRG_HALL_TMR11_IRQHandler           0x080001b7   Thumb Code     0  startup_at32f403a_407.o(.text)
    TMR2_GLOBAL_IRQHandler                   0x080001b7   Thumb Code     0  startup_at32f403a_407.o(.text)
    TMR3_GLOBAL_IRQHandler                   0x080001b7   Thumb Code     0  startup_at32f403a_407.o(.text)
    TMR4_GLOBAL_IRQHandler                   0x080001b7   Thumb Code     0  startup_at32f403a_407.o(.text)
    TMR5_GLOBAL_IRQHandler                   0x080001b7   Thumb Code     0  startup_at32f403a_407.o(.text)
    TMR6_GLOBAL_IRQHandler                   0x080001b7   Thumb Code     0  startup_at32f403a_407.o(.text)
    TMR7_GLOBAL_IRQHandler                   0x080001b7   Thumb Code     0  startup_at32f403a_407.o(.text)
    TMR8_BRK_TMR12_IRQHandler                0x080001b7   Thumb Code     0  startup_at32f403a_407.o(.text)
    TMR8_CH_IRQHandler                       0x080001b7   Thumb Code     0  startup_at32f403a_407.o(.text)
    TMR8_OVF_TMR13_IRQHandler                0x080001b7   Thumb Code     0  startup_at32f403a_407.o(.text)
    TMR8_TRG_HALL_TMR14_IRQHandler           0x080001b7   Thumb Code     0  startup_at32f403a_407.o(.text)
    UART5_IRQHandler                         0x080001b7   Thumb Code     0  startup_at32f403a_407.o(.text)
    UART7_IRQHandler                         0x080001b7   Thumb Code     0  startup_at32f403a_407.o(.text)
    UART8_IRQHandler                         0x080001b7   Thumb Code     0  startup_at32f403a_407.o(.text)
    USART2_IRQHandler                        0x080001b7   Thumb Code     0  startup_at32f403a_407.o(.text)
    USART3_IRQHandler                        0x080001b7   Thumb Code     0  startup_at32f403a_407.o(.text)
    USART6_IRQHandler                        0x080001b7   Thumb Code     0  startup_at32f403a_407.o(.text)
    USBFSWakeUp_IRQHandler                   0x080001b7   Thumb Code     0  startup_at32f403a_407.o(.text)
    USBFS_H_CAN1_TX_IRQHandler               0x080001b7   Thumb Code     0  startup_at32f403a_407.o(.text)
    USBFS_L_CAN1_RX0_IRQHandler              0x080001b7   Thumb Code     0  startup_at32f403a_407.o(.text)
    USBFS_MAPH_IRQHandler                    0x080001b7   Thumb Code     0  startup_at32f403a_407.o(.text)
    USBFS_MAPL_IRQHandler                    0x080001b7   Thumb Code     0  startup_at32f403a_407.o(.text)
    WWDT_IRQHandler                          0x080001b7   Thumb Code     0  startup_at32f403a_407.o(.text)
    XMC_IRQHandler                           0x080001b7   Thumb Code     0  startup_at32f403a_407.o(.text)
    SysTick_Handler                          0x080001c1   Thumb Code     0  systick_wrapper_gnu.o(.text)
    __ensure_systick_wrapper                 0x080001d3   Thumb Code     0  systick_wrapper_gnu.o(.text)
    __perfc_port_set_sp                      0x080001d5   Thumb Code     0  systick_wrapper_gnu.o(.text)
    strstr                                   0x080001e1   Thumb Code    36  strstr.o(.text)
    strncpy                                  0x08000205   Thumb Code    24  strncpy.o(.text)
    strchr                                   0x0800021d   Thumb Code    20  strchr.o(.text)
    strlen                                   0x08000231   Thumb Code    14  strlen.o(.text)
    strcmp                                   0x0800023f   Thumb Code    28  strcmp.o(.text)
    strncmp                                  0x0800025b   Thumb Code    30  strncmp.o(.text)
    strtok                                   0x08000279   Thumb Code    62  strtok.o(.text)
    sscanf                                   0x080002bd   Thumb Code    48  sscanf.o(.text)
    strtol                                   0x080002f5   Thumb Code   112  strtol.o(.text)
    atoi                                     0x08000365   Thumb Code    26  atoi.o(.text)
    __aeabi_uidiv                            0x0800037f   Thumb Code     0  uidiv.o(.text)
    __aeabi_uidivmod                         0x0800037f   Thumb Code    44  uidiv.o(.text)
    __aeabi_uldivmod                         0x080003ab   Thumb Code    98  uldiv.o(.text)
    __rt_ctype_table                         0x0800040d   Thumb Code     4  ctype_o.o(.text)
    isspace                                  0x08000415   Thumb Code    18  isspace_o.o(.text)
    _scanf_longlong                          0x08000427   Thumb Code   342  _scanf_longlong.o(.text)
    _scanf_int                               0x0800057d   Thumb Code   332  _scanf_int.o(.text)
    _scanf_string                            0x080006c9   Thumb Code   224  _scanf_str.o(.text)
    _scanf_real                              0x080008d1   Thumb Code     0  scanf_fp.o(.text)
    _scanf_really_real                       0x080008d1   Thumb Code   556  scanf_fp.o(.text)
    __vfscanf_char                           0x08000b15   Thumb Code    20  scanf_char.o(.text)
    _sgetc                                   0x08000b31   Thumb Code    30  _sgetc.o(.text)
    _sbackspace                              0x08000b4f   Thumb Code    34  _sgetc.o(.text)
    _strtoul                                 0x08000b71   Thumb Code   158  _strtoul.o(.text)
    __I$use$fp                               0x08000c0f   Thumb Code     0  iusefp.o(.text)
    __aeabi_dadd                             0x08000c0f   Thumb Code   322  dadd.o(.text)
    __aeabi_dsub                             0x08000d51   Thumb Code     6  dadd.o(.text)
    __aeabi_drsub                            0x08000d57   Thumb Code     6  dadd.o(.text)
    __aeabi_dmul                             0x08000d5d   Thumb Code   228  dmul.o(.text)
    __aeabi_ddiv                             0x08000e41   Thumb Code   222  ddiv.o(.text)
    __aeabi_d2ulz                            0x08000f1f   Thumb Code    48  dfixul.o(.text)
    __aeabi_cdrcmple                         0x08000f51   Thumb Code    48  cdrcmple.o(.text)
    __scatterload                            0x08000f81   Thumb Code    38  init.o(.text)
    __scatterload_rt2                        0x08000f81   Thumb Code     0  init.o(.text)
    __aeabi_llsl                             0x08000fb1   Thumb Code    30  llshl.o(.text)
    _ll_shift_l                              0x08000fb1   Thumb Code     0  llshl.o(.text)
    __aeabi_llsr                             0x08000fcf   Thumb Code    32  llushr.o(.text)
    _ll_ushift_r                             0x08000fcf   Thumb Code     0  llushr.o(.text)
    __aeabi_lasr                             0x08000fef   Thumb Code    36  llsshr.o(.text)
    _ll_sshift_r                             0x08000fef   Thumb Code     0  llsshr.o(.text)
    _chval                                   0x08001013   Thumb Code    28  _chval.o(.text)
    __vfscanf                                0x08001031   Thumb Code   808  _scanf.o(.text)
    _double_round                            0x0800135d   Thumb Code    30  depilogue.o(.text)
    _double_epilogue                         0x0800137b   Thumb Code   156  depilogue.o(.text)
    __aeabi_ul2d                             0x08001417   Thumb Code    24  dfltul.o(.text)
    __aeabi_d2f                              0x0800142f   Thumb Code    56  d2f.o(.text)
    _float_round                             0x08001467   Thumb Code    18  fepilogue.o(.text)
    _float_epilogue                          0x08001479   Thumb Code    92  fepilogue.o(.text)
    __aeabi_ldivmod                          0x080014d5   Thumb Code    98  ldiv.o(.text)
    __aeabi_memcpy                           0x08001537   Thumb Code    36  memcpya.o(.text)
    __aeabi_memcpy4                          0x08001537   Thumb Code     0  memcpya.o(.text)
    __aeabi_memcpy8                          0x08001537   Thumb Code     0  memcpya.o(.text)
    __aeabi_memset                           0x0800155b   Thumb Code    14  memseta.o(.text)
    __aeabi_memset4                          0x0800155b   Thumb Code     0  memseta.o(.text)
    __aeabi_memset8                          0x0800155b   Thumb Code     0  memseta.o(.text)
    __aeabi_memclr                           0x08001569   Thumb Code     4  memseta.o(.text)
    __aeabi_memclr4                          0x08001569   Thumb Code     0  memseta.o(.text)
    __aeabi_memclr8                          0x08001569   Thumb Code     0  memseta.o(.text)
    _memset$wrapper                          0x0800156d   Thumb Code    18  memseta.o(.text)
    __cpp_initialize__aeabi_                 0x08001581   Thumb Code    32  cpp_init.o(.text)
    BusFault_Handler                         0x080015a9   Thumb Code     4  lto-llvm-8f1da8.o(.text.BusFault_Handler)
    DMA1_Channel1_IRQHandler                 0x080015ad   Thumb Code    42  lto-llvm-8f1da8.o(.text.DMA1_Channel1_IRQHandler)
    DebugMon_Handler                         0x080015d9   Thumb Code     2  lto-llvm-8f1da8.o(.text.DebugMon_Handler)
    EXINT15_10_IRQHandler                    0x080015dd   Thumb Code    18  lto-llvm-8f1da8.o(.text.EXINT15_10_IRQHandler)
    HardFault_Handler                        0x08001c15   Thumb Code     4  lto-llvm-8f1da8.o(.text.HardFault_Handler)
    MemManage_Handler                        0x08001cd1   Thumb Code     4  lto-llvm-8f1da8.o(.text.MemManage_Handler)
    NMI_Handler                              0x08001cd5   Thumb Code     2  lto-llvm-8f1da8.o(.text.NMI_Handler)
    PendSV_Handler                           0x08001da1   Thumb Code   100  lto-llvm-8f1da8.o(.text.PendSV_Handler)
    SVC_Handler                              0x08001e71   Thumb Code    36  lto-llvm-8f1da8.o(.text.SVC_Handler)
    $Super$$SysTick_Handler                  0x08001e95   Thumb Code    20  lto-llvm-8f1da8.o(.text.SysTick_Handler)
    SystemInit                               0x08001ea9   Thumb Code   168  lto-llvm-8f1da8.o(.text.SystemInit)
    UART4_IRQHandler                         0x08001f51   Thumb Code    54  lto-llvm-8f1da8.o(.text.UART4_IRQHandler)
    USART1_IRQHandler                        0x08001f89   Thumb Code    78  lto-llvm-8f1da8.o(.text.USART1_IRQHandler)
    UsageFault_Handler                       0x08002009   Thumb Code     4  lto-llvm-8f1da8.o(.text.UsageFault_Handler)
    fputc                                    0x08003ba9   Thumb Code    48  lto-llvm-8f1da8.o(.text.fputc)
    main                                     0x08004f5d   Thumb Code   180  lto-llvm-8f1da8.o(.text.main)
    perfc_port_insert_to_system_timer_insert_ovf_handler 0x0800548d   Thumb Code    78  lto-llvm-8f1da8.o(.text.perfc_port_insert_to_system_timer_insert_ovf_handler)
    vTaskSwitchContext                       0x08008a89   Thumb Code   198  lto-llvm-8f1da8.o(.text.vTaskSwitchContext)
    __0printf                                0x0800b5e1   Thumb Code    22  printfa.o(i.__0printf)
    __1printf                                0x0800b5e1   Thumb Code     0  printfa.o(i.__0printf)
    __2printf                                0x0800b5e1   Thumb Code     0  printfa.o(i.__0printf)
    __c89printf                              0x0800b5e1   Thumb Code     0  printfa.o(i.__0printf)
    printf                                   0x0800b5e1   Thumb Code     0  printfa.o(i.__0printf)
    __0snprintf                              0x0800b601   Thumb Code    48  printfa.o(i.__0snprintf)
    __1snprintf                              0x0800b601   Thumb Code     0  printfa.o(i.__0snprintf)
    __2snprintf                              0x0800b601   Thumb Code     0  printfa.o(i.__0snprintf)
    __c89snprintf                            0x0800b601   Thumb Code     0  printfa.o(i.__0snprintf)
    snprintf                                 0x0800b601   Thumb Code     0  printfa.o(i.__0snprintf)
    __aeabi_errno_addr                       0x0800b635   Thumb Code     4  errno.o(i.__aeabi_errno_addr)
    __rt_errno_addr                          0x0800b635   Thumb Code     0  errno.o(i.__aeabi_errno_addr)
    __scatterload_copy                       0x0800b63d   Thumb Code    14  handlers.o(i.__scatterload_copy)
    __scatterload_null                       0x0800b64b   Thumb Code     2  handlers.o(i.__scatterload_null)
    __scatterload_zeroinit                   0x0800b64d   Thumb Code    14  handlers.o(i.__scatterload_zeroinit)
    _is_digit                                0x0800b7e1   Thumb Code    14  scanf_fp.o(i._is_digit)
    __ctype_table                            0x0800bf34   Data         129  ctype_o.o(.constdata)
    EventRecorderInfo                        0x0800bfbc   Data          24  lto-llvm-8f1da8.o(.rodata.EventRecorderInfo)
    Region$$Table$$Base                      0x0800ccfc   Number         0  anon$$obj.o(Region$$Table)
    Region$$Table$$Limit                     0x0800cd1c   Number         0  anon$$obj.o(Region$$Table)
    SHT$$INIT_ARRAY$$Base                    0x0800cd1c   Number         0  lto-llvm-8f1da8.o(.init_array)
    SHT$$INIT_ARRAY$$Limit                   0x0800cd20   Number         0  cpp_init.o(.init_array)
    __stdout                                 0x20000000   Data           4  stdout.o(.data)
    __initial_sp                             0x2000b9e8   Data           0  startup_at32f403a_407.o(STACK)



==============================================================================

Memory Map of the image

  Image Entry point : 0x08000185

  Load Region LR_IROM1 (Base: 0x08000000, Size: 0x0000ce40, Max: 0x00100000, ABSOLUTE)

    Execution Region ER_IROM1 (Exec base: 0x08000000, Load base: 0x08000000, Size: 0x0000cd20, Max: 0x00100000, ABSOLUTE)

    Exec Addr    Load Addr    Size         Type   Attr      Idx    E Section Name        Object

    0x08000000   0x08000000   0x00000184   Data   RO           34    RESET               startup_at32f403a_407.o
    0x08000184   0x08000184   0x00000000   Code   RO          171  * .ARM.Collect$$$$00000000  mc_w.l(entry.o)
    0x08000184   0x08000184   0x00000004   Code   RO          281    .ARM.Collect$$$$00000001  mc_w.l(entry2.o)
    0x08000188   0x08000188   0x00000004   Code   RO          284    .ARM.Collect$$$$00000004  mc_w.l(entry5.o)
    0x0800018c   0x0800018c   0x00000000   Code   RO          286    .ARM.Collect$$$$00000008  mc_w.l(entry7b.o)
    0x0800018c   0x0800018c   0x00000004   Code   RO          287    .ARM.Collect$$$$00000009  mc_w.l(entry8a.o)
    0x08000190   0x08000190   0x00000000   Code   RO          288    .ARM.Collect$$$$0000000A  mc_w.l(entry8b.o)
    0x08000190   0x08000190   0x00000008   Code   RO          289    .ARM.Collect$$$$0000000B  mc_w.l(entry9a.o)
    0x08000198   0x08000198   0x00000000   Code   RO          291    .ARM.Collect$$$$0000000D  mc_w.l(entry10a.o)
    0x08000198   0x08000198   0x00000000   Code   RO          293    .ARM.Collect$$$$0000000F  mc_w.l(entry11a.o)
    0x08000198   0x08000198   0x00000004   Code   RO          282    .ARM.Collect$$$$00002712  mc_w.l(entry2.o)
    0x0800019c   0x0800019c   0x00000024   Code   RO           35    .text               startup_at32f403a_407.o
    0x080001c0   0x080001c0   0x00000020   Code   RO          101    .text               systick_wrapper_gnu.o
    0x080001e0   0x080001e0   0x00000024   Code   RO          180    .text               mc_w.l(strstr.o)
    0x08000204   0x08000204   0x00000018   Code   RO          182    .text               mc_w.l(strncpy.o)
    0x0800021c   0x0800021c   0x00000014   Code   RO          184    .text               mc_w.l(strchr.o)
    0x08000230   0x08000230   0x0000000e   Code   RO          186    .text               mc_w.l(strlen.o)
    0x0800023e   0x0800023e   0x0000001c   Code   RO          188    .text               mc_w.l(strcmp.o)
    0x0800025a   0x0800025a   0x0000001e   Code   RO          190    .text               mc_w.l(strncmp.o)
    0x08000278   0x08000278   0x00000044   Code   RO          192    .text               mc_w.l(strtok.o)
    0x080002bc   0x080002bc   0x00000038   Code   RO          226    .text               mc_w.l(sscanf.o)
    0x080002f4   0x080002f4   0x00000070   Code   RO          228    .text               mc_w.l(strtol.o)
    0x08000364   0x08000364   0x0000001a   Code   RO          230    .text               mc_w.l(atoi.o)
    0x0800037e   0x0800037e   0x0000002c   Code   RO          304    .text               mc_w.l(uidiv.o)
    0x080003aa   0x080003aa   0x00000062   Code   RO          306    .text               mc_w.l(uldiv.o)
    0x0800040c   0x0800040c   0x00000008   Code   RO          308    .text               mc_w.l(ctype_o.o)
    0x08000414   0x08000414   0x00000012   Code   RO          330    .text               mc_w.l(isspace_o.o)
    0x08000426   0x08000426   0x00000156   Code   RO          343    .text               mc_w.l(_scanf_longlong.o)
    0x0800057c   0x0800057c   0x0000014c   Code   RO          345    .text               mc_w.l(_scanf_int.o)
    0x080006c8   0x080006c8   0x000000e0   Code   RO          347    .text               mc_w.l(_scanf_str.o)
    0x080007a8   0x080007a8   0x00000360   Code   RO          349    .text               mc_w.l(scanf_fp.o)
    0x08000b08   0x08000b08   0x00000028   Code   RO          353    .text               mc_w.l(scanf_char.o)
    0x08000b30   0x08000b30   0x00000040   Code   RO          355    .text               mc_w.l(_sgetc.o)
    0x08000b70   0x08000b70   0x0000009e   Code   RO          357    .text               mc_w.l(_strtoul.o)
    0x08000c0e   0x08000c0e   0x00000000   Code   RO          359    .text               mc_w.l(iusefp.o)
    0x08000c0e   0x08000c0e   0x0000014e   Code   RO          360    .text               mf_w.l(dadd.o)
    0x08000d5c   0x08000d5c   0x000000e4   Code   RO          362    .text               mf_w.l(dmul.o)
    0x08000e40   0x08000e40   0x000000de   Code   RO          364    .text               mf_w.l(ddiv.o)
    0x08000f1e   0x08000f1e   0x00000030   Code   RO          374    .text               mf_w.l(dfixul.o)
    0x08000f4e   0x08000f4e   0x00000002   PAD
    0x08000f50   0x08000f50   0x00000030   Code   RO          378    .text               mf_w.l(cdrcmple.o)
    0x08000f80   0x08000f80   0x00000030   Code   RO          388    .text               mc_w.l(init.o)
    0x08000fb0   0x08000fb0   0x0000001e   Code   RO          390    .text               mc_w.l(llshl.o)
    0x08000fce   0x08000fce   0x00000020   Code   RO          392    .text               mc_w.l(llushr.o)
    0x08000fee   0x08000fee   0x00000024   Code   RO          394    .text               mc_w.l(llsshr.o)
    0x08001012   0x08001012   0x0000001c   Code   RO          398    .text               mc_w.l(_chval.o)
    0x0800102e   0x0800102e   0x00000002   PAD
    0x08001030   0x08001030   0x0000032c   Code   RO          400    .text               mc_w.l(_scanf.o)
    0x0800135c   0x0800135c   0x000000ba   Code   RO          402    .text               mf_w.l(depilogue.o)
    0x08001416   0x08001416   0x00000018   Code   RO          406    .text               mf_w.l(dfltul.o)
    0x0800142e   0x0800142e   0x00000038   Code   RO          408    .text               mf_w.l(d2f.o)
    0x08001466   0x08001466   0x0000006e   Code   RO          413    .text               mf_w.l(fepilogue.o)
    0x080014d4   0x080014d4   0x00000062   Code   RO         1232    .text               mc_w.l(ldiv.o)
    0x08001536   0x08001536   0x00000024   Code   RO         1234    .text               mc_w.l(memcpya.o)
    0x0800155a   0x0800155a   0x00000024   Code   RO         1236    .text               mc_w.l(memseta.o)
    0x0800157e   0x0800157e   0x00000002   PAD
    0x08001580   0x08001580   0x00000028   Code   RO         1243    .text               mc_w.l(cpp_init.o)
    0x080015a8   0x080015a8   0x00000004   Code   RO          436    .text.BusFault_Handler  lto-llvm-8f1da8.o
    0x080015ac   0x080015ac   0x0000002a   Code   RO          444    .text.DMA1_Channel1_IRQHandler  lto-llvm-8f1da8.o
    0x080015d6   0x080015d6   0x00000002   PAD
    0x080015d8   0x080015d8   0x00000002   Code   RO          440    .text.DebugMon_Handler  lto-llvm-8f1da8.o
    0x080015da   0x080015da   0x00000002   PAD
    0x080015dc   0x080015dc   0x00000012   Code   RO          448    .text.EXINT15_10_IRQHandler  lto-llvm-8f1da8.o
    0x080015ee   0x080015ee   0x00000002   PAD
    0x080015f0   0x080015f0   0x0000003e   Code   RO         1054    .text.EventCheckFilter  lto-llvm-8f1da8.o
    0x0800162e   0x0800162e   0x00000002   PAD
    0x08001630   0x08001630   0x00000092   Code   RO         1032    .text.EventGetTS    lto-llvm-8f1da8.o
    0x080016c2   0x080016c2   0x00000002   PAD
    0x080016c4   0x080016c4   0x00000190   Code   RO         1052    .text.EventRecordData  lto-llvm-8f1da8.o
    0x08001854   0x08001854   0x000000f0   Code   RO         1034    .text.EventRecordItem  lto-llvm-8f1da8.o
    0x08001944   0x08001944   0x00000090   Code   RO         1030    .text.EventRecorderEnable  lto-llvm-8f1da8.o
    0x080019d4   0x080019d4   0x000001d0   Code   RO         1026    .text.EventRecorderInitialize  lto-llvm-8f1da8.o
    0x08001ba4   0x08001ba4   0x00000044   Code   RO         1036    .text.EventRecorderStart  lto-llvm-8f1da8.o
    0x08001be8   0x08001be8   0x00000008   Code   RO         1106    .text.EventRecorderTimerGetCount  lto-llvm-8f1da8.o
    0x08001bf0   0x08001bf0   0x00000008   Code   RO         1104    .text.EventRecorderTimerGetFreq  lto-llvm-8f1da8.o
    0x08001bf8   0x08001bf8   0x00000008   Code   RO         1056    .text.GetContext    lto-llvm-8f1da8.o
    0x08001c00   0x08001c00   0x00000012   Code   RO         1038    .text.GetRecordIndex  lto-llvm-8f1da8.o
    0x08001c12   0x08001c12   0x00000002   PAD
    0x08001c14   0x08001c14   0x00000004   Code   RO          432    .text.HardFault_Handler  lto-llvm-8f1da8.o
    0x08001c18   0x08001c18   0x00000012   Code   RO         1046    .text.IncrementRecordsDumped  lto-llvm-8f1da8.o
    0x08001c2a   0x08001c2a   0x00000002   PAD
    0x08001c2c   0x08001c2c   0x00000012   Code   RO         1044    .text.IncrementRecordsWritten  lto-llvm-8f1da8.o
    0x08001c3e   0x08001c3e   0x00000002   PAD
    0x08001c40   0x08001c40   0x0000008e   Code   RO         1040    .text.LockRecord    lto-llvm-8f1da8.o
    0x08001cce   0x08001cce   0x00000002   PAD
    0x08001cd0   0x08001cd0   0x00000004   Code   RO          434    .text.MemManage_Handler  lto-llvm-8f1da8.o
    0x08001cd4   0x08001cd4   0x00000002   Code   RO          430    .text.NMI_Handler   lto-llvm-8f1da8.o
    0x08001cd6   0x08001cd6   0x00000002   PAD
    0x08001cd8   0x08001cd8   0x00000064   Code   RO          426    .text.NVIC_EncodePriority  lto-llvm-8f1da8.o
    0x08001d3c   0x08001d3c   0x00000062   Code   RO          740    .text.NVIC_EncodePriority.220  lto-llvm-8f1da8.o
    0x08001d9e   0x08001d9e   0x00000002   PAD
    0x08001da0   0x08001da0   0x00000064   Code   RO          530    .text.PendSV_Handler  lto-llvm-8f1da8.o
    0x08001e04   0x08001e04   0x00000032   Code   RO          858    .text.SDA_IN        lto-llvm-8f1da8.o
    0x08001e36   0x08001e36   0x00000002   PAD
    0x08001e38   0x08001e38   0x00000032   Code   RO          856    .text.SDA_OUT       lto-llvm-8f1da8.o
    0x08001e6a   0x08001e6a   0x00000006   PAD
    0x08001e70   0x08001e70   0x00000024   Code   RO          516    .text.SVC_Handler   lto-llvm-8f1da8.o
    0x08001e94   0x08001e94   0x00000014   Code   RO          442    .text.SysTick_Handler  lto-llvm-8f1da8.o
    0x08001ea8   0x08001ea8   0x000000a8   Code   RO          762    .text.SystemInit    lto-llvm-8f1da8.o
    0x08001f50   0x08001f50   0x00000036   Code   RO          450    .text.UART4_IRQHandler  lto-llvm-8f1da8.o
    0x08001f86   0x08001f86   0x00000002   PAD
    0x08001f88   0x08001f88   0x0000004e   Code   RO          446    .text.USART1_IRQHandler  lto-llvm-8f1da8.o
    0x08001fd6   0x08001fd6   0x00000002   PAD
    0x08001fd8   0x08001fd8   0x00000030   Code   RO         1042    .text.UnlockRecord  lto-llvm-8f1da8.o
    0x08002008   0x08002008   0x00000004   Code   RO          438    .text.UsageFault_Handler  lto-llvm-8f1da8.o
    0x0800200c   0x0800200c   0x00000034   Code   RO          892    .text.__NVIC_ClearPendingIRQ  lto-llvm-8f1da8.o
    0x08002040   0x08002040   0x0000003c   Code   RO          890    .text.__NVIC_DisableIRQ.318  lto-llvm-8f1da8.o
    0x0800207c   0x0800207c   0x00000032   Code   RO          744    .text.__NVIC_EnableIRQ  lto-llvm-8f1da8.o
    0x080020ae   0x080020ae   0x00000002   PAD
    0x080020b0   0x080020b0   0x00000034   Code   RO          894    .text.__NVIC_EnableIRQ.319  lto-llvm-8f1da8.o
    0x080020e4   0x080020e4   0x00000010   Code   RO          424    .text.__NVIC_GetPriorityGrouping  lto-llvm-8f1da8.o
    0x080020f4   0x080020f4   0x00000010   Code   RO          738    .text.__NVIC_GetPriorityGrouping.219  lto-llvm-8f1da8.o
    0x08002104   0x08002104   0x00000042   Code   RO          428    .text.__NVIC_SetPriority  lto-llvm-8f1da8.o
    0x08002146   0x08002146   0x00000002   PAD
    0x08002148   0x08002148   0x00000042   Code   RO          742    .text.__NVIC_SetPriority.221  lto-llvm-8f1da8.o
    0x0800218a   0x0800218a   0x00000002   PAD
    0x0800218c   0x0800218c   0x0000003c   Code   RO          748    .text.__NVIC_SetPriorityGrouping  lto-llvm-8f1da8.o
    0x080021c8   0x080021c8   0x0000004a   Code   RO         1078    .text.__check_and_handle_ovf  lto-llvm-8f1da8.o
    0x08002212   0x08002212   0x00000002   PAD
    0x08002214   0x08002214   0x0000000a   Code   RO         1060    .text.__perf_counter_init  lto-llvm-8f1da8.o
    0x0800221e   0x0800221e   0x00000002   PAD
    0x08002220   0x08002220   0x0000006c   Code   RO          642    .text.adc_base_config  lto-llvm-8f1da8.o
    0x0800228c   0x0800228c   0x0000001c   Code   RO          640    .text.adc_base_default_para_init  lto-llvm-8f1da8.o
    0x080022a8   0x080022a8   0x0000001a   Code   RO          644    .text.adc_calibration_init  lto-llvm-8f1da8.o
    0x080022c2   0x080022c2   0x00000002   PAD
    0x080022c4   0x080022c4   0x00000030   Code   RO          646    .text.adc_calibration_init_status_get  lto-llvm-8f1da8.o
    0x080022f4   0x080022f4   0x0000001a   Code   RO          648    .text.adc_calibration_start  lto-llvm-8f1da8.o
    0x0800230e   0x0800230e   0x00000002   PAD
    0x08002310   0x08002310   0x00000030   Code   RO          650    .text.adc_calibration_status_get  lto-llvm-8f1da8.o
    0x08002340   0x08002340   0x00000028   Code   RO          638    .text.adc_combine_mode_select  lto-llvm-8f1da8.o
    0x08002368   0x08002368   0x00000024   Code   RO          636    .text.adc_enable    lto-llvm-8f1da8.o
    0x0800238c   0x0800238c   0x0000016a   Code   RO          652    .text.adc_ordinary_channel_set  lto-llvm-8f1da8.o
    0x080024f6   0x080024f6   0x00000002   PAD
    0x080024f8   0x080024f8   0x00000080   Code   RO          654    .text.adc_ordinary_conversion_trigger_set  lto-llvm-8f1da8.o
    0x08002578   0x08002578   0x0000002c   Code   RO          656    .text.adc_ordinary_part_mode_enable  lto-llvm-8f1da8.o
    0x080025a4   0x080025a4   0x00000086   Code   RO          634    .text.adc_reset     lto-llvm-8f1da8.o
    0x0800262a   0x0800262a   0x00000002   PAD
    0x0800262c   0x0800262c   0x00000028   Code   RO          658    .text.adc_tempersensor_vintrv_enable  lto-llvm-8f1da8.o
    0x08002654   0x08002654   0x0000006e   Code   RO         1050    .text.atomic_cmp_xch_32  lto-llvm-8f1da8.o
    0x080026c2   0x080026c2   0x00000002   PAD
    0x080026c4   0x080026c4   0x0000002a   Code   RO         1048    .text.atomic_inc_32  lto-llvm-8f1da8.o
    0x080026ee   0x080026ee   0x00000002   PAD
    0x080026f0   0x080026f0   0x0000003a   Code   RO         1058    .text.atomic_inc_8  lto-llvm-8f1da8.o
    0x0800272a   0x0800272a   0x00000002   PAD
    0x0800272c   0x0800272c   0x00000010   Code   RO          496    .text.beep_function  lto-llvm-8f1da8.o
    0x0800273c   0x0800273c   0x00000246   Code   RO          506    .text.breath_led    lto-llvm-8f1da8.o
    0x08002982   0x08002982   0x00000002   PAD
    0x08002984   0x08002984   0x000000ec   Code   RO          896    .text.check_at_response  lto-llvm-8f1da8.o
    0x08002a70   0x08002a70   0x0000005c   Code   RO         1076    .text.check_systick  lto-llvm-8f1da8.o
    0x08002acc   0x08002acc   0x0000008c   Code   RO         1028    .text.crc16_ccitt   lto-llvm-8f1da8.o
    0x08002b58   0x08002b58   0x00000012   Code   RO          706    .text.crc_data_reset  lto-llvm-8f1da8.o
    0x08002b6a   0x08002b6a   0x00000002   PAD
    0x08002b6c   0x08002b6c   0x00000018   Code   RO          708    .text.crc_init_data_set  lto-llvm-8f1da8.o
    0x08002b84   0x08002b84   0x00000028   Code   RO          716    .text.crc_poly_size_set  lto-llvm-8f1da8.o
    0x08002bac   0x08002bac   0x0000001c   Code   RO          714    .text.crc_poly_value_set  lto-llvm-8f1da8.o
    0x08002bc8   0x08002bc8   0x00000028   Code   RO          710    .text.crc_reverse_input_data_set  lto-llvm-8f1da8.o
    0x08002bf0   0x08002bf0   0x00000028   Code   RO          712    .text.crc_reverse_output_data_set  lto-llvm-8f1da8.o
    0x08002c18   0x08002c18   0x00000036   Code   RO          558    .text.crm_adc_clock_div_set  lto-llvm-8f1da8.o
    0x08002c4e   0x08002c4e   0x00000002   PAD
    0x08002c50   0x08002c50   0x00000028   Code   RO          552    .text.crm_ahb_div_set  lto-llvm-8f1da8.o
    0x08002c78   0x08002c78   0x00000028   Code   RO          554    .text.crm_apb1_div_set  lto-llvm-8f1da8.o
    0x08002ca0   0x08002ca0   0x00000028   Code   RO          556    .text.crm_apb2_div_set  lto-llvm-8f1da8.o
    0x08002cc8   0x08002cc8   0x00000038   Code   RO          568    .text.crm_auto_step_mode_enable  lto-llvm-8f1da8.o
    0x08002d00   0x08002d00   0x000000a2   Code   RO          550    .text.crm_clock_source_enable  lto-llvm-8f1da8.o
    0x08002da2   0x08002da2   0x00000002   PAD
    0x08002da4   0x08002da4   0x000001d6   Code   RO          566    .text.crm_clocks_freq_get  lto-llvm-8f1da8.o
    0x08002f7a   0x08002f7a   0x00000002   PAD
    0x08002f7c   0x08002f7c   0x0000003e   Code   RO          542    .text.crm_flag_get  lto-llvm-8f1da8.o
    0x08002fba   0x08002fba   0x00000002   PAD
    0x08002fbc   0x08002fbc   0x0000005c   Code   RO          544    .text.crm_hext_stable_wait  lto-llvm-8f1da8.o
    0x08003018   0x08003018   0x00000056   Code   RO          546    .text.crm_periph_clock_enable  lto-llvm-8f1da8.o
    0x0800306e   0x0800306e   0x00000002   PAD
    0x08003070   0x08003070   0x00000054   Code   RO          548    .text.crm_periph_reset  lto-llvm-8f1da8.o
    0x080030c4   0x080030c4   0x000000c2   Code   RO          560    .text.crm_pll_config  lto-llvm-8f1da8.o
    0x08003186   0x08003186   0x00000002   PAD
    0x08003188   0x08003188   0x0000008a   Code   RO          540    .text.crm_reset     lto-llvm-8f1da8.o
    0x08003212   0x08003212   0x00000002   PAD
    0x08003214   0x08003214   0x00000048   Code   RO          562    .text.crm_sysclk_switch  lto-llvm-8f1da8.o
    0x0800325c   0x0800325c   0x00000010   Code   RO          564    .text.crm_sysclk_switch_status_get  lto-llvm-8f1da8.o
    0x0800326c   0x0800326c   0x0000001a   Code   RO          674    .text.dma_channel_enable  lto-llvm-8f1da8.o
    0x08003286   0x08003286   0x00000002   PAD
    0x08003288   0x08003288   0x00000032   Code   RO          682    .text.dma_default_para_init  lto-llvm-8f1da8.o
    0x080032ba   0x080032ba   0x00000002   PAD
    0x080032bc   0x080032bc   0x00000032   Code   RO          680    .text.dma_flag_clear  lto-llvm-8f1da8.o
    0x080032ee   0x080032ee   0x00000002   PAD
    0x080032f0   0x080032f0   0x0000012a   Code   RO          676    .text.dma_flexible_config  lto-llvm-8f1da8.o
    0x0800341a   0x0800341a   0x00000002   PAD
    0x0800341c   0x0800341c   0x000000be   Code   RO          684    .text.dma_init      lto-llvm-8f1da8.o
    0x080034da   0x080034da   0x00000002   PAD
    0x080034dc   0x080034dc   0x0000003a   Code   RO          672    .text.dma_interrupt_enable  lto-llvm-8f1da8.o
    0x08003516   0x08003516   0x00000002   PAD
    0x08003518   0x08003518   0x00000054   Code   RO          678    .text.dma_interrupt_flag_get  lto-llvm-8f1da8.o
    0x0800356c   0x0800356c   0x000000a6   Code   RO          670    .text.dma_reset     lto-llvm-8f1da8.o
    0x08003612   0x08003612   0x00000002   PAD
    0x08003614   0x08003614   0x0000001c   Code   RO          726    .text.exint_default_para_init  lto-llvm-8f1da8.o
    0x08003630   0x08003630   0x00000040   Code   RO          730    .text.exint_flag_clear  lto-llvm-8f1da8.o
    0x08003670   0x08003670   0x000000ec   Code   RO          728    .text.exint_init    lto-llvm-8f1da8.o
    0x0800375c   0x0800375c   0x00000042   Code   RO          734    .text.exint_interrupt_enable  lto-llvm-8f1da8.o
    0x0800379e   0x0800379e   0x00000002   PAD
    0x080037a0   0x080037a0   0x0000004e   Code   RO          732    .text.exint_interrupt_flag_get  lto-llvm-8f1da8.o
    0x080037ee   0x080037ee   0x00000002   PAD
    0x080037f0   0x080037f0   0x00000068   Code   RO          686    .text.flash_bank1_operation_status_get  lto-llvm-8f1da8.o
    0x08003858   0x08003858   0x0000005a   Code   RO          692    .text.flash_bank1_operation_wait_for  lto-llvm-8f1da8.o
    0x080038b2   0x080038b2   0x00000002   PAD
    0x080038b4   0x080038b4   0x00000068   Code   RO          688    .text.flash_bank2_operation_status_get  lto-llvm-8f1da8.o
    0x0800391c   0x0800391c   0x0000005a   Code   RO          694    .text.flash_bank2_operation_wait_for  lto-llvm-8f1da8.o
    0x08003976   0x08003976   0x00000002   PAD
    0x08003978   0x08003978   0x00000022   Code   RO          700    .text.flash_lock    lto-llvm-8f1da8.o
    0x0800399a   0x0800399a   0x00000002   PAD
    0x0800399c   0x0800399c   0x000000fe   Code   RO          702    .text.flash_sector_erase  lto-llvm-8f1da8.o
    0x08003a9a   0x08003a9a   0x00000002   PAD
    0x08003a9c   0x08003a9c   0x0000001c   Code   RO          704    .text.flash_spim_dummy_read  lto-llvm-8f1da8.o
    0x08003ab8   0x08003ab8   0x00000068   Code   RO          690    .text.flash_spim_operation_status_get  lto-llvm-8f1da8.o
    0x08003b20   0x08003b20   0x0000005a   Code   RO          696    .text.flash_spim_operation_wait_for  lto-llvm-8f1da8.o
    0x08003b7a   0x08003b7a   0x00000002   PAD
    0x08003b7c   0x08003b7c   0x0000002a   Code   RO          698    .text.flash_unlock  lto-llvm-8f1da8.o
    0x08003ba6   0x08003ba6   0x00000002   PAD
    0x08003ba8   0x08003ba8   0x00000030   Code   RO         1020    .text.fputc         lto-llvm-8f1da8.o
    0x08003bd8   0x08003bd8   0x00000026   Code   RO          508    .text.freertos_queue_create  lto-llvm-8f1da8.o
    0x08003bfe   0x08003bfe   0x00000002   PAD
    0x08003c00   0x08003c00   0x000000f6   Code   RO          488    .text.freertos_task_create  lto-llvm-8f1da8.o
    0x08003cf6   0x08003cf6   0x00000002   PAD
    0x08003cf8   0x08003cf8   0x00000078   Code   RO          850    .text.ft6336_Init   lto-llvm-8f1da8.o
    0x08003d70   0x08003d70   0x00000072   Code   RO          848    .text.ft6336_rd_sigleReg  lto-llvm-8f1da8.o
    0x08003de2   0x08003de2   0x00000002   PAD
    0x08003de4   0x08003de4   0x0000002a   Code   RO          852    .text.ft6336_rest   lto-llvm-8f1da8.o
    0x08003e0e   0x08003e0e   0x00000002   PAD
    0x08003e10   0x08003e10   0x0000007e   Code   RO         1074    .text.get_system_ticks  lto-llvm-8f1da8.o
    0x08003e8e   0x08003e8e   0x00000002   PAD
    0x08003e90   0x08003e90   0x00000014   Code   RO          604    .text.gpio_bits_reset  lto-llvm-8f1da8.o
    0x08003ea4   0x08003ea4   0x00000014   Code   RO          602    .text.gpio_bits_set  lto-llvm-8f1da8.o
    0x08003eb8   0x08003eb8   0x00000026   Code   RO          598    .text.gpio_default_para_init  lto-llvm-8f1da8.o
    0x08003ede   0x08003ede   0x00000002   PAD
    0x08003ee0   0x08003ee0   0x000000d8   Code   RO          608    .text.gpio_exint_line_config  lto-llvm-8f1da8.o
    0x08003fb8   0x08003fb8   0x00000144   Code   RO          596    .text.gpio_init     lto-llvm-8f1da8.o
    0x080040fc   0x080040fc   0x00000036   Code   RO          600    .text.gpio_input_data_bit_read  lto-llvm-8f1da8.o
    0x08004132   0x08004132   0x00000002   PAD
    0x08004134   0x08004134   0x0000009a   Code   RO          606    .text.gpio_pin_remap_config  lto-llvm-8f1da8.o
    0x080041ce   0x080041ce   0x00000002   PAD
    0x080041d0   0x080041d0   0x0000029e   Code   RO          766    .text.handle_key_events  lto-llvm-8f1da8.o
    0x0800446e   0x0800446e   0x00000002   PAD
    0x08004470   0x08004470   0x0000000a   Code   RO          860    .text.i2c_delay     lto-llvm-8f1da8.o
    0x0800447a   0x0800447a   0x00000002   PAD
    0x0800447c   0x0800447c   0x00000040   Code   RO          866    .text.i2c_no_ack    lto-llvm-8f1da8.o
    0x080044bc   0x080044bc   0x0000009a   Code   RO          872    .text.i2c_receive_byte  lto-llvm-8f1da8.o
    0x08004556   0x08004556   0x00000002   PAD
    0x08004558   0x08004558   0x000000a6   Code   RO          870    .text.i2c_send_byte  lto-llvm-8f1da8.o
    0x080045fe   0x080045fe   0x00000002   PAD
    0x08004600   0x08004600   0x00000044   Code   RO          862    .text.i2c_start     lto-llvm-8f1da8.o
    0x08004644   0x08004644   0x00000044   Code   RO          864    .text.i2c_stop      lto-llvm-8f1da8.o
    0x08004688   0x08004688   0x000000ba   Code   RO          868    .text.i2c_wait_ack  lto-llvm-8f1da8.o
    0x08004742   0x08004742   0x00000002   PAD
    0x08004744   0x08004744   0x00000086   Code   RO          846    .text.i2c_wr_register  lto-llvm-8f1da8.o
    0x080047ca   0x080047ca   0x00000002   PAD
    0x080047cc   0x080047cc   0x00000004   Code   RO          810    .text.iap_command_handle  lto-llvm-8f1da8.o
    0x080047d0   0x080047d0   0x00000018   Code   RO          494    .text.iap_function  lto-llvm-8f1da8.o
    0x080047e8   0x080047e8   0x0000002a   Code   RO          812    .text.iap_init      lto-llvm-8f1da8.o
    0x08004812   0x08004812   0x00000002   PAD
    0x08004814   0x08004814   0x000001e0   Code   RO          822    .text.key_event_check  lto-llvm-8f1da8.o
    0x080049f4   0x080049f4   0x00000014   Code   RO          492    .text.key_function  lto-llvm-8f1da8.o
    0x08004a08   0x08004a08   0x0000000c   Code   RO          768    .text.key_handle    lto-llvm-8f1da8.o
    0x08004a14   0x08004a14   0x00000026   Code   RO          814    .text.key_set_scan_interval  lto-llvm-8f1da8.o
    0x08004a3a   0x08004a3a   0x00000002   PAD
    0x08004a3c   0x08004a3c   0x00000064   Code   RO          816    .text.key_set_timing  lto-llvm-8f1da8.o
    0x08004aa0   0x08004aa0   0x00000048   Code   RO          820    .text.key_set_timing_simple  lto-llvm-8f1da8.o
    0x08004ae8   0x08004ae8   0x0000005c   Code   RO          842    .text.lcd_clear     lto-llvm-8f1da8.o
    0x08004b44   0x08004b44   0x0000001e   Code   RO          490    .text.lcd_function  lto-llvm-8f1da8.o
    0x08004b62   0x08004b62   0x00000002   PAD
    0x08004b64   0x08004b64   0x000001e0   Code   RO          844    .text.lcd_init      lto-llvm-8f1da8.o
    0x08004d44   0x08004d44   0x00000032   Code   RO          836    .text.lcd_read_id   lto-llvm-8f1da8.o
    0x08004d76   0x08004d76   0x00000002   PAD
    0x08004d78   0x08004d78   0x0000006c   Code   RO          838    .text.lcd_set_block  lto-llvm-8f1da8.o
    0x08004de4   0x08004de4   0x000000c0   Code   RO          828    .text.lcd_set_display_mode  lto-llvm-8f1da8.o
    0x08004ea4   0x08004ea4   0x0000005a   Code   RO          834    .text.lcd_update_info  lto-llvm-8f1da8.o
    0x08004efe   0x08004efe   0x00000002   PAD
    0x08004f00   0x08004f00   0x00000014   Code   RO          830    .text.lcd_wr_command  lto-llvm-8f1da8.o
    0x08004f14   0x08004f14   0x00000016   Code   RO          832    .text.lcd_wr_data   lto-llvm-8f1da8.o
    0x08004f2a   0x08004f2a   0x00000002   PAD
    0x08004f2c   0x08004f2c   0x0000001c   Code   RO          840    .text.lcd_write_one_point  lto-llvm-8f1da8.o
    0x08004f48   0x08004f48   0x00000014   Code   RO          500    .text.led_function  lto-llvm-8f1da8.o
    0x08004f5c   0x08004f5c   0x000000b4   Code   RO          416    .text.main          lto-llvm-8f1da8.o
    0x08005010   0x08005010   0x00000048   Code   RO          818    .text.ms_to_scan_count  lto-llvm-8f1da8.o
    0x08005058   0x08005058   0x00000036   Code   RO          736    .text.nvic_irq_enable  lto-llvm-8f1da8.o
    0x0800508e   0x0800508e   0x00000002   PAD
    0x08005090   0x08005090   0x00000016   Code   RO          746    .text.nvic_priority_group_config  lto-llvm-8f1da8.o
    0x080050a6   0x080050a6   0x00000002   PAD
    0x080050a8   0x080050a8   0x00000030   Code   RO          502    .text.pc_function   lto-llvm-8f1da8.o
    0x080050d8   0x080050d8   0x00000018   Code   RO         1098    .text.perfc_convert_ms_to_ticks  lto-llvm-8f1da8.o
    0x080050f0   0x080050f0   0x00000020   Code   RO         1100    .text.perfc_convert_ticks_to_ms  lto-llvm-8f1da8.o
    0x08005110   0x08005110   0x00000070   Code   RO         1092    .text.perfc_convert_ticks_to_us  lto-llvm-8f1da8.o
    0x08005180   0x08005180   0x0000005a   Code   RO         1090    .text.perfc_convert_us_to_ticks  lto-llvm-8f1da8.o
    0x080051da   0x080051da   0x00000002   PAD
    0x080051dc   0x080051dc   0x000000a2   Code   RO         1096    .text.perfc_delay_ms  lto-llvm-8f1da8.o
    0x0800527e   0x0800527e   0x00000002   PAD
    0x08005280   0x08005280   0x0000000a   Code   RO         1094    .text.perfc_delay_ms_user_code_in_loop  lto-llvm-8f1da8.o
    0x0800528a   0x0800528a   0x00000002   PAD
    0x0800528c   0x0800528c   0x000000a2   Code   RO         1088    .text.perfc_delay_us  lto-llvm-8f1da8.o
    0x0800532e   0x0800532e   0x00000002   PAD
    0x08005330   0x08005330   0x0000000a   Code   RO         1086    .text.perfc_delay_us_user_code_in_loop  lto-llvm-8f1da8.o
    0x0800533a   0x0800533a   0x00000002   PAD
    0x0800533c   0x0800533c   0x00000072   Code   RO         1062    .text.perfc_init    lto-llvm-8f1da8.o
    0x080053ae   0x080053ae   0x00000002   PAD
    0x080053b0   0x080053b0   0x00000010   Code   RO         1122    .text.perfc_port_clear_system_timer_ovf_pending  lto-llvm-8f1da8.o
    0x080053c0   0x080053c0   0x00000014   Code   RO         1080    .text.perfc_port_disable_global_interrupt  lto-llvm-8f1da8.o
    0x080053d4   0x080053d4   0x00000020   Code   RO         1120    .text.perfc_port_get_system_timer_elapsed  lto-llvm-8f1da8.o
    0x080053f4   0x080053f4   0x0000000c   Code   RO         1114    .text.perfc_port_get_system_timer_freq  lto-llvm-8f1da8.o
    0x08005400   0x08005400   0x0000000e   Code   RO         1118    .text.perfc_port_get_system_timer_top  lto-llvm-8f1da8.o
    0x0800540e   0x0800540e   0x00000002   PAD
    0x08005410   0x08005410   0x0000007c   Code   RO         1108    .text.perfc_port_init_system_timer  lto-llvm-8f1da8.o
    0x0800548c   0x0800548c   0x0000004e   Code   RO         1082    .text.perfc_port_insert_to_system_timer_insert_ovf_handler  lto-llvm-8f1da8.o
    0x080054da   0x080054da   0x00000002   PAD
    0x080054dc   0x080054dc   0x00000010   Code   RO         1116    .text.perfc_port_is_system_timer_ovf_pending  lto-llvm-8f1da8.o
    0x080054ec   0x080054ec   0x00000014   Code   RO         1064    .text.perfc_port_mask_systimer_interrupt  lto-llvm-8f1da8.o
    0x08005500   0x08005500   0x00000014   Code   RO         1110    .text.perfc_port_mask_systimer_interrupt.448  lto-llvm-8f1da8.o
    0x08005514   0x08005514   0x00000012   Code   RO         1084    .text.perfc_port_resume_global_interrupt  lto-llvm-8f1da8.o
    0x08005526   0x08005526   0x00000002   PAD
    0x08005528   0x08005528   0x00000012   Code   RO         1066    .text.perfc_port_resume_systimer_interrupt  lto-llvm-8f1da8.o
    0x0800553a   0x0800553a   0x00000002   PAD
    0x0800553c   0x0800553c   0x00000012   Code   RO         1112    .text.perfc_port_resume_systimer_interrupt.449  lto-llvm-8f1da8.o
    0x0800554e   0x0800554e   0x00000002   PAD
    0x08005550   0x08005550   0x0000006a   Code   RO          806    .text.prov_config_ap  lto-llvm-8f1da8.o
    0x080055ba   0x080055ba   0x00000002   PAD
    0x080055bc   0x080055bc   0x00000200   Code   RO          800    .text.prov_connect_to_ap  lto-llvm-8f1da8.o
    0x080057bc   0x080057bc   0x000000b0   Code   RO          792    .text.prov_create_tcp_server  lto-llvm-8f1da8.o
    0x0800586c   0x0800586c   0x00000034   Code   RO          808    .text.prov_enable_dhcp_server  lto-llvm-8f1da8.o
    0x080058a0   0x080058a0   0x00000094   Code   RO          802    .text.prov_generate_config_page  lto-llvm-8f1da8.o
    0x08005934   0x08005934   0x00000152   Code   RO          796    .text.prov_handle_http_request  lto-llvm-8f1da8.o
    0x08005a86   0x08005a86   0x00000002   PAD
    0x08005a88   0x08005a88   0x00000254   Code   RO          804    .text.prov_parse_post_data  lto-llvm-8f1da8.o
    0x08005cdc   0x08005cdc   0x00000232   Code   RO          790    .text.prov_scan_networks  lto-llvm-8f1da8.o
    0x08005f0e   0x08005f0e   0x00000002   PAD
    0x08005f10   0x08005f10   0x00000030   Code   RO          780    .text.prov_send_at_cmd  lto-llvm-8f1da8.o
    0x08005f40   0x08005f40   0x00000148   Code   RO          798    .text.prov_send_socket_response  lto-llvm-8f1da8.o
    0x08006088   0x08006088   0x00000014   Code   RO          794    .text.prov_set_socket_recv_mode  lto-llvm-8f1da8.o
    0x0800609c   0x0800609c   0x000001a6   Code   RO          788    .text.prov_setup_ap  lto-llvm-8f1da8.o
    0x08006242   0x08006242   0x00000002   PAD
    0x08006244   0x08006244   0x00000042   Code   RO          776    .text.prov_timer_callback  lto-llvm-8f1da8.o
    0x08006286   0x08006286   0x00000002   PAD
    0x08006288   0x08006288   0x000000d4   Code   RO          954    .text.prvAddCurrentTaskToDelayedList  lto-llvm-8f1da8.o
    0x0800635c   0x0800635c   0x00000122   Code   RO          942    .text.prvAddNewTaskToReadyList  lto-llvm-8f1da8.o
    0x0800647e   0x0800647e   0x00000002   PAD
    0x08006480   0x08006480   0x00000074   Code   RO          988    .text.prvCheckForValidListAndQueue  lto-llvm-8f1da8.o
    0x080064f4   0x080064f4   0x0000005a   Code   RO          966    .text.prvCheckTasksWaitingTermination  lto-llvm-8f1da8.o
    0x0800654e   0x0800654e   0x00000002   PAD
    0x08006550   0x08006550   0x00000042   Code   RO          930    .text.prvCopyDataFromQueue  lto-llvm-8f1da8.o
    0x08006592   0x08006592   0x00000002   PAD
    0x08006594   0x08006594   0x000000cc   Code   RO          918    .text.prvCopyDataToQueue  lto-llvm-8f1da8.o
    0x08006660   0x08006660   0x0000005e   Code   RO          948    .text.prvDeleteTCB  lto-llvm-8f1da8.o
    0x080066be   0x080066be   0x00000002   PAD
    0x080066c0   0x080066c0   0x00000040   Code   RO          992    .text.prvGetNextExpireTime  lto-llvm-8f1da8.o
    0x08006700   0x08006700   0x000000ba   Code   RO         1014    .text.prvHeapInit   lto-llvm-8f1da8.o
    0x080067ba   0x080067ba   0x00000002   PAD
    0x080067bc   0x080067bc   0x00000038   Code   RO          964    .text.prvIdleTask   lto-llvm-8f1da8.o
    0x080067f4   0x080067f4   0x00000046   Code   RO          912    .text.prvInitialiseNewQueue  lto-llvm-8f1da8.o
    0x0800683a   0x0800683a   0x00000002   PAD
    0x0800683c   0x0800683c   0x00000120   Code   RO          940    .text.prvInitialiseNewTask  lto-llvm-8f1da8.o
    0x0800695c   0x0800695c   0x00000076   Code   RO         1010    .text.prvInitialiseNewTimer  lto-llvm-8f1da8.o
    0x080069d2   0x080069d2   0x00000002   PAD
    0x080069d4   0x080069d4   0x0000008a   Code   RO          944    .text.prvInitialiseTaskLists  lto-llvm-8f1da8.o
    0x08006a5e   0x08006a5e   0x00000002   PAD
    0x08006a60   0x08006a60   0x000000c6   Code   RO         1016    .text.prvInsertBlockIntoFreeList  lto-llvm-8f1da8.o
    0x08006b26   0x08006b26   0x00000002   PAD
    0x08006b28   0x08006b28   0x00000086   Code   RO         1000    .text.prvInsertTimerInActiveList  lto-llvm-8f1da8.o
    0x08006bae   0x08006bae   0x00000002   PAD
    0x08006bb0   0x08006bb0   0x00000028   Code   RO          924    .text.prvIsQueueEmpty  lto-llvm-8f1da8.o
    0x08006bd8   0x08006bd8   0x0000002e   Code   RO          920    .text.prvIsQueueFull  lto-llvm-8f1da8.o
    0x08006c06   0x08006c06   0x00000002   PAD
    0x08006c08   0x08006c08   0x00000028   Code   RO          524    .text.prvPortStartFirstTask  lto-llvm-8f1da8.o
    0x08006c30   0x08006c30   0x00000088   Code   RO         1006    .text.prvProcessExpiredTimer  lto-llvm-8f1da8.o
    0x08006cb8   0x08006cb8   0x00000188   Code   RO          996    .text.prvProcessReceivedCommands  lto-llvm-8f1da8.o
    0x08006e40   0x08006e40   0x0000009a   Code   RO          994    .text.prvProcessTimerOrBlockTask  lto-llvm-8f1da8.o
    0x08006eda   0x08006eda   0x00000002   PAD
    0x08006edc   0x08006edc   0x0000003c   Code   RO          950    .text.prvResetNextTaskUnblockTime  lto-llvm-8f1da8.o
    0x08006f18   0x08006f18   0x00000044   Code   RO          998    .text.prvSampleTimeNow  lto-llvm-8f1da8.o
    0x08006f5c   0x08006f5c   0x000000ce   Code   RO         1004    .text.prvSwitchTimerLists  lto-llvm-8f1da8.o
    0x0800702a   0x0800702a   0x00000002   PAD
    0x0800702c   0x0800702c   0x0000004c   Code   RO          514    .text.prvTaskExitError  lto-llvm-8f1da8.o
    0x08007078   0x08007078   0x0000001e   Code   RO          990    .text.prvTimerTask  lto-llvm-8f1da8.o
    0x08007096   0x08007096   0x00000002   PAD
    0x08007098   0x08007098   0x000000b2   Code   RO          922    .text.prvUnlockQueue  lto-llvm-8f1da8.o
    0x0800714a   0x0800714a   0x00000002   PAD
    0x0800714c   0x0800714c   0x0000021c   Code   RO         1012    .text.pvPortMalloc  lto-llvm-8f1da8.o
    0x08007368   0x08007368   0x0000005e   Code   RO          512    .text.pxPortInitialiseStack  lto-llvm-8f1da8.o
    0x080073c6   0x080073c6   0x00000002   PAD
    0x080073c8   0x080073c8   0x0000002e   Code   RO          824    .text.read_key_level  lto-llvm-8f1da8.o
    0x080073f6   0x080073f6   0x00000002   PAD
    0x080073f8   0x080073f8   0x0000003c   Code   RO         1072    .text.reinterpret_q16_f32  lto-llvm-8f1da8.o
    0x08007434   0x08007434   0x0000002c   Code   RO          660    .text.spi_default_para_init  lto-llvm-8f1da8.o
    0x08007460   0x08007460   0x00000028   Code   RO          664    .text.spi_enable    lto-llvm-8f1da8.o
    0x08007488   0x08007488   0x00000020   Code   RO          668    .text.spi_i2s_dma_receiver_enable  lto-llvm-8f1da8.o
    0x080074a8   0x080074a8   0x00000028   Code   RO          666    .text.spi_i2s_dma_transmitter_enable  lto-llvm-8f1da8.o
    0x080074d0   0x080074d0   0x000001ba   Code   RO          662    .text.spi_init      lto-llvm-8f1da8.o
    0x0800768a   0x0800768a   0x00000002   PAD
    0x0800768c   0x0800768c   0x00000068   Code   RO         1024    .text.stdout_putchar  lto-llvm-8f1da8.o
    0x080076f4   0x080076f4   0x00000196   Code   RO          764    .text.system_core_clock_update  lto-llvm-8f1da8.o
    0x0800788a   0x0800788a   0x00000002   PAD
    0x0800788c   0x0800788c   0x00000022   Code   RO          572    .text.tmr_base_init  lto-llvm-8f1da8.o
    0x080078ae   0x080078ae   0x00000002   PAD
    0x080078b0   0x080078b0   0x0000005a   Code   RO          580    .text.tmr_channel_value_set  lto-llvm-8f1da8.o
    0x0800790a   0x0800790a   0x00000002   PAD
    0x0800790c   0x0800790c   0x00000024   Code   RO          574    .text.tmr_clock_source_div_set  lto-llvm-8f1da8.o
    0x08007930   0x08007930   0x00000022   Code   RO          576    .text.tmr_cnt_dir_set  lto-llvm-8f1da8.o
    0x08007952   0x08007952   0x00000002   PAD
    0x08007954   0x08007954   0x0000001c   Code   RO          570    .text.tmr_counter_enable  lto-llvm-8f1da8.o
    0x08007970   0x08007970   0x00000042   Code   RO          594    .text.tmr_interrupt_enable  lto-llvm-8f1da8.o
    0x080079b2   0x080079b2   0x00000002   PAD
    0x080079b4   0x080079b4   0x00000028   Code   RO          588    .text.tmr_one_cycle_mode_enable  lto-llvm-8f1da8.o
    0x080079dc   0x080079dc   0x00000098   Code   RO          584    .text.tmr_output_channel_buffer_enable  lto-llvm-8f1da8.o
    0x08007a74   0x08007a74   0x00000222   Code   RO          578    .text.tmr_output_channel_config  lto-llvm-8f1da8.o
    0x08007c96   0x08007c96   0x00000002   PAD
    0x08007c98   0x08007c98   0x00000098   Code   RO          586    .text.tmr_output_channel_immediately_set  lto-llvm-8f1da8.o
    0x08007d30   0x08007d30   0x00000024   Code   RO          582    .text.tmr_period_buffer_enable  lto-llvm-8f1da8.o
    0x08007d54   0x08007d54   0x00000024   Code   RO          590    .text.tmr_primary_mode_select  lto-llvm-8f1da8.o
    0x08007d78   0x08007d78   0x00000024   Code   RO          592    .text.tmr_sub_sync_mode_set  lto-llvm-8f1da8.o
    0x08007d9c   0x08007d9c   0x00000010   Code   RO          854    .text.touch_delay_us  lto-llvm-8f1da8.o
    0x08007dac   0x08007dac   0x0000004c   Code   RO          882    .text.uart4_send_bytes  lto-llvm-8f1da8.o
    0x08007df8   0x08007df8   0x00000144   Code   RO         1068    .text.update_perf_counter  lto-llvm-8f1da8.o
    0x08007f3c   0x08007f3c   0x0000000e   Code   RO          624    .text.usart_data_receive  lto-llvm-8f1da8.o
    0x08007f4a   0x08007f4a   0x00000002   PAD
    0x08007f4c   0x08007f4c   0x00000020   Code   RO          622    .text.usart_data_transmit  lto-llvm-8f1da8.o
    0x08007f6c   0x08007f6c   0x00000024   Code   RO          614    .text.usart_enable  lto-llvm-8f1da8.o
    0x08007f90   0x08007f90   0x00000028   Code   RO          632    .text.usart_flag_clear  lto-llvm-8f1da8.o
    0x08007fb8   0x08007fb8   0x00000032   Code   RO          628    .text.usart_flag_get  lto-llvm-8f1da8.o
    0x08007fea   0x08007fea   0x00000002   PAD
    0x08007fec   0x08007fec   0x00000092   Code   RO          626    .text.usart_hardware_flow_control_set  lto-llvm-8f1da8.o
    0x0800807e   0x0800807e   0x00000002   PAD
    0x08008080   0x08008080   0x00000104   Code   RO          610    .text.usart_init    lto-llvm-8f1da8.o
    0x08008184   0x08008184   0x0000004c   Code   RO          620    .text.usart_interrupt_enable  lto-llvm-8f1da8.o
    0x080081d0   0x080081d0   0x0000011e   Code   RO          630    .text.usart_interrupt_flag_get  lto-llvm-8f1da8.o
    0x080082ee   0x080082ee   0x00000002   PAD
    0x080082f0   0x080082f0   0x00000070   Code   RO          612    .text.usart_parity_selection_config  lto-llvm-8f1da8.o
    0x08008360   0x08008360   0x00000024   Code   RO          618    .text.usart_receiver_enable  lto-llvm-8f1da8.o
    0x08008384   0x08008384   0x00000024   Code   RO          616    .text.usart_transmitter_enable  lto-llvm-8f1da8.o
    0x080083a8   0x080083a8   0x00000008   Code   RO          874    .text.usr_touchInit  lto-llvm-8f1da8.o
    0x080083b0   0x080083b0   0x00000048   Code   RO          906    .text.uxListRemove  lto-llvm-8f1da8.o
    0x080083f8   0x080083f8   0x0000002a   Code   RO          484    .text.vApplicationGetIdleTaskMemory  lto-llvm-8f1da8.o
    0x08008422   0x08008422   0x00000002   PAD
    0x08008424   0x08008424   0x0000002c   Code   RO          486    .text.vApplicationGetTimerTaskMemory  lto-llvm-8f1da8.o
    0x08008450   0x08008450   0x0000002e   Code   RO          898    .text.vListInitialise  lto-llvm-8f1da8.o
    0x0800847e   0x0800847e   0x00000002   PAD
    0x08008480   0x08008480   0x0000000e   Code   RO          900    .text.vListInitialiseItem  lto-llvm-8f1da8.o
    0x0800848e   0x0800848e   0x00000002   PAD
    0x08008490   0x08008490   0x0000006a   Code   RO          904    .text.vListInsert   lto-llvm-8f1da8.o
    0x080084fa   0x080084fa   0x00000002   PAD
    0x080084fc   0x080084fc   0x0000003a   Code   RO          902    .text.vListInsertEnd  lto-llvm-8f1da8.o
    0x08008536   0x08008536   0x00000002   PAD
    0x08008538   0x08008538   0x00000014   Code   RO          522    .text.vPortEnableVFP  lto-llvm-8f1da8.o
    0x0800854c   0x0800854c   0x00000056   Code   RO          526    .text.vPortEnterCritical  lto-llvm-8f1da8.o
    0x080085a2   0x080085a2   0x00000002   PAD
    0x080085a4   0x080085a4   0x0000004a   Code   RO          528    .text.vPortExitCritical  lto-llvm-8f1da8.o
    0x080085ee   0x080085ee   0x00000002   PAD
    0x080085f0   0x080085f0   0x000000e6   Code   RO         1018    .text.vPortFree     lto-llvm-8f1da8.o
    0x080086d6   0x080086d6   0x00000002   PAD
    0x080086d8   0x080086d8   0x00000044   Code   RO          520    .text.vPortSetupTimerInterrupt  lto-llvm-8f1da8.o
    0x0800871c   0x0800871c   0x00000084   Code   RO          534    .text.vPortValidateInterruptPriority  lto-llvm-8f1da8.o
    0x080087a0   0x080087a0   0x0000005c   Code   RO          932    .text.vQueueAddToRegistry  lto-llvm-8f1da8.o
    0x080087fc   0x080087fc   0x00000064   Code   RO          934    .text.vQueueWaitForMessageRestricted  lto-llvm-8f1da8.o
    0x08008860   0x08008860   0x0000006e   Code   RO          960    .text.vTaskDelay    lto-llvm-8f1da8.o
    0x080088ce   0x080088ce   0x00000002   PAD
    0x080088d0   0x080088d0   0x00000024   Code   RO          976    .text.vTaskInternalSetTimeOutState  lto-llvm-8f1da8.o
    0x080088f4   0x080088f4   0x0000000e   Code   RO          980    .text.vTaskMissedYield  lto-llvm-8f1da8.o
    0x08008902   0x08008902   0x00000002   PAD
    0x08008904   0x08008904   0x00000042   Code   RO          970    .text.vTaskPlaceOnEventList  lto-llvm-8f1da8.o
    0x08008946   0x08008946   0x00000002   PAD
    0x08008948   0x08008948   0x00000052   Code   RO          972    .text.vTaskPlaceOnEventListRestricted  lto-llvm-8f1da8.o
    0x0800899a   0x0800899a   0x00000002   PAD
    0x0800899c   0x0800899c   0x000000da   Code   RO          962    .text.vTaskStartScheduler  lto-llvm-8f1da8.o
    0x08008a76   0x08008a76   0x00000002   PAD
    0x08008a78   0x08008a78   0x00000010   Code   RO          952    .text.vTaskSuspendAll  lto-llvm-8f1da8.o
    0x08008a88   0x08008a88   0x000000c6   Code   RO          936    .text.vTaskSwitchContext  lto-llvm-8f1da8.o
    0x08008b4e   0x08008b4e   0x00000002   PAD
    0x08008b50   0x08008b50   0x00000010   Code   RO          718    .text.wdt_counter_reload  lto-llvm-8f1da8.o
    0x08008b60   0x08008b60   0x00000020   Code   RO          722    .text.wdt_divider_set  lto-llvm-8f1da8.o
    0x08008b80   0x08008b80   0x00000014   Code   RO          498    .text.wdt_function  lto-llvm-8f1da8.o
    0x08008b94   0x08008b94   0x00000032   Code   RO          724    .text.wdt_register_write_enable  lto-llvm-8f1da8.o
    0x08008bc6   0x08008bc6   0x00000002   PAD
    0x08008bc8   0x08008bc8   0x0000001c   Code   RO          720    .text.wdt_reload_value_set  lto-llvm-8f1da8.o
    0x08008be4   0x08008be4   0x0000009c   Code   RO          504    .text.wifi_function  lto-llvm-8f1da8.o
    0x08008c80   0x08008c80   0x000000c6   Code   RO          772    .text.wifi_handle_init  lto-llvm-8f1da8.o
    0x08008d46   0x08008d46   0x00000002   PAD
    0x08008d48   0x08008d48   0x00000040   Code   RO          784    .text.wifi_provision_get_result  lto-llvm-8f1da8.o
    0x08008d88   0x08008d88   0x0000000c   Code   RO          782    .text.wifi_provision_get_state  lto-llvm-8f1da8.o
    0x08008d94   0x08008d94   0x0000048c   Code   RO          786    .text.wifi_provision_process  lto-llvm-8f1da8.o
    0x08009220   0x08009220   0x00000116   Code   RO          774    .text.wifi_provision_start  lto-llvm-8f1da8.o
    0x08009336   0x08009336   0x00000002   PAD
    0x08009338   0x08009338   0x00000058   Code   RO          778    .text.wifi_provision_stop  lto-llvm-8f1da8.o
    0x08009390   0x08009390   0x0000007e   Code   RO          884    .text.wifi_recv_raw  lto-llvm-8f1da8.o
    0x0800940e   0x0800940e   0x00000002   PAD
    0x08009410   0x08009410   0x00000156   Code   RO          888    .text.wifi_send_at_cmd  lto-llvm-8f1da8.o
    0x08009566   0x08009566   0x00000002   PAD
    0x08009568   0x08009568   0x00000022   Code   RO          880    .text.wifi_send_raw  lto-llvm-8f1da8.o
    0x0800958a   0x0800958a   0x00000002   PAD
    0x0800958c   0x0800958c   0x00000026   Code   RO          886    .text.wifi_uart_clear_rx  lto-llvm-8f1da8.o
    0x080095b2   0x080095b2   0x00000002   PAD
    0x080095b4   0x080095b4   0x00000024   Code   RO          876    .text.wifi_uart_init  lto-llvm-8f1da8.o
    0x080095d8   0x080095d8   0x00000052   Code   RO          878    .text.wifi_uart_rx_isr  lto-llvm-8f1da8.o
    0x0800962a   0x0800962a   0x00000002   PAD
    0x0800962c   0x0800962c   0x0000006a   Code   RO          466    .text.wk_adc1_init  lto-llvm-8f1da8.o
    0x08009696   0x08009696   0x00000002   PAD
    0x08009698   0x08009698   0x0000001c   Code   RO          452    .text.wk_crc_init   lto-llvm-8f1da8.o
    0x080096b4   0x080096b4   0x00000010   Code   RO          462    .text.wk_debug_config  lto-llvm-8f1da8.o
    0x080096c4   0x080096c4   0x0000004c   Code   RO          454    .text.wk_dma1_channel1_init  lto-llvm-8f1da8.o
    0x08009710   0x08009710   0x0000004c   Code   RO          456    .text.wk_dma1_channel2_init  lto-llvm-8f1da8.o
    0x0800975c   0x0800975c   0x0000004e   Code   RO          458    .text.wk_dma1_channel3_init  lto-llvm-8f1da8.o
    0x080097aa   0x080097aa   0x00000002   PAD
    0x080097ac   0x080097ac   0x00000026   Code   RO          460    .text.wk_dma_channel_config  lto-llvm-8f1da8.o
    0x080097d2   0x080097d2   0x00000002   PAD
    0x080097d4   0x080097d4   0x00000056   Code   RO          468    .text.wk_exint_config  lto-llvm-8f1da8.o
    0x0800982a   0x0800982a   0x00000002   PAD
    0x0800982c   0x0800982c   0x00000018   Code   RO          510    .text.wk_freertos_init  lto-llvm-8f1da8.o
    0x08009844   0x08009844   0x00000182   Code   RO          464    .text.wk_gpio_config  lto-llvm-8f1da8.o
    0x080099c6   0x080099c6   0x00000002   PAD
    0x080099c8   0x080099c8   0x000000ac   Code   RO          422    .text.wk_nvic_config  lto-llvm-8f1da8.o
    0x08009a74   0x08009a74   0x00000094   Code   RO          420    .text.wk_periph_clock_config  lto-llvm-8f1da8.o
    0x08009b08   0x08009b08   0x000000ca   Code   RO          470    .text.wk_spi4_init  lto-llvm-8f1da8.o
    0x08009bd2   0x08009bd2   0x00000002   PAD
    0x08009bd4   0x08009bd4   0x00000092   Code   RO          418    .text.wk_system_clock_config  lto-llvm-8f1da8.o
    0x08009c66   0x08009c66   0x00000002   PAD
    0x08009c68   0x08009c68   0x0000004c   Code   RO          472    .text.wk_tmr2_init  lto-llvm-8f1da8.o
    0x08009cb4   0x08009cb4   0x000000b4   Code   RO          474    .text.wk_tmr3_init  lto-llvm-8f1da8.o
    0x08009d68   0x08009d68   0x0000003e   Code   RO          476    .text.wk_tmr5_init  lto-llvm-8f1da8.o
    0x08009da6   0x08009da6   0x00000002   PAD
    0x08009da8   0x08009da8   0x000000ae   Code   RO          538    .text.wk_uart4_init  lto-llvm-8f1da8.o
    0x08009e56   0x08009e56   0x00000002   PAD
    0x08009e58   0x08009e58   0x000000a6   Code   RO          536    .text.wk_usart1_init  lto-llvm-8f1da8.o
    0x08009efe   0x08009efe   0x00000002   PAD
    0x08009f00   0x08009f00   0x00000014   Code   RO          478    .text.wk_wdt_init   lto-llvm-8f1da8.o
    0x08009f14   0x08009f14   0x00000084   Code   RO          482    .text.wk_xmc_bank1_nor_sram4_init  lto-llvm-8f1da8.o
    0x08009f98   0x08009f98   0x000001aa   Code   RO          480    .text.wk_xmc_gpio_init  lto-llvm-8f1da8.o
    0x0800a142   0x0800a142   0x00000002   PAD
    0x0800a144   0x0800a144   0x00000152   Code   RO          518    .text.xPortStartScheduler  lto-llvm-8f1da8.o
    0x0800a296   0x0800a296   0x00000002   PAD
    0x0800a298   0x0800a298   0x0000003c   Code   RO          532    .text.xPortSysTickHandler  lto-llvm-8f1da8.o
    0x0800a2d4   0x0800a2d4   0x000000d0   Code   RO          914    .text.xQueueGenericCreate  lto-llvm-8f1da8.o
    0x0800a3a4   0x0800a3a4   0x00000110   Code   RO          910    .text.xQueueGenericCreateStatic  lto-llvm-8f1da8.o
    0x0800a4b4   0x0800a4b4   0x000000ba   Code   RO          908    .text.xQueueGenericReset  lto-llvm-8f1da8.o
    0x0800a56e   0x0800a56e   0x00000002   PAD
    0x0800a570   0x0800a570   0x00000218   Code   RO          916    .text.xQueueGenericSend  lto-llvm-8f1da8.o
    0x0800a788   0x0800a788   0x00000162   Code   RO          926    .text.xQueueGenericSendFromISR  lto-llvm-8f1da8.o
    0x0800a8ea   0x0800a8ea   0x00000002   PAD
    0x0800a8ec   0x0800a8ec   0x000001ce   Code   RO          928    .text.xQueueReceive  lto-llvm-8f1da8.o
    0x0800aaba   0x0800aaba   0x00000002   PAD
    0x0800aabc   0x0800aabc   0x000000d2   Code   RO          978    .text.xTaskCheckForTimeOut  lto-llvm-8f1da8.o
    0x0800ab8e   0x0800ab8e   0x00000002   PAD
    0x0800ab90   0x0800ab90   0x00000094   Code   RO          946    .text.xTaskCreate   lto-llvm-8f1da8.o
    0x0800ac24   0x0800ac24   0x000000ca   Code   RO          938    .text.xTaskCreateStatic  lto-llvm-8f1da8.o
    0x0800acee   0x0800acee   0x00000002   PAD
    0x0800acf0   0x0800acf0   0x00000038   Code   RO          982    .text.xTaskGetSchedulerState  lto-llvm-8f1da8.o
    0x0800ad28   0x0800ad28   0x00000014   Code   RO          968    .text.xTaskGetTickCount  lto-llvm-8f1da8.o
    0x0800ad3c   0x0800ad3c   0x000001c4   Code   RO          958    .text.xTaskIncrementTick  lto-llvm-8f1da8.o
    0x0800af00   0x0800af00   0x000000ec   Code   RO          984    .text.xTaskPriorityDisinherit  lto-llvm-8f1da8.o
    0x0800afec   0x0800afec   0x000000ce   Code   RO          974    .text.xTaskRemoveFromEventList  lto-llvm-8f1da8.o
    0x0800b0ba   0x0800b0ba   0x00000002   PAD
    0x0800b0bc   0x0800b0bc   0x00000186   Code   RO          956    .text.xTaskResumeAll  lto-llvm-8f1da8.o
    0x0800b242   0x0800b242   0x00000002   PAD
    0x0800b244   0x0800b244   0x0000005a   Code   RO         1008    .text.xTimerCreate  lto-llvm-8f1da8.o
    0x0800b29e   0x0800b29e   0x00000002   PAD
    0x0800b2a0   0x0800b2a0   0x00000086   Code   RO          986    .text.xTimerCreateTimerTask  lto-llvm-8f1da8.o
    0x0800b326   0x0800b326   0x00000002   PAD
    0x0800b328   0x0800b328   0x000000a8   Code   RO         1002    .text.xTimerGenericCommand  lto-llvm-8f1da8.o
    0x0800b3d0   0x0800b3d0   0x0000004a   Code   RO          760    .text.xmc_ext_timing_config  lto-llvm-8f1da8.o
    0x0800b41a   0x0800b41a   0x00000002   PAD
    0x0800b41c   0x0800b41c   0x0000002a   Code   RO          758    .text.xmc_nor_sram_enable  lto-llvm-8f1da8.o
    0x0800b446   0x0800b446   0x00000002   PAD
    0x0800b448   0x0800b448   0x00000064   Code   RO          750    .text.xmc_nor_sram_init  lto-llvm-8f1da8.o
    0x0800b4ac   0x0800b4ac   0x00000094   Code   RO          752    .text.xmc_nor_sram_timing_config  lto-llvm-8f1da8.o
    0x0800b540   0x0800b540   0x00000048   Code   RO          754    .text.xmc_norsram_default_para_init  lto-llvm-8f1da8.o
    0x0800b588   0x0800b588   0x00000058   Code   RO          756    .text.xmc_norsram_timing_default_para_init  lto-llvm-8f1da8.o
    0x0800b5e0   0x0800b5e0   0x00000020   Code   RO          199    i.__0printf         mc_w.l(printfa.o)
    0x0800b600   0x0800b600   0x00000034   Code   RO          200    i.__0snprintf       mc_w.l(printfa.o)
    0x0800b634   0x0800b634   0x00000008   Code   RO          336    i.__aeabi_errno_addr  mc_w.l(errno.o)
    0x0800b63c   0x0800b63c   0x0000000e   Code   RO         1251    i.__scatterload_copy  mc_w.l(handlers.o)
    0x0800b64a   0x0800b64a   0x00000002   Code   RO         1252    i.__scatterload_null  mc_w.l(handlers.o)
    0x0800b64c   0x0800b64c   0x0000000e   Code   RO         1253    i.__scatterload_zeroinit  mc_w.l(handlers.o)
    0x0800b65a   0x0800b65a   0x00000002   PAD
    0x0800b65c   0x0800b65c   0x00000184   Code   RO          206    i._fp_digits        mc_w.l(printfa.o)
    0x0800b7e0   0x0800b7e0   0x0000000e   Code   RO          351    i._is_digit         mc_w.l(scanf_fp.o)
    0x0800b7ee   0x0800b7ee   0x00000002   PAD
    0x0800b7f0   0x0800b7f0   0x000006dc   Code   RO          207    i._printf_core      mc_w.l(printfa.o)
    0x0800becc   0x0800becc   0x00000024   Code   RO          208    i._printf_post_padding  mc_w.l(printfa.o)
    0x0800bef0   0x0800bef0   0x0000002e   Code   RO          209    i._printf_pre_padding  mc_w.l(printfa.o)
    0x0800bf1e   0x0800bf1e   0x00000016   Code   RO          210    i._snputc           mc_w.l(printfa.o)
    0x0800bf34   0x0800bf34   0x00000081   Data   RO          309    .constdata          mc_w.l(ctype_o.o)
    0x0800bfb5   0x0800bfb5   0x00000003   PAD
    0x0800bfb8   0x0800bfb8   0x00000004   Data   RO          310    .constdata          mc_w.l(ctype_o.o)
    0x0800bfbc   0x0800bfbc   0x00000018   Data   RO         1221    .rodata.EventRecorderInfo  lto-llvm-8f1da8.o
    0x0800bfd4   0x0800bfd4   0x00000010   Data   RO         1150    .rodata.cst16       lto-llvm-8f1da8.o
    0x0800bfe4   0x0800bfe4   0x00000010   Data   RO         1149    .rodata.cst8        lto-llvm-8f1da8.o
    0x0800bff4   0x0800bff4   0x00000024   Data   RO         1160    .rodata.keys        lto-llvm-8f1da8.o
    0x0800c018   0x0800c018   0x00000cdf   Data   RO         1131    .rodata.str1.1      lto-llvm-8f1da8.o
    0x0800ccf7   0x0800ccf7   0x00000001   PAD
    0x0800ccf8   0x0800ccf8   0x00000004   Data   RO         1180    .rodata.uxTopUsedPriority  lto-llvm-8f1da8.o
    0x0800ccfc   0x0800ccfc   0x00000020   Data   RO         1250    Region$$Table       anon$$obj.o
    0x0800cd1c   0x0800cd1c   0x00000004   Data   RO         1222    .init_array         lto-llvm-8f1da8.o
    0x0800cd20   0x0800cd1c   0x00000000   Data   RO         1241    .init_array         mc_w.l(cpp_init.o)


    Execution Region RW_IRAM1 (Exec base: 0x20000000, Load base: 0x0800cd40, Size: 0x0000b9e8, Max: 0x00038000, ABSOLUTE)

    Exec Addr    Load Addr    Size         Type   Attr      Idx    E Section Name        Object

    0x20000000   0x0800cd40   0x00000004   Data   RW          178    .data               mc_w.l(stdout.o)
    0x20000004   0x0800cd44   0x00000004   Data   RW          193    .data               mc_w.l(strtok.o)
    0x20000008   0x0800cd48   0x00000004   Data   RW          339    .data               mc_w.l(errno.o)
    0x2000000c   0x0800cd4c   0x00000004   Data   RW         1225    .data.SystemCoreClock  lto-llvm-8f1da8.o
    0x20000010   0x0800cd50   0x00000008   Data   RW         1176    .data.g_lcd_info    lto-llvm-8f1da8.o
    0x20000018   0x0800cd58   0x00000002   Data   RW         1174    .data.g_scan_interval_ms  lto-llvm-8f1da8.o
    0x2000001a   0x0800cd5a   0x00000002   PAD
    0x2000001c   0x0800cd5c   0x00000014   Data   RW         1151    .data.key1          lto-llvm-8f1da8.o
    0x20000030   0x0800cd70   0x00000014   Data   RW         1152    .data.key2          lto-llvm-8f1da8.o
    0x20000044   0x0800cd84   0x00000014   Data   RW         1153    .data.key3          lto-llvm-8f1da8.o
    0x20000058   0x0800cd98   0x00000014   Data   RW         1154    .data.key4          lto-llvm-8f1da8.o
    0x2000006c   0x0800cdac   0x00000014   Data   RW         1155    .data.key5          lto-llvm-8f1da8.o
    0x20000080   0x0800cdc0   0x00000014   Data   RW         1156    .data.key6          lto-llvm-8f1da8.o
    0x20000094   0x0800cdd4   0x00000014   Data   RW         1157    .data.key7          lto-llvm-8f1da8.o
    0x200000a8   0x0800cde8   0x00000014   Data   RW         1158    .data.key8          lto-llvm-8f1da8.o
    0x200000bc   0x0800cdfc   0x00000014   Data   RW         1159    .data.key9          lto-llvm-8f1da8.o
    0x200000d0   0x0800ce10   0x00000001   Data   RW         1175    .data.lcd_dma_transfer_complete  lto-llvm-8f1da8.o
    0x200000d1   0x0800ce11   0x00000003   PAD
    0x200000d4   0x0800ce14   0x00000004   Data   RW         1148    .data.uxCriticalNesting  lto-llvm-8f1da8.o
    0x200000d8   0x0800ce18   0x00000028   PAD
    0x20000100        -       0x00000020   Zero   RW         1224    .bss.PERFC          lto-llvm-8f1da8.o
    0x20000120        -       0x00000004   Zero   RW         1135    .bss.beep_task_handle  lto-llvm-8f1da8.o
    0x20000124        -       0x00000002   Zero   RW         1142    .bss.breath_led.brightness  lto-llvm-8f1da8.o
    0x20000126        -       0x00000002   Zero   RW         1145    .bss.breath_led.compare_value  lto-llvm-8f1da8.o
    0x20000128        -       0x00000004   Zero   RW         1141    .bss.breath_led.counter  lto-llvm-8f1da8.o
    0x2000012c        -       0x00000001   Zero   RW         1143    .bss.breath_led.direction  lto-llvm-8f1da8.o
    0x2000012d        -       0x00000001   Zero   RW         1144    .bss.breath_led.pwm_counter  lto-llvm-8f1da8.o
    0x2000012e   0x0800ce18   0x00000002   PAD
    0x20000130        -       0x00000004   Zero   RW         1223    .bss.g_nOffset      lto-llvm-8f1da8.o
    0x20000134        -       0x00000001   Zero   RW         1161    .bss.handle_key_events.first_in  lto-llvm-8f1da8.o
    0x20000135        -       0x00000001   Zero   RW         1168    .bss.http_server_ready  lto-llvm-8f1da8.o
    0x20000136   0x0800ce18   0x00000002   PAD
    0x20000138        -       0x00000004   Zero   RW         1134    .bss.iap_task_handle  lto-llvm-8f1da8.o
    0x2000013c        -       0x00000200   Zero   RW         1128    .bss.idle_task_stack  lto-llvm-8f1da8.o
    0x2000033c        -       0x0000005c   Zero   RW         1127    .bss.idle_task_tcb  lto-llvm-8f1da8.o
    0x20000398        -       0x00000009   Zero   RW         1162    .bss.key_event      lto-llvm-8f1da8.o
    0x200003a1   0x0800ce18   0x00000003   PAD
    0x200003a4        -       0x00000004   Zero   RW         1133    .bss.key_task_handle  lto-llvm-8f1da8.o
    0x200003a8        -       0x00000004   Zero   RW         1132    .bss.lcd_task_handle  lto-llvm-8f1da8.o
    0x200003ac        -       0x00000004   Zero   RW         1137    .bss.led_task_handle  lto-llvm-8f1da8.o
    0x200003b0   0x0800ce18   0x00000010   PAD
    0x200003c0        -       0x000004a4   Zero   RW         1220    .bss.noinit         lto-llvm-8f1da8.o
    0x20000864        -       0x00000004   Zero   RW         1138    .bss.pc_task_handle  lto-llvm-8f1da8.o
    0x20000868        -       0x00000041   Zero   RW         1165    .bss.prov_ap_password  lto-llvm-8f1da8.o
    0x200008a9        -       0x00000021   Zero   RW         1164    .bss.prov_ap_ssid   lto-llvm-8f1da8.o
    0x200008ca        -       0x00000073   Zero   RW         1166    .bss.prov_result    lto-llvm-8f1da8.o
    0x2000093d        -       0x00000001   Zero   RW         1163    .bss.prov_state     lto-llvm-8f1da8.o
    0x2000093e   0x0800ce18   0x00000002   PAD
    0x20000940        -       0x00000004   Zero   RW         1170    .bss.prov_timer     lto-llvm-8f1da8.o
    0x20000944        -       0x000000a0   Zero   RW         1209    .bss.prvCheckForValidListAndQueue.ucStaticTimerQueueStorage  lto-llvm-8f1da8.o
    0x200009e4        -       0x00000050   Zero   RW         1208    .bss.prvCheckForValidListAndQueue.xStaticTimerQueue  lto-llvm-8f1da8.o
    0x20000a34        -       0x00000004   Zero   RW         1205    .bss.prvSampleTimeNow.xLastTime  lto-llvm-8f1da8.o
    0x20000a38        -       0x00000004   Zero   RW         1179    .bss.pxCurrentTCB   lto-llvm-8f1da8.o
    0x20000a3c        -       0x00000004   Zero   RW         1203    .bss.pxCurrentTimerList  lto-llvm-8f1da8.o
    0x20000a40        -       0x00000004   Zero   RW         1188    .bss.pxDelayedTaskList  lto-llvm-8f1da8.o
    0x20000a44        -       0x00000004   Zero   RW         1210    .bss.pxEnd          lto-llvm-8f1da8.o
    0x20000a48        -       0x00000004   Zero   RW         1189    .bss.pxOverflowDelayedTaskList  lto-llvm-8f1da8.o
    0x20000a4c        -       0x00000004   Zero   RW         1204    .bss.pxOverflowTimerList  lto-llvm-8f1da8.o
    0x20000a50        -       0x00000140   Zero   RW         1191    .bss.pxReadyTasksLists  lto-llvm-8f1da8.o
    0x20000b90        -       0x00000004   Zero   RW         1167    .bss.scanned_ap_count  lto-llvm-8f1da8.o
    0x20000b94        -       0x000002a8   Zero   RW         1173    .bss.scanned_aps    lto-llvm-8f1da8.o
    0x20000e3c        -       0x00000002   Zero   RW         1169    .bss.server_conid   lto-llvm-8f1da8.o
    0x20000e3e        -       0x00000008   Zero   RW         1219    .bss.stdout_putchar.buffer  lto-llvm-8f1da8.o
    0x20000e46   0x0800ce18   0x00000002   PAD
    0x20000e48        -       0x00000004   Zero   RW         1218    .bss.stdout_putchar.index  lto-llvm-8f1da8.o
    0x20000e4c        -       0x00000400   Zero   RW         1130    .bss.timer_task_stack  lto-llvm-8f1da8.o
    0x2000124c        -       0x0000005c   Zero   RW         1129    .bss.timer_task_tcb  lto-llvm-8f1da8.o
    0x200012a8        -       0x00000004   Zero   RW         1177    .bss.uart4_queue_handle  lto-llvm-8f1da8.o
    0x200012ac        -       0x0000a000   Zero   RW         1217    .bss.ucHeap         lto-llvm-8f1da8.o
    0x2000b2ac        -       0x00000001   Zero   RW         1146    .bss.ucMaxSysCallPriority  lto-llvm-8f1da8.o
    0x2000b2ad   0x0800ce18   0x00000003   PAD
    0x2000b2b0        -       0x00000004   Zero   RW         1147    .bss.ulMaxPRIGROUPValue  lto-llvm-8f1da8.o
    0x2000b2b4        -       0x00000004   Zero   RW         1140    .bss.usart1_queue_handle  lto-llvm-8f1da8.o
    0x2000b2b8        -       0x00000004   Zero   RW         1184    .bss.uxCurrentNumberOfTasks  lto-llvm-8f1da8.o
    0x2000b2bc        -       0x00000004   Zero   RW         1183    .bss.uxDeletedTasksWaitingCleanUp  lto-llvm-8f1da8.o
    0x2000b2c0        -       0x00000004   Zero   RW         1186    .bss.uxSchedulerSuspended  lto-llvm-8f1da8.o
    0x2000b2c4        -       0x00000004   Zero   RW         1181    .bss.uxTaskNumber   lto-llvm-8f1da8.o
    0x2000b2c8        -       0x00000004   Zero   RW         1192    .bss.uxTopReadyPriority  lto-llvm-8f1da8.o
    0x2000b2cc        -       0x00000004   Zero   RW         1136    .bss.wdt_task_handle  lto-llvm-8f1da8.o
    0x2000b2d0        -       0x00000001   Zero   RW         1172    .bss.wifi_provision_process.need_scan  lto-llvm-8f1da8.o
    0x2000b2d1        -       0x00000200   Zero   RW         1171    .bss.wifi_provision_process.recv_buf  lto-llvm-8f1da8.o
    0x2000b4d1   0x0800ce18   0x00000003   PAD
    0x2000b4d4        -       0x00000004   Zero   RW         1139    .bss.wifi_task_handle  lto-llvm-8f1da8.o
    0x2000b4d8        -       0x00000014   Zero   RW         1206    .bss.xActiveTimerList1  lto-llvm-8f1da8.o
    0x2000b4ec        -       0x00000014   Zero   RW         1207    .bss.xActiveTimerList2  lto-llvm-8f1da8.o
    0x2000b500        -       0x00000001   Zero   RW         1211    .bss.xBlockAllocatedBit  lto-llvm-8f1da8.o
    0x2000b501   0x0800ce18   0x00000003   PAD
    0x2000b504        -       0x00000014   Zero   RW         1199    .bss.xDelayedTaskList1  lto-llvm-8f1da8.o
    0x2000b518        -       0x00000014   Zero   RW         1200    .bss.xDelayedTaskList2  lto-llvm-8f1da8.o
    0x2000b52c        -       0x00000004   Zero   RW         1212    .bss.xFreeBytesRemaining  lto-llvm-8f1da8.o
    0x2000b530        -       0x00000004   Zero   RW         1195    .bss.xIdleTaskHandle  lto-llvm-8f1da8.o
    0x2000b534        -       0x00000004   Zero   RW         1214    .bss.xMinimumEverFreeBytesRemaining  lto-llvm-8f1da8.o
    0x2000b538        -       0x00000004   Zero   RW         1196    .bss.xNextTaskUnblockTime  lto-llvm-8f1da8.o
    0x2000b53c        -       0x00000004   Zero   RW         1198    .bss.xNumOfOverflows  lto-llvm-8f1da8.o
    0x2000b540        -       0x00000004   Zero   RW         1215    .bss.xNumberOfSuccessfulAllocations  lto-llvm-8f1da8.o
    0x2000b544        -       0x00000004   Zero   RW         1216    .bss.xNumberOfSuccessfulFrees  lto-llvm-8f1da8.o
    0x2000b548        -       0x00000004   Zero   RW         1197    .bss.xPendedTicks   lto-llvm-8f1da8.o
    0x2000b54c        -       0x00000014   Zero   RW         1194    .bss.xPendingReadyList  lto-llvm-8f1da8.o
    0x2000b560        -       0x00000040   Zero   RW         1178    .bss.xQueueRegistry  lto-llvm-8f1da8.o
    0x2000b5a0        -       0x00000004   Zero   RW         1185    .bss.xSchedulerRunning  lto-llvm-8f1da8.o
    0x2000b5a4        -       0x00000008   Zero   RW         1213    .bss.xStart         lto-llvm-8f1da8.o
    0x2000b5ac        -       0x00000014   Zero   RW         1190    .bss.xSuspendedTaskList  lto-llvm-8f1da8.o
    0x2000b5c0        -       0x00000014   Zero   RW         1182    .bss.xTasksWaitingTermination  lto-llvm-8f1da8.o
    0x2000b5d4        -       0x00000004   Zero   RW         1187    .bss.xTickCount     lto-llvm-8f1da8.o
    0x2000b5d8        -       0x00000004   Zero   RW         1201    .bss.xTimerQueue    lto-llvm-8f1da8.o
    0x2000b5dc        -       0x00000004   Zero   RW         1202    .bss.xTimerTaskHandle  lto-llvm-8f1da8.o
    0x2000b5e0        -       0x00000004   Zero   RW         1193    .bss.xYieldPending  lto-llvm-8f1da8.o
    0x2000b5e4   0x0800ce18   0x00000004   PAD
    0x2000b5e8        -       0x00000400   Zero   RW           32    STACK               startup_at32f403a_407.o


==============================================================================

Image component sizes


      Code (inc. data)   RO Data    RW Data    ZI Data      Debug   Object Name

     40688        102       3395        199      46272     253623   lto-llvm-8f1da8.o
        36          8        388          0       1024        856   startup_at32f403a_407.o
        32          8          0          0          0        565   systick_wrapper_gnu.o

    ----------------------------------------------------------------------
     41084        118       3816        204      47376     255044   Object Totals
         0          0         32          0          0          0   (incl. Generated)
       328          0          1          5         80          0   (incl. Padding)

    ----------------------------------------------------------------------

      Code (inc. data)   RO Data    RW Data    ZI Data      Debug   Library Member Name

        28          0          0          0          0         68   _chval.o
       812          4          0          0          0        112   _scanf.o
       332          0          0          0          0         96   _scanf_int.o
       342          0          0          0          0        100   _scanf_longlong.o
       224          0          0          0          0         96   _scanf_str.o
        64          0          0          0          0         84   _sgetc.o
       158          0          0          0          0         92   _strtoul.o
        26          0          0          0          0         80   atoi.o
        40          8          0          0          0         80   cpp_init.o
         8          4        133          0          0         68   ctype_o.o
         0          0          0          0          0          0   entry.o
         0          0          0          0          0          0   entry10a.o
         0          0          0          0          0          0   entry11a.o
         8          4          0          0          0          0   entry2.o
         4          0          0          0          0          0   entry5.o
         0          0          0          0          0          0   entry7b.o
         4          0          0          0          0          0   entry8a.o
         0          0          0          0          0          0   entry8b.o
         8          4          0          0          0          0   entry9a.o
         8          4          0          4          0         68   errno.o
        30          0          0          0          0          0   handlers.o
        48         10          0          0          0         68   init.o
        18          0          0          0          0         76   isspace_o.o
         0          0          0          0          0          0   iusefp.o
        98          0          0          0          0         84   ldiv.o
        30          0          0          0          0         68   llshl.o
        36          0          0          0          0         68   llsshr.o
        32          0          0          0          0         68   llushr.o
        36          0          0          0          0         68   memcpya.o
        36          0          0          0          0        108   memseta.o
      2332         94          0          0          0        608   printfa.o
        40          8          0          0          0         84   scanf_char.o
       878         12          0          0          0        216   scanf_fp.o
        56          8          0          0          0         84   sscanf.o
         0          0          0          4          0          0   stdout.o
        20          0          0          0          0         68   strchr.o
        28          0          0          0          0         76   strcmp.o
        14          0          0          0          0         68   strlen.o
        30          0          0          0          0         80   strncmp.o
        24          0          0          0          0         76   strncpy.o
        36          0          0          0          0         80   strstr.o
        68          6          0          4          0         80   strtok.o
       112          0          0          0          0         88   strtol.o
        44          0          0          0          0         80   uidiv.o
        98          0          0          0          0         92   uldiv.o
        48          0          0          0          0         68   cdrcmple.o
        56          0          0          0          0         88   d2f.o
       334          0          0          0          0        148   dadd.o
       222          0          0          0          0        100   ddiv.o
       186          0          0          0          0        176   depilogue.o
        48          0          0          0          0         68   dfixul.o
        24          0          0          0          0         76   dfltul.o
       228          0          0          0          0         96   dmul.o
       110          0          0          0          0        168   fepilogue.o

    ----------------------------------------------------------------------
      7476        166        136         12          0       4320   Library Totals
        10          0          3          0          0          0   (incl. Padding)

    ----------------------------------------------------------------------

      Code (inc. data)   RO Data    RW Data    ZI Data      Debug   Library Name

      6210        166        133         12          0       3332   mc_w.l
      1256          0          0          0          0        988   mf_w.l

    ----------------------------------------------------------------------
      7476        166        136         12          0       4320   Library Totals

    ----------------------------------------------------------------------

==============================================================================


      Code (inc. data)   RO Data    RW Data    ZI Data      Debug   

     48560        284       3952        216      47376     257228   Grand Totals
     48560        284       3952        216      47376     257228   ELF Image Totals
     48560        284       3952        216          0          0   ROM Totals

==============================================================================

    Total RO  Size (Code + RO Data)                52512 (  51.28kB)
    Total RW  Size (RW Data + ZI Data)             47592 (  46.48kB)
    Total ROM Size (Code + RO Data + RW Data)      52728 (  51.49kB)

==============================================================================

