<html>
<body>
<pre>
<h1>µVision Build Log</h1>
<h2>Tool Versions:</h2>
IDE-Version: ¦ÌVision V5.40.0.12
Copyright (C) 2024 ARM Ltd and ARM Germany GmbH. All rights reserved.
License Information: itt W, Forward, LIC=VGXG8-3DNTB-BSLYX-H2GR5-KKDDD-IZBKB
 
Tool Versions:
Toolchain:       MDK-ARM Plus  Version: 5.40.0.5
Toolchain Path:  D:\Work Program\Keil_v5\ARM\ARMCLANG\Bin
C Compiler:      ArmClang.exe V6.22
Assembler:       Armasm.exe V6.22
Linker/Locator:  ArmLink.exe V6.22
Library Manager: ArmAr.exe V6.22
Hex Converter:   FromElf.exe V6.22
CPU DLL:         SARMCM3.DLL V5.40.0.5
Dialog DLL:      DCM.DLL V1.17.5.0
Target DLL:      CMSIS_AGDI.dll V1.33.21.0
Dialog DLL:      TCM.DLL V1.56.4.0
 
<h2>Project:</h2>
D:\Work Area\Code For Debug\XMC DMA 8bit with touch\bootloader\project\MDK_V5\AT32F403ARGT7_WorkBench.uvprojx
Project File Date:  10/11/2025

<h2>Output:</h2>
*** Using Compiler 'V6.22', folder: 'D:\Work Program\Keil_v5\ARM\ARMCLANG\Bin'
Rebuild target 'AT32F403ARGT7_WorkBench'
compiling wk_system.c...
compiling iap.c...
compiling main.c...
compiling at32f403a_407_crc.c...
compiling at32f403a_407_int.c...
compiling wk_usart.c...
compiling at32f403a_407_wk_config.c...
compiling flash.c...
compiling at32f403a_407_misc.c...
compiling at32f403a_407_pwc.c...
compiling at32f403a_407_debug.c...
compiling wk_crc.c...
compiling wk_debug.c...
compiling at32f403a_407_gpio.c...
assembling startup_at32f403a_407.s...
compiling at32f403a_407_crm.c...
compiling system_at32f403a_407.c...
compiling at32f403a_407_usart.c...
compiling at32f403a_407_flash.c...
linking...
Program Size: Code=5638 RO-data=430 RW-data=8 ZI-data=5176  
FromELF: creating hex file...
".\objects\AT32F403ARGT7_WorkBench.axf" - 0 Error(s), 0 Warning(s).

<h2>Software Packages used:</h2>

Package Vendor: ArteryTek
                
                ArteryTek::AT32F403A_407_DFP@2.2.2
                ArteryTek AT32F403A_407 Series Device Support,Drivers

<h2>Collection of Component include folders:</h2>
  D:/Work Program/Keil_v5/ARM/Packs/ArteryTek/AT32F403A_407_DFP/2.2.2/Device/Include

<h2>Collection of Component Files used:</h2>
Build Time Elapsed:  00:00:06
</pre>
</body>
</html>
