Component: Arm Compiler for Embedded 6.22 Tool: armlink [5ee90200]

==============================================================================

Section Cross References

    main.o(.text.main) refers to at32f403a_407_wk_config.o(.text.wk_system_clock_config) for wk_system_clock_config
    main.o(.text.main) refers to at32f403a_407_wk_config.o(.text.wk_periph_clock_config) for wk_periph_clock_config
    main.o(.text.main) refers to wk_debug.o(.text.wk_debug_config) for wk_debug_config
    main.o(.text.main) refers to at32f403a_407_wk_config.o(.text.wk_nvic_config) for wk_nvic_config
    main.o(.text.main) refers to wk_system.o(.text.wk_timebase_init) for wk_timebase_init
    main.o(.text.main) refers to wk_usart.o(.text.wk_usart1_init) for wk_usart1_init
    main.o(.text.main) refers to wk_crc.o(.text.wk_crc_init) for wk_crc_init
    main.o(.text.main) refers to flash.o(.text.flash_upgrade_flag_read) for flash_upgrade_flag_read
    main.o(.text.main) refers to iap.o(.text.app_load) for app_load
    main.o(.text.main) refers to at32f403a_407_int.o(.text.usart1_send_ok) for usart1_send_ok
    main.o(.text.main) refers to main.o(.bss.iap_done) for iap_done
    main.o(.text.main) refers to at32f403a_407_crm.o(.text.crm_reset) for crm_reset
    main.o(.ARM.exidx.text.main) refers to main.o(.text.main) for [Anonymous Symbol]
    at32f403a_407_wk_config.o(.text.wk_system_clock_config) refers to at32f403a_407_crm.o(.text.crm_reset) for crm_reset
    at32f403a_407_wk_config.o(.text.wk_system_clock_config) refers to at32f403a_407_crm.o(.text.crm_clock_source_enable) for crm_clock_source_enable
    at32f403a_407_wk_config.o(.text.wk_system_clock_config) refers to at32f403a_407_crm.o(.text.crm_flag_get) for crm_flag_get
    at32f403a_407_wk_config.o(.text.wk_system_clock_config) refers to at32f403a_407_crm.o(.text.crm_hext_stable_wait) for crm_hext_stable_wait
    at32f403a_407_wk_config.o(.text.wk_system_clock_config) refers to at32f403a_407_crm.o(.text.crm_pll_config) for crm_pll_config
    at32f403a_407_wk_config.o(.text.wk_system_clock_config) refers to at32f403a_407_crm.o(.text.crm_ahb_div_set) for crm_ahb_div_set
    at32f403a_407_wk_config.o(.text.wk_system_clock_config) refers to at32f403a_407_crm.o(.text.crm_apb2_div_set) for crm_apb2_div_set
    at32f403a_407_wk_config.o(.text.wk_system_clock_config) refers to at32f403a_407_crm.o(.text.crm_apb1_div_set) for crm_apb1_div_set
    at32f403a_407_wk_config.o(.text.wk_system_clock_config) refers to at32f403a_407_crm.o(.text.crm_auto_step_mode_enable) for crm_auto_step_mode_enable
    at32f403a_407_wk_config.o(.text.wk_system_clock_config) refers to at32f403a_407_crm.o(.text.crm_sysclk_switch) for crm_sysclk_switch
    at32f403a_407_wk_config.o(.text.wk_system_clock_config) refers to at32f403a_407_crm.o(.text.crm_sysclk_switch_status_get) for crm_sysclk_switch_status_get
    at32f403a_407_wk_config.o(.text.wk_system_clock_config) refers to system_at32f403a_407.o(.text.system_core_clock_update) for system_core_clock_update
    at32f403a_407_wk_config.o(.ARM.exidx.text.wk_system_clock_config) refers to at32f403a_407_wk_config.o(.text.wk_system_clock_config) for [Anonymous Symbol]
    at32f403a_407_wk_config.o(.text.wk_periph_clock_config) refers to at32f403a_407_crm.o(.text.crm_periph_clock_enable) for crm_periph_clock_enable
    at32f403a_407_wk_config.o(.ARM.exidx.text.wk_periph_clock_config) refers to at32f403a_407_wk_config.o(.text.wk_periph_clock_config) for [Anonymous Symbol]
    at32f403a_407_wk_config.o(.text.wk_nvic_config) refers to at32f403a_407_misc.o(.text.nvic_priority_group_config) for nvic_priority_group_config
    at32f403a_407_wk_config.o(.text.wk_nvic_config) refers to at32f403a_407_misc.o(.text.nvic_irq_enable) for nvic_irq_enable
    at32f403a_407_wk_config.o(.ARM.exidx.text.wk_nvic_config) refers to at32f403a_407_wk_config.o(.text.wk_nvic_config) for [Anonymous Symbol]
    at32f403a_407_int.o(.ARM.exidx.text.NMI_Handler) refers to at32f403a_407_int.o(.text.NMI_Handler) for [Anonymous Symbol]
    at32f403a_407_int.o(.ARM.exidx.text.HardFault_Handler) refers to at32f403a_407_int.o(.text.HardFault_Handler) for [Anonymous Symbol]
    at32f403a_407_int.o(.ARM.exidx.text.MemManage_Handler) refers to at32f403a_407_int.o(.text.MemManage_Handler) for [Anonymous Symbol]
    at32f403a_407_int.o(.ARM.exidx.text.BusFault_Handler) refers to at32f403a_407_int.o(.text.BusFault_Handler) for [Anonymous Symbol]
    at32f403a_407_int.o(.ARM.exidx.text.UsageFault_Handler) refers to at32f403a_407_int.o(.text.UsageFault_Handler) for [Anonymous Symbol]
    at32f403a_407_int.o(.ARM.exidx.text.SVC_Handler) refers to at32f403a_407_int.o(.text.SVC_Handler) for [Anonymous Symbol]
    at32f403a_407_int.o(.ARM.exidx.text.DebugMon_Handler) refers to at32f403a_407_int.o(.text.DebugMon_Handler) for [Anonymous Symbol]
    at32f403a_407_int.o(.ARM.exidx.text.PendSV_Handler) refers to at32f403a_407_int.o(.text.PendSV_Handler) for [Anonymous Symbol]
[...]
    at32f403a_407_gpio.o(.ARM.exidx.text.gpio_event_output_enable) refers to at32f403a_407_gpio.o(.text.gpio_event_output_enable) for [Anonymous Symbol]
    at32f403a_407_gpio.o(.ARM.exidx.text.gpio_pin_remap_config) refers to at32f403a_407_gpio.o(.text.gpio_pin_remap_config) for [Anonymous Symbol]
    at32f403a_407_gpio.o(.ARM.exidx.text.gpio_exint_line_config) refers to at32f403a_407_gpio.o(.text.gpio_exint_line_config) for [Anonymous Symbol]
    at32f403a_407_misc.o(.text.nvic_system_reset) refers to at32f403a_407_misc.o(.text.__NVIC_SystemReset) for __NVIC_SystemReset
    at32f403a_407_misc.o(.ARM.exidx.text.nvic_system_reset) refers to at32f403a_407_misc.o(.text.nvic_system_reset) for [Anonymous Symbol]
    at32f403a_407_misc.o(.ARM.exidx.text.__NVIC_SystemReset) refers to at32f403a_407_misc.o(.text.__NVIC_SystemReset) for [Anonymous Symbol]
    at32f403a_407_misc.o(.ARM.exidx.text.nvic_irq_enable) refers to at32f403a_407_misc.o(.text.nvic_irq_enable) for [Anonymous Symbol]
    at32f403a_407_misc.o(.ARM.exidx.text.nvic_irq_disable) refers to at32f403a_407_misc.o(.text.nvic_irq_disable) for [Anonymous Symbol]
    at32f403a_407_misc.o(.ARM.exidx.text.nvic_priority_group_config) refers to at32f403a_407_misc.o(.text.nvic_priority_group_config) for [Anonymous Symbol]
    at32f403a_407_misc.o(.ARM.exidx.text.nvic_vector_table_set) refers to at32f403a_407_misc.o(.text.nvic_vector_table_set) for [Anonymous Symbol]
    at32f403a_407_misc.o(.ARM.exidx.text.nvic_lowpower_mode_config) refers to at32f403a_407_misc.o(.text.nvic_lowpower_mode_config) for [Anonymous Symbol]
    at32f403a_407_misc.o(.ARM.exidx.text.systick_clock_source_config) refers to at32f403a_407_misc.o(.text.systick_clock_source_config) for [Anonymous Symbol]
    at32f403a_407_pwc.o(.text.pwc_reset) refers to at32f403a_407_crm.o(.text.crm_periph_reset) for crm_periph_reset
    at32f403a_407_pwc.o(.ARM.exidx.text.pwc_reset) refers to at32f403a_407_pwc.o(.text.pwc_reset) for [Anonymous Symbol]
    at32f403a_407_pwc.o(.ARM.exidx.text.pwc_battery_powered_domain_access) refers to at32f403a_407_pwc.o(.text.pwc_battery_powered_domain_access) for [Anonymous Symbol]
    at32f403a_407_pwc.o(.ARM.exidx.text.pwc_pvm_level_select) refers to at32f403a_407_pwc.o(.text.pwc_pvm_level_select) for [Anonymous Symbol]
    at32f403a_407_pwc.o(.ARM.exidx.text.pwc_power_voltage_monitor_enable) refers to at32f403a_407_pwc.o(.text.pwc_power_voltage_monitor_enable) for [Anonymous Symbol]
    at32f403a_407_pwc.o(.ARM.exidx.text.pwc_wakeup_pin_enable) refers to at32f403a_407_pwc.o(.text.pwc_wakeup_pin_enable) for [Anonymous Symbol]
    at32f403a_407_pwc.o(.ARM.exidx.text.pwc_flag_clear) refers to at32f403a_407_pwc.o(.text.pwc_flag_clear) for [Anonymous Symbol]
    at32f403a_407_pwc.o(.ARM.exidx.text.pwc_flag_get) refers to at32f403a_407_pwc.o(.text.pwc_flag_get) for [Anonymous Symbol]
    at32f403a_407_pwc.o(.ARM.exidx.text.pwc_sleep_mode_enter) refers to at32f403a_407_pwc.o(.text.pwc_sleep_mode_enter) for [Anonymous Symbol]
    at32f403a_407_pwc.o(.ARM.exidx.text.pwc_deep_sleep_mode_enter) refers to at32f403a_407_pwc.o(.text.pwc_deep_sleep_mode_enter) for [Anonymous Symbol]
    at32f403a_407_pwc.o(.ARM.exidx.text.pwc_voltage_regulate_set) refers to at32f403a_407_pwc.o(.text.pwc_voltage_regulate_set) for [Anonymous Symbol]
    at32f403a_407_pwc.o(.ARM.exidx.text.pwc_standby_mode_enter) refers to at32f403a_407_pwc.o(.text.pwc_standby_mode_enter) for [Anonymous Symbol]
    at32f403a_407_usart.o(.text.usart_reset) refers to at32f403a_407_crm.o(.text.crm_periph_reset) for crm_periph_reset
    at32f403a_407_usart.o(.ARM.exidx.text.usart_reset) refers to at32f403a_407_usart.o(.text.usart_reset) for [Anonymous Symbol]
    at32f403a_407_usart.o(.text.usart_init) refers to at32f403a_407_crm.o(.text.crm_clocks_freq_get) for crm_clocks_freq_get
    at32f403a_407_usart.o(.ARM.exidx.text.usart_init) refers to at32f403a_407_usart.o(.text.usart_init) for [Anonymous Symbol]
    at32f403a_407_usart.o(.ARM.exidx.text.usart_parity_selection_config) refers to at32f403a_407_usart.o(.text.usart_parity_selection_config) for [Anonymous Symbol]
    at32f403a_407_usart.o(.ARM.exidx.text.usart_enable) refers to at32f403a_407_usart.o(.text.usart_enable) for [Anonymous Symbol]
    at32f403a_407_usart.o(.ARM.exidx.text.usart_transmitter_enable) refers to at32f403a_407_usart.o(.text.usart_transmitter_enable) for [Anonymous Symbol]
    at32f403a_407_usart.o(.ARM.exidx.text.usart_receiver_enable) refers to at32f403a_407_usart.o(.text.usart_receiver_enable) for [Anonymous Symbol]
    at32f403a_407_usart.o(.ARM.exidx.text.usart_clock_config) refers to at32f403a_407_usart.o(.text.usart_clock_config) for [Anonymous Symbol]
    at32f403a_407_usart.o(.ARM.exidx.text.usart_clock_enable) refers to at32f403a_407_usart.o(.text.usart_clock_enable) for [Anonymous Symbol]
    at32f403a_407_usart.o(.ARM.exidx.text.usart_interrupt_enable) refers to at32f403a_407_usart.o(.text.usart_interrupt_enable) for [Anonymous Symbol]
    at32f403a_407_usart.o(.ARM.exidx.text.usart_dma_transmitter_enable) refers to at32f403a_407_usart.o(.text.usart_dma_transmitter_enable) for [Anonymous Symbol]
    at32f403a_407_usart.o(.ARM.exidx.text.usart_dma_receiver_enable) refers to at32f403a_407_usart.o(.text.usart_dma_receiver_enable) for [Anonymous Symbol]
    at32f403a_407_usart.o(.ARM.exidx.text.usart_wakeup_id_set) refers to at32f403a_407_usart.o(.text.usart_wakeup_id_set) for [Anonymous Symbol]
    at32f403a_407_usart.o(.ARM.exidx.text.usart_wakeup_mode_set) refers to at32f403a_407_usart.o(.text.usart_wakeup_mode_set) for [Anonymous Symbol]
    at32f403a_407_usart.o(.ARM.exidx.text.usart_receiver_mute_enable) refers to at32f403a_407_usart.o(.text.usart_receiver_mute_enable) for [Anonymous Symbol]
    at32f403a_407_usart.o(.ARM.exidx.text.usart_break_bit_num_set) refers to at32f403a_407_usart.o(.text.usart_break_bit_num_set) for [Anonymous Symbol]
    at32f403a_407_usart.o(.ARM.exidx.text.usart_lin_mode_enable) refers to at32f403a_407_usart.o(.text.usart_lin_mode_enable) for [Anonymous Symbol]
    at32f403a_407_usart.o(.ARM.exidx.text.usart_data_transmit) refers to at32f403a_407_usart.o(.text.usart_data_transmit) for [Anonymous Symbol]
    at32f403a_407_usart.o(.ARM.exidx.text.usart_data_receive) refers to at32f403a_407_usart.o(.text.usart_data_receive) for [Anonymous Symbol]
    at32f403a_407_usart.o(.ARM.exidx.text.usart_break_send) refers to at32f403a_407_usart.o(.text.usart_break_send) for [Anonymous Symbol]
    at32f403a_407_usart.o(.ARM.exidx.text.usart_smartcard_guard_time_set) refers to at32f403a_407_usart.o(.text.usart_smartcard_guard_time_set) for [Anonymous Symbol]
    at32f403a_407_usart.o(.ARM.exidx.text.usart_irda_smartcard_division_set) refers to at32f403a_407_usart.o(.text.usart_irda_smartcard_division_set) for [Anonymous Symbol]
    at32f403a_407_usart.o(.ARM.exidx.text.usart_smartcard_mode_enable) refers to at32f403a_407_usart.o(.text.usart_smartcard_mode_enable) for [Anonymous Symbol]
    at32f403a_407_usart.o(.ARM.exidx.text.usart_smartcard_nack_set) refers to at32f403a_407_usart.o(.text.usart_smartcard_nack_set) for [Anonymous Symbol]
    at32f403a_407_usart.o(.ARM.exidx.text.usart_single_line_halfduplex_select) refers to at32f403a_407_usart.o(.text.usart_single_line_halfduplex_select) for [Anonymous Symbol]
    at32f403a_407_usart.o(.ARM.exidx.text.usart_irda_mode_enable) refers to at32f403a_407_usart.o(.text.usart_irda_mode_enable) for [Anonymous Symbol]
    at32f403a_407_usart.o(.ARM.exidx.text.usart_irda_low_power_enable) refers to at32f403a_407_usart.o(.text.usart_irda_low_power_enable) for [Anonymous Symbol]
    at32f403a_407_usart.o(.ARM.exidx.text.usart_hardware_flow_control_set) refers to at32f403a_407_usart.o(.text.usart_hardware_flow_control_set) for [Anonymous Symbol]
    at32f403a_407_usart.o(.ARM.exidx.text.usart_flag_get) refers to at32f403a_407_usart.o(.text.usart_flag_get) for [Anonymous Symbol]
    at32f403a_407_usart.o(.ARM.exidx.text.usart_interrupt_flag_get) refers to at32f403a_407_usart.o(.text.usart_interrupt_flag_get) for [Anonymous Symbol]
    at32f403a_407_usart.o(.ARM.exidx.text.usart_flag_clear) refers to at32f403a_407_usart.o(.text.usart_flag_clear) for [Anonymous Symbol]
    startup_at32f403a_407.o(RESET) refers to startup_at32f403a_407.o(STACK) for __initial_sp
    startup_at32f403a_407.o(RESET) refers to startup_at32f403a_407.o(.text) for Reset_Handler
    startup_at32f403a_407.o(RESET) refers to at32f403a_407_int.o(.text.NMI_Handler) for NMI_Handler
    startup_at32f403a_407.o(RESET) refers to at32f403a_407_int.o(.text.HardFault_Handler) for HardFault_Handler
    startup_at32f403a_407.o(RESET) refers to at32f403a_407_int.o(.text.MemManage_Handler) for MemManage_Handler
    startup_at32f403a_407.o(RESET) refers to at32f403a_407_int.o(.text.BusFault_Handler) for BusFault_Handler
    startup_at32f403a_407.o(RESET) refers to at32f403a_407_int.o(.text.UsageFault_Handler) for UsageFault_Handler
    startup_at32f403a_407.o(RESET) refers to at32f403a_407_int.o(.text.SVC_Handler) for SVC_Handler
    startup_at32f403a_407.o(RESET) refers to at32f403a_407_int.o(.text.DebugMon_Handler) for DebugMon_Handler
    startup_at32f403a_407.o(RESET) refers to at32f403a_407_int.o(.text.PendSV_Handler) for PendSV_Handler
    startup_at32f403a_407.o(RESET) refers to at32f403a_407_int.o(.text.SysTick_Handler) for SysTick_Handler
    startup_at32f403a_407.o(RESET) refers to at32f403a_407_int.o(.text.USART1_IRQHandler) for USART1_IRQHandler
    startup_at32f403a_407.o(.text) refers to system_at32f403a_407.o(.text.SystemInit) for SystemInit
    startup_at32f403a_407.o(.text) refers to entry.o(.ARM.Collect$$$$00000000) for __main
    system_at32f403a_407.o(.ARM.exidx.text.SystemInit) refers to system_at32f403a_407.o(.text.SystemInit) for [Anonymous Symbol]
    system_at32f403a_407.o(.text.system_core_clock_update) refers to at32f403a_407_crm.o(.text.crm_sysclk_switch_status_get) for crm_sysclk_switch_status_get
    system_at32f403a_407.o(.text.system_core_clock_update) refers to system_at32f403a_407.o(.data.system_core_clock) for system_core_clock
    system_at32f403a_407.o(.ARM.exidx.text.system_core_clock_update) refers to system_at32f403a_407.o(.text.system_core_clock_update) for [Anonymous Symbol]
    entry.o(.ARM.Collect$$$$00000000) refers (Special) to entry10a.o(.ARM.Collect$$$$0000000D) for __rt_final_cpp
    entry.o(.ARM.Collect$$$$00000000) refers (Special) to entry11a.o(.ARM.Collect$$$$0000000F) for __rt_final_exit
    entry.o(.ARM.Collect$$$$00000000) refers (Special) to entry7b.o(.ARM.Collect$$$$00000008) for _main_clock
    entry.o(.ARM.Collect$$$$00000000) refers (Special) to entry8b.o(.ARM.Collect$$$$0000000A) for _main_cpp_init
    entry.o(.ARM.Collect$$$$00000000) refers (Special) to entry9a.o(.ARM.Collect$$$$0000000B) for _main_init
    entry.o(.ARM.Collect$$$$00000000) refers (Special) to entry5.o(.ARM.Collect$$$$00000004) for _main_scatterload
    entry.o(.ARM.Collect$$$$00000000) refers (Special) to entry2.o(.ARM.Collect$$$$00000001) for _main_stk
    entry2.o(.ARM.Collect$$$$00000001) refers to entry2.o(.ARM.Collect$$$$00002712) for __lit__00000000
    entry2.o(.ARM.Collect$$$$00002712) refers to startup_at32f403a_407.o(STACK) for __initial_sp
    entry2.o(__vectab_stack_and_reset_area) refers to startup_at32f403a_407.o(STACK) for __initial_sp
    entry2.o(__vectab_stack_and_reset_area) refers to entry.o(.ARM.Collect$$$$00000000) for __main
    entry5.o(.ARM.Collect$$$$00000004) refers to init.o(.text) for __scatterload
    entry9a.o(.ARM.Collect$$$$0000000B) refers to main.o(.text.main) for main
    entry9b.o(.ARM.Collect$$$$0000000C) refers to main.o(.text.main) for main
    init.o(.text) refers to entry5.o(.ARM.Collect$$$$00000004) for __main_after_scatterload


==============================================================================

Removing Unused input sections from the image.

    Removing main.o(.text), (0 bytes).
    Removing main.o(.ARM.exidx.text.main), (8 bytes).
    Removing main.o(.ARM.use_no_argv), (4 bytes).
    Removing at32f403a_407_wk_config.o(.text), (0 bytes).
    Removing at32f403a_407_wk_config.o(.ARM.exidx.text.wk_system_clock_config), (8 bytes).
    Removing at32f403a_407_wk_config.o(.ARM.exidx.text.wk_periph_clock_config), (8 bytes).
    Removing at32f403a_407_wk_config.o(.ARM.exidx.text.wk_nvic_config), (8 bytes).
    Removing at32f403a_407_int.o(.text), (0 bytes).
    Removing at32f403a_407_int.o(.ARM.exidx.text.NMI_Handler), (8 bytes).
    Removing at32f403a_407_int.o(.ARM.exidx.text.HardFault_Handler), (8 bytes).
    Removing at32f403a_407_int.o(.ARM.exidx.text.MemManage_Handler), (8 bytes).
    Removing at32f403a_407_int.o(.ARM.exidx.text.BusFault_Handler), (8 bytes).
    Removing at32f403a_407_int.o(.ARM.exidx.text.UsageFault_Handler), (8 bytes).
    Removing at32f403a_407_int.o(.ARM.exidx.text.SVC_Handler), (8 bytes).
    Removing at32f403a_407_int.o(.ARM.exidx.text.DebugMon_Handler), (8 bytes).
    Removing at32f403a_407_int.o(.ARM.exidx.text.PendSV_Handler), (8 bytes).
    Removing at32f403a_407_int.o(.ARM.exidx.text.SysTick_Handler), (8 bytes).
    Removing at32f403a_407_int.o(.ARM.exidx.text.USART1_IRQHandler), (8 bytes).
    Removing at32f403a_407_int.o(.text.convert_data), (132 bytes).
    Removing at32f403a_407_int.o(.ARM.exidx.text.convert_data), (8 bytes).
    Removing at32f403a_407_int.o(.ARM.exidx.text.usart1_connet_pc), (8 bytes).
    Removing at32f403a_407_int.o(.ARM.exidx.text.usart1_send_ok), (8 bytes).
    Removing at32f403a_407_int.o(.text.copy_array), (36 bytes).
    Removing at32f403a_407_int.o(.ARM.exidx.text.copy_array), (8 bytes).
    Removing at32f403a_407_int.o(.ARM.exidx.text.usart1_send_error), (8 bytes).
    Removing at32f403a_407_int.o(.text.copy_uint8_array), (126 bytes).
    Removing at32f403a_407_int.o(.ARM.exidx.text.copy_uint8_array), (8 bytes).
    Removing wk_system.o(.text), (0 bytes).
    Removing wk_system.o(.ARM.exidx.text.wk_timebase_increase), (8 bytes).
    Removing wk_system.o(.text.wk_timebase_get), (12 bytes).
    Removing wk_system.o(.ARM.exidx.text.wk_timebase_get), (8 bytes).
    Removing wk_system.o(.text.wk_delay_ms), (32 bytes).
    Removing wk_system.o(.ARM.exidx.text.wk_delay_ms), (8 bytes).
    Removing wk_system.o(.ARM.exidx.text.wk_timebase_init), (8 bytes).
    Removing wk_system.o(.ARM.exidx.text.wk_timebase_handler), (8 bytes).
    Removing wk_crc.o(.text), (0 bytes).
    Removing wk_crc.o(.ARM.exidx.text.wk_crc_init), (8 bytes).
    Removing wk_debug.o(.text), (0 bytes).
    Removing wk_debug.o(.ARM.exidx.text.wk_debug_config), (8 bytes).
    Removing wk_usart.o(.text), (0 bytes).
    Removing wk_usart.o(.ARM.exidx.text.wk_usart1_init), (8 bytes).
    Removing flash.o(.text), (0 bytes).
    Removing flash.o(.ARM.exidx.text.flash_2kb_write), (8 bytes).
    Removing flash.o(.text.flash_1kb_write), (76 bytes).
    Removing flash.o(.ARM.exidx.text.flash_1kb_write), (8 bytes).
    Removing flash.o(.ARM.exidx.text.flash_upgrade_flag_read), (8 bytes).
    Removing iap.o(.text), (0 bytes).
    Removing iap.o(.ARM.exidx.text.app_load), (8 bytes).
    Removing iap.o(.ARM.exidx.text.__NVIC_ClearPendingIRQ), (8 bytes).
    Removing at32f403a_407_crc.o(.text), (0 bytes).
    Removing at32f403a_407_crc.o(.ARM.exidx.text.crc_data_reset), (8 bytes).
    Removing at32f403a_407_crc.o(.text.crc_one_word_calculate), (14 bytes).
    Removing at32f403a_407_crc.o(.ARM.exidx.text.crc_one_word_calculate), (8 bytes).
    Removing at32f403a_407_crc.o(.ARM.exidx.text.crc_block_calculate), (8 bytes).
    Removing at32f403a_407_crc.o(.text.crc_data_get), (12 bytes).
    Removing at32f403a_407_crc.o(.ARM.exidx.text.crc_data_get), (8 bytes).
    Removing at32f403a_407_crc.o(.text.crc_common_data_set), (20 bytes).
    Removing at32f403a_407_crc.o(.ARM.exidx.text.crc_common_data_set), (8 bytes).
    Removing at32f403a_407_crc.o(.text.crc_common_data_get), (14 bytes).
    Removing at32f403a_407_crc.o(.ARM.exidx.text.crc_common_data_get), (8 bytes).
    Removing at32f403a_407_crc.o(.ARM.exidx.text.crc_init_data_set), (8 bytes).
    Removing at32f403a_407_crc.o(.ARM.exidx.text.crc_reverse_input_data_set), (8 bytes).
    Removing at32f403a_407_crc.o(.ARM.exidx.text.crc_reverse_output_data_set), (8 bytes).
    Removing at32f403a_407_crc.o(.ARM.exidx.text.crc_poly_value_set), (8 bytes).
    Removing at32f403a_407_crc.o(.text.crc_poly_value_get), (12 bytes).
    Removing at32f403a_407_crc.o(.ARM.exidx.text.crc_poly_value_get), (8 bytes).
    Removing at32f403a_407_crc.o(.ARM.exidx.text.crc_poly_size_set), (8 bytes).
    Removing at32f403a_407_crc.o(.text.crc_poly_size_get), (16 bytes).
    Removing at32f403a_407_crc.o(.ARM.exidx.text.crc_poly_size_get), (8 bytes).
    Removing at32f403a_407_crm.o(.text), (0 bytes).
    Removing at32f403a_407_crm.o(.ARM.exidx.text.crm_reset), (8 bytes).
    Removing at32f403a_407_crm.o(.text.crm_lext_bypass), (26 bytes).
    Removing at32f403a_407_crm.o(.ARM.exidx.text.crm_lext_bypass), (8 bytes).
    Removing at32f403a_407_crm.o(.text.crm_hext_bypass), (26 bytes).
    Removing at32f403a_407_crm.o(.ARM.exidx.text.crm_hext_bypass), (8 bytes).
    Removing at32f403a_407_crm.o(.ARM.exidx.text.crm_flag_get), (8 bytes).
    Removing at32f403a_407_crm.o(.text.crm_interrupt_flag_get), (164 bytes).
    Removing at32f403a_407_crm.o(.ARM.exidx.text.crm_interrupt_flag_get), (8 bytes).
    Removing at32f403a_407_crm.o(.ARM.exidx.text.crm_hext_stable_wait), (8 bytes).
    Removing at32f403a_407_crm.o(.text.crm_hick_clock_trimming_set), (26 bytes).
    Removing at32f403a_407_crm.o(.ARM.exidx.text.crm_hick_clock_trimming_set), (8 bytes).
    Removing at32f403a_407_crm.o(.text.crm_hick_clock_calibration_set), (44 bytes).
    Removing at32f403a_407_crm.o(.ARM.exidx.text.crm_hick_clock_calibration_set), (8 bytes).
    Removing at32f403a_407_crm.o(.ARM.exidx.text.crm_periph_clock_enable), (8 bytes).
    Removing at32f403a_407_crm.o(.text.crm_periph_reset), (40 bytes).
    Removing at32f403a_407_crm.o(.ARM.exidx.text.crm_periph_reset), (8 bytes).
    Removing at32f403a_407_crm.o(.text.crm_periph_sleep_mode_clock_enable), (40 bytes).
    Removing at32f403a_407_crm.o(.ARM.exidx.text.crm_periph_sleep_mode_clock_enable), (8 bytes).
    Removing at32f403a_407_crm.o(.ARM.exidx.text.crm_clock_source_enable), (8 bytes).
    Removing at32f403a_407_crm.o(.text.crm_flag_clear), (124 bytes).
    Removing at32f403a_407_crm.o(.ARM.exidx.text.crm_flag_clear), (8 bytes).
    Removing at32f403a_407_crm.o(.text.crm_rtc_clock_select), (26 bytes).
    Removing at32f403a_407_crm.o(.ARM.exidx.text.crm_rtc_clock_select), (8 bytes).
    Removing at32f403a_407_crm.o(.text.crm_rtc_clock_enable), (26 bytes).
    Removing at32f403a_407_crm.o(.ARM.exidx.text.crm_rtc_clock_enable), (8 bytes).
    Removing at32f403a_407_crm.o(.ARM.exidx.text.crm_ahb_div_set), (8 bytes).
    Removing at32f403a_407_crm.o(.ARM.exidx.text.crm_apb1_div_set), (8 bytes).
    Removing at32f403a_407_crm.o(.ARM.exidx.text.crm_apb2_div_set), (8 bytes).
    Removing at32f403a_407_crm.o(.text.crm_adc_clock_div_set), (28 bytes).
    Removing at32f403a_407_crm.o(.ARM.exidx.text.crm_adc_clock_div_set), (8 bytes).
    Removing at32f403a_407_crm.o(.text.crm_usb_clock_div_set), (28 bytes).
    Removing at32f403a_407_crm.o(.ARM.exidx.text.crm_usb_clock_div_set), (8 bytes).
    Removing at32f403a_407_crm.o(.text.crm_clock_failure_detection_enable), (26 bytes).
    Removing at32f403a_407_crm.o(.ARM.exidx.text.crm_clock_failure_detection_enable), (8 bytes).
    Removing at32f403a_407_crm.o(.text.crm_battery_powered_domain_reset), (26 bytes).
    Removing at32f403a_407_crm.o(.ARM.exidx.text.crm_battery_powered_domain_reset), (8 bytes).
    Removing at32f403a_407_crm.o(.ARM.exidx.text.crm_pll_config), (8 bytes).
    Removing at32f403a_407_crm.o(.ARM.exidx.text.crm_sysclk_switch), (8 bytes).
    Removing at32f403a_407_crm.o(.ARM.exidx.text.crm_sysclk_switch_status_get), (8 bytes).
    Removing at32f403a_407_crm.o(.ARM.exidx.text.crm_clocks_freq_get), (8 bytes).
    Removing at32f403a_407_crm.o(.text.crm_clock_out_set), (28 bytes).
    Removing at32f403a_407_crm.o(.ARM.exidx.text.crm_clock_out_set), (8 bytes).
    Removing at32f403a_407_crm.o(.text.crm_interrupt_enable), (24 bytes).
    Removing at32f403a_407_crm.o(.ARM.exidx.text.crm_interrupt_enable), (8 bytes).
    Removing at32f403a_407_crm.o(.ARM.exidx.text.crm_auto_step_mode_enable), (8 bytes).
    Removing at32f403a_407_crm.o(.text.crm_usb_interrupt_remapping_set), (18 bytes).
    Removing at32f403a_407_crm.o(.ARM.exidx.text.crm_usb_interrupt_remapping_set), (8 bytes).
    Removing at32f403a_407_crm.o(.text.crm_hick_divider_select), (26 bytes).
    Removing at32f403a_407_crm.o(.ARM.exidx.text.crm_hick_divider_select), (8 bytes).
    Removing at32f403a_407_crm.o(.text.crm_hick_sclk_frequency_select), (34 bytes).
    Removing at32f403a_407_crm.o(.ARM.exidx.text.crm_hick_sclk_frequency_select), (8 bytes).
    Removing at32f403a_407_crm.o(.text.crm_usb_clock_source_select), (50 bytes).
    Removing at32f403a_407_crm.o(.ARM.exidx.text.crm_usb_clock_source_select), (8 bytes).
    Removing at32f403a_407_crm.o(.text.crm_clkout_to_tmr10_enable), (26 bytes).
    Removing at32f403a_407_crm.o(.ARM.exidx.text.crm_clkout_to_tmr10_enable), (8 bytes).
    Removing at32f403a_407_crm.o(.text.crm_hext_clock_div_set), (26 bytes).
    Removing at32f403a_407_crm.o(.ARM.exidx.text.crm_hext_clock_div_set), (8 bytes).
    Removing at32f403a_407_crm.o(.text.crm_clkout_div_set), (22 bytes).
    Removing at32f403a_407_crm.o(.ARM.exidx.text.crm_clkout_div_set), (8 bytes).
    Removing at32f403a_407_debug.o(.text), (0 bytes).
    Removing at32f403a_407_debug.o(.text.debug_device_id_get), (12 bytes).
    Removing at32f403a_407_debug.o(.ARM.exidx.text.debug_device_id_get), (8 bytes).
    Removing at32f403a_407_debug.o(.text.debug_periph_mode_set), (24 bytes).
    Removing at32f403a_407_debug.o(.ARM.exidx.text.debug_periph_mode_set), (8 bytes).
    Removing at32f403a_407_flash.o(.text), (0 bytes).
    Removing at32f403a_407_flash.o(.text.flash_flag_get), (56 bytes).
    Removing at32f403a_407_flash.o(.ARM.exidx.text.flash_flag_get), (8 bytes).
    Removing at32f403a_407_flash.o(.text.flash_flag_clear), (42 bytes).
    Removing at32f403a_407_flash.o(.ARM.exidx.text.flash_flag_clear), (8 bytes).
    Removing at32f403a_407_flash.o(.text.flash_operation_status_get), (42 bytes).
    Removing at32f403a_407_flash.o(.ARM.exidx.text.flash_operation_status_get), (8 bytes).
    Removing at32f403a_407_flash.o(.text.flash_bank1_operation_status_get), (42 bytes).
    Removing at32f403a_407_flash.o(.ARM.exidx.text.flash_bank1_operation_status_get), (8 bytes).
    Removing at32f403a_407_flash.o(.text.flash_bank2_operation_status_get), (42 bytes).
    Removing at32f403a_407_flash.o(.ARM.exidx.text.flash_bank2_operation_status_get), (8 bytes).
    Removing at32f403a_407_flash.o(.text.flash_spim_operation_status_get), (42 bytes).
    Removing at32f403a_407_flash.o(.ARM.exidx.text.flash_spim_operation_status_get), (8 bytes).
    Removing at32f403a_407_flash.o(.text.flash_operation_wait_for), (108 bytes).
    Removing at32f403a_407_flash.o(.ARM.exidx.text.flash_operation_wait_for), (8 bytes).
    Removing at32f403a_407_flash.o(.text.flash_bank1_operation_wait_for), (108 bytes).
    Removing at32f403a_407_flash.o(.ARM.exidx.text.flash_bank1_operation_wait_for), (8 bytes).
    Removing at32f403a_407_flash.o(.text.flash_bank2_operation_wait_for), (108 bytes).
    Removing at32f403a_407_flash.o(.ARM.exidx.text.flash_bank2_operation_wait_for), (8 bytes).
    Removing at32f403a_407_flash.o(.text.flash_spim_operation_wait_for), (108 bytes).
    Removing at32f403a_407_flash.o(.ARM.exidx.text.flash_spim_operation_wait_for), (8 bytes).
    Removing at32f403a_407_flash.o(.ARM.exidx.text.flash_unlock), (8 bytes).
    Removing at32f403a_407_flash.o(.text.flash_bank1_unlock), (30 bytes).
    Removing at32f403a_407_flash.o(.ARM.exidx.text.flash_bank1_unlock), (8 bytes).
    Removing at32f403a_407_flash.o(.text.flash_bank2_unlock), (30 bytes).
    Removing at32f403a_407_flash.o(.ARM.exidx.text.flash_bank2_unlock), (8 bytes).
    Removing at32f403a_407_flash.o(.text.flash_spim_unlock), (40 bytes).
    Removing at32f403a_407_flash.o(.ARM.exidx.text.flash_spim_unlock), (8 bytes).
    Removing at32f403a_407_flash.o(.ARM.exidx.text.flash_lock), (8 bytes).
    Removing at32f403a_407_flash.o(.text.flash_bank1_lock), (18 bytes).
    Removing at32f403a_407_flash.o(.ARM.exidx.text.flash_bank1_lock), (8 bytes).
    Removing at32f403a_407_flash.o(.text.flash_bank2_lock), (18 bytes).
    Removing at32f403a_407_flash.o(.ARM.exidx.text.flash_bank2_lock), (8 bytes).
    Removing at32f403a_407_flash.o(.text.flash_spim_lock), (18 bytes).
    Removing at32f403a_407_flash.o(.ARM.exidx.text.flash_spim_lock), (8 bytes).
    Removing at32f403a_407_flash.o(.ARM.exidx.text.flash_sector_erase), (8 bytes).
    Removing at32f403a_407_flash.o(.text.flash_spim_dummy_read), (28 bytes).
    Removing at32f403a_407_flash.o(.ARM.exidx.text.flash_spim_dummy_read), (8 bytes).
    Removing at32f403a_407_flash.o(.text.flash_internal_all_erase), (254 bytes).
    Removing at32f403a_407_flash.o(.ARM.exidx.text.flash_internal_all_erase), (8 bytes).
    Removing at32f403a_407_flash.o(.text.flash_bank1_erase), (130 bytes).
    Removing at32f403a_407_flash.o(.ARM.exidx.text.flash_bank1_erase), (8 bytes).
    Removing at32f403a_407_flash.o(.text.flash_bank2_erase), (130 bytes).
    Removing at32f403a_407_flash.o(.ARM.exidx.text.flash_bank2_erase), (8 bytes).
    Removing at32f403a_407_flash.o(.text.flash_spim_all_erase), (152 bytes).
    Removing at32f403a_407_flash.o(.ARM.exidx.text.flash_spim_all_erase), (8 bytes).
    Removing at32f403a_407_flash.o(.text.flash_user_system_data_erase), (314 bytes).
    Removing at32f403a_407_flash.o(.ARM.exidx.text.flash_user_system_data_erase), (8 bytes).
    Removing at32f403a_407_flash.o(.text.flash_fap_status_get), (16 bytes).
    Removing at32f403a_407_flash.o(.ARM.exidx.text.flash_fap_status_get), (8 bytes).
    Removing at32f403a_407_flash.o(.text.flash_word_program), (456 bytes).
    Removing at32f403a_407_flash.o(.ARM.exidx.text.flash_word_program), (8 bytes).
    Removing at32f403a_407_flash.o(.ARM.exidx.text.flash_halfword_program), (8 bytes).
    Removing at32f403a_407_flash.o(.text.flash_byte_program), (266 bytes).
    Removing at32f403a_407_flash.o(.ARM.exidx.text.flash_byte_program), (8 bytes).
    Removing at32f403a_407_flash.o(.text.flash_user_system_data_program), (174 bytes).
    Removing at32f403a_407_flash.o(.ARM.exidx.text.flash_user_system_data_program), (8 bytes).
    Removing at32f403a_407_flash.o(.text.flash_epp_set), (514 bytes).
    Removing at32f403a_407_flash.o(.ARM.exidx.text.flash_epp_set), (8 bytes).
    Removing at32f403a_407_flash.o(.text.flash_epp_status_get), (14 bytes).
    Removing at32f403a_407_flash.o(.ARM.exidx.text.flash_epp_status_get), (8 bytes).
    Removing at32f403a_407_flash.o(.text.flash_fap_enable), (298 bytes).
    Removing at32f403a_407_flash.o(.ARM.exidx.text.flash_fap_enable), (8 bytes).
    Removing at32f403a_407_flash.o(.text.flash_ssb_set), (162 bytes).
    Removing at32f403a_407_flash.o(.ARM.exidx.text.flash_ssb_set), (8 bytes).
    Removing at32f403a_407_flash.o(.text.flash_ssb_status_get), (16 bytes).
    Removing at32f403a_407_flash.o(.ARM.exidx.text.flash_ssb_status_get), (8 bytes).
    Removing at32f403a_407_flash.o(.text.flash_interrupt_enable), (158 bytes).
    Removing at32f403a_407_flash.o(.ARM.exidx.text.flash_interrupt_enable), (8 bytes).
    Removing at32f403a_407_flash.o(.text.flash_spim_model_select), (48 bytes).
    Removing at32f403a_407_flash.o(.ARM.exidx.text.flash_spim_model_select), (8 bytes).
    Removing at32f403a_407_flash.o(.text.flash_spim_encryption_range_set), (12 bytes).
    Removing at32f403a_407_flash.o(.ARM.exidx.text.flash_spim_encryption_range_set), (8 bytes).
    Removing at32f403a_407_flash.o(.text.flash_spim_mass_program), (328 bytes).
    Removing at32f403a_407_flash.o(.ARM.exidx.text.flash_spim_mass_program), (8 bytes).
    Removing at32f403a_407_flash.o(.text.flash_slib_enable), (314 bytes).
    Removing at32f403a_407_flash.o(.ARM.exidx.text.flash_slib_enable), (8 bytes).
    Removing at32f403a_407_flash.o(.text.flash_slib_disable), (132 bytes).
    Removing at32f403a_407_flash.o(.ARM.exidx.text.flash_slib_disable), (8 bytes).
    Removing at32f403a_407_flash.o(.text.flash_slib_remaining_count_get), (16 bytes).
    Removing at32f403a_407_flash.o(.ARM.exidx.text.flash_slib_remaining_count_get), (8 bytes).
    Removing at32f403a_407_flash.o(.text.flash_slib_state_get), (16 bytes).
    Removing at32f403a_407_flash.o(.ARM.exidx.text.flash_slib_state_get), (8 bytes).
    Removing at32f403a_407_flash.o(.text.flash_slib_start_sector_get), (16 bytes).
    Removing at32f403a_407_flash.o(.ARM.exidx.text.flash_slib_start_sector_get), (8 bytes).
    Removing at32f403a_407_flash.o(.text.flash_slib_datastart_sector_get), (16 bytes).
    Removing at32f403a_407_flash.o(.ARM.exidx.text.flash_slib_datastart_sector_get), (8 bytes).
    Removing at32f403a_407_flash.o(.text.flash_slib_end_sector_get), (14 bytes).
    Removing at32f403a_407_flash.o(.ARM.exidx.text.flash_slib_end_sector_get), (8 bytes).
    Removing at32f403a_407_flash.o(.text.flash_crc_calibrate), (98 bytes).
    Removing at32f403a_407_flash.o(.ARM.exidx.text.flash_crc_calibrate), (8 bytes).
    Removing at32f403a_407_gpio.o(.text), (0 bytes).
    Removing at32f403a_407_gpio.o(.text.gpio_reset), (46 bytes).
    Removing at32f403a_407_gpio.o(.ARM.exidx.text.gpio_reset), (8 bytes).
    Removing at32f403a_407_gpio.o(.text.gpio_iomux_reset), (26 bytes).
    Removing at32f403a_407_gpio.o(.ARM.exidx.text.gpio_iomux_reset), (8 bytes).
    Removing at32f403a_407_gpio.o(.ARM.exidx.text.gpio_init), (8 bytes).
    Removing at32f403a_407_gpio.o(.ARM.exidx.text.gpio_default_para_init), (8 bytes).
    Removing at32f403a_407_gpio.o(.text.gpio_input_data_bit_read), (14 bytes).
    Removing at32f403a_407_gpio.o(.ARM.exidx.text.gpio_input_data_bit_read), (8 bytes).
    Removing at32f403a_407_gpio.o(.text.gpio_input_data_read), (6 bytes).
    Removing at32f403a_407_gpio.o(.ARM.exidx.text.gpio_input_data_read), (8 bytes).
    Removing at32f403a_407_gpio.o(.text.gpio_output_data_bit_read), (10 bytes).
    Removing at32f403a_407_gpio.o(.ARM.exidx.text.gpio_output_data_bit_read), (8 bytes).
    Removing at32f403a_407_gpio.o(.text.gpio_output_data_read), (6 bytes).
    Removing at32f403a_407_gpio.o(.ARM.exidx.text.gpio_output_data_read), (8 bytes).
    Removing at32f403a_407_gpio.o(.text.gpio_bits_set), (4 bytes).
    Removing at32f403a_407_gpio.o(.ARM.exidx.text.gpio_bits_set), (8 bytes).
    Removing at32f403a_407_gpio.o(.text.gpio_bits_reset), (4 bytes).
    Removing at32f403a_407_gpio.o(.ARM.exidx.text.gpio_bits_reset), (8 bytes).
    Removing at32f403a_407_gpio.o(.text.gpio_bits_toggle), (8 bytes).
    Removing at32f403a_407_gpio.o(.ARM.exidx.text.gpio_bits_toggle), (8 bytes).
    Removing at32f403a_407_gpio.o(.text.gpio_bits_write), (12 bytes).
    Removing at32f403a_407_gpio.o(.ARM.exidx.text.gpio_bits_write), (8 bytes).
    Removing at32f403a_407_gpio.o(.text.gpio_port_write), (4 bytes).
    Removing at32f403a_407_gpio.o(.ARM.exidx.text.gpio_port_write), (8 bytes).
    Removing at32f403a_407_gpio.o(.text.gpio_pin_wp_config), (16 bytes).
    Removing at32f403a_407_gpio.o(.ARM.exidx.text.gpio_pin_wp_config), (8 bytes).
    Removing at32f403a_407_gpio.o(.text.gpio_pins_huge_driven_config), (16 bytes).
    Removing at32f403a_407_gpio.o(.ARM.exidx.text.gpio_pins_huge_driven_config), (8 bytes).
    Removing at32f403a_407_gpio.o(.text.gpio_event_output_config), (22 bytes).
    Removing at32f403a_407_gpio.o(.ARM.exidx.text.gpio_event_output_config), (8 bytes).
    Removing at32f403a_407_gpio.o(.text.gpio_event_output_enable), (24 bytes).
    Removing at32f403a_407_gpio.o(.ARM.exidx.text.gpio_event_output_enable), (8 bytes).
    Removing at32f403a_407_gpio.o(.ARM.exidx.text.gpio_pin_remap_config), (8 bytes).
    Removing at32f403a_407_gpio.o(.text.gpio_exint_line_config), (156 bytes).
    Removing at32f403a_407_gpio.o(.ARM.exidx.text.gpio_exint_line_config), (8 bytes).
    Removing at32f403a_407_misc.o(.text), (0 bytes).
    Removing at32f403a_407_misc.o(.text.nvic_system_reset), (4 bytes).
    Removing at32f403a_407_misc.o(.ARM.exidx.text.nvic_system_reset), (8 bytes).
    Removing at32f403a_407_misc.o(.text.__NVIC_SystemReset), (36 bytes).
    Removing at32f403a_407_misc.o(.ARM.exidx.text.__NVIC_SystemReset), (8 bytes).
    Removing at32f403a_407_misc.o(.ARM.exidx.text.nvic_irq_enable), (8 bytes).
    Removing at32f403a_407_misc.o(.ARM.exidx.text.nvic_irq_disable), (8 bytes).
    Removing at32f403a_407_misc.o(.ARM.exidx.text.nvic_priority_group_config), (8 bytes).
    Removing at32f403a_407_misc.o(.text.nvic_vector_table_set), (24 bytes).
    Removing at32f403a_407_misc.o(.ARM.exidx.text.nvic_vector_table_set), (8 bytes).
    Removing at32f403a_407_misc.o(.text.nvic_lowpower_mode_config), (24 bytes).
    Removing at32f403a_407_misc.o(.ARM.exidx.text.nvic_lowpower_mode_config), (8 bytes).
    Removing at32f403a_407_misc.o(.ARM.exidx.text.systick_clock_source_config), (8 bytes).
    Removing at32f403a_407_pwc.o(.text), (0 bytes).
    Removing at32f403a_407_pwc.o(.text.pwc_reset), (28 bytes).
    Removing at32f403a_407_pwc.o(.ARM.exidx.text.pwc_reset), (8 bytes).
    Removing at32f403a_407_pwc.o(.text.pwc_battery_powered_domain_access), (26 bytes).
    Removing at32f403a_407_pwc.o(.ARM.exidx.text.pwc_battery_powered_domain_access), (8 bytes).
    Removing at32f403a_407_pwc.o(.text.pwc_pvm_level_select), (26 bytes).
    Removing at32f403a_407_pwc.o(.ARM.exidx.text.pwc_pvm_level_select), (8 bytes).
    Removing at32f403a_407_pwc.o(.text.pwc_power_voltage_monitor_enable), (26 bytes).
    Removing at32f403a_407_pwc.o(.ARM.exidx.text.pwc_power_voltage_monitor_enable), (8 bytes).
    Removing at32f403a_407_pwc.o(.text.pwc_wakeup_pin_enable), (24 bytes).
    Removing at32f403a_407_pwc.o(.ARM.exidx.text.pwc_wakeup_pin_enable), (8 bytes).
    Removing at32f403a_407_pwc.o(.text.pwc_flag_clear), (36 bytes).
    Removing at32f403a_407_pwc.o(.ARM.exidx.text.pwc_flag_clear), (8 bytes).
    Removing at32f403a_407_pwc.o(.text.pwc_flag_get), (18 bytes).
    Removing at32f403a_407_pwc.o(.ARM.exidx.text.pwc_flag_get), (8 bytes).
    Removing at32f403a_407_pwc.o(.text.pwc_sleep_mode_enter), (36 bytes).
    Removing at32f403a_407_pwc.o(.ARM.exidx.text.pwc_sleep_mode_enter), (8 bytes).
    Removing at32f403a_407_pwc.o(.text.pwc_deep_sleep_mode_enter), (42 bytes).
    Removing at32f403a_407_pwc.o(.ARM.exidx.text.pwc_deep_sleep_mode_enter), (8 bytes).
    Removing at32f403a_407_pwc.o(.text.pwc_voltage_regulate_set), (18 bytes).
    Removing at32f403a_407_pwc.o(.ARM.exidx.text.pwc_voltage_regulate_set), (8 bytes).
    Removing at32f403a_407_pwc.o(.text.pwc_standby_mode_enter), (44 bytes).
    Removing at32f403a_407_pwc.o(.ARM.exidx.text.pwc_standby_mode_enter), (8 bytes).
    Removing at32f403a_407_usart.o(.text), (0 bytes).
    Removing at32f403a_407_usart.o(.text.usart_reset), (212 bytes).
    Removing at32f403a_407_usart.o(.ARM.exidx.text.usart_reset), (8 bytes).
    Removing at32f403a_407_usart.o(.ARM.exidx.text.usart_init), (8 bytes).
    Removing at32f403a_407_usart.o(.ARM.exidx.text.usart_parity_selection_config), (8 bytes).
    Removing at32f403a_407_usart.o(.ARM.exidx.text.usart_enable), (8 bytes).
    Removing at32f403a_407_usart.o(.ARM.exidx.text.usart_transmitter_enable), (8 bytes).
    Removing at32f403a_407_usart.o(.ARM.exidx.text.usart_receiver_enable), (8 bytes).
    Removing at32f403a_407_usart.o(.text.usart_clock_config), (54 bytes).
    Removing at32f403a_407_usart.o(.ARM.exidx.text.usart_clock_config), (8 bytes).
    Removing at32f403a_407_usart.o(.text.usart_clock_enable), (18 bytes).
    Removing at32f403a_407_usart.o(.ARM.exidx.text.usart_clock_enable), (8 bytes).
    Removing at32f403a_407_usart.o(.ARM.exidx.text.usart_interrupt_enable), (8 bytes).
    Removing at32f403a_407_usart.o(.text.usart_dma_transmitter_enable), (18 bytes).
    Removing at32f403a_407_usart.o(.ARM.exidx.text.usart_dma_transmitter_enable), (8 bytes).
    Removing at32f403a_407_usart.o(.text.usart_dma_receiver_enable), (18 bytes).
    Removing at32f403a_407_usart.o(.ARM.exidx.text.usart_dma_receiver_enable), (8 bytes).
    Removing at32f403a_407_usart.o(.text.usart_wakeup_id_set), (10 bytes).
    Removing at32f403a_407_usart.o(.ARM.exidx.text.usart_wakeup_id_set), (8 bytes).
    Removing at32f403a_407_usart.o(.text.usart_wakeup_mode_set), (18 bytes).
    Removing at32f403a_407_usart.o(.ARM.exidx.text.usart_wakeup_mode_set), (8 bytes).
    Removing at32f403a_407_usart.o(.text.usart_receiver_mute_enable), (18 bytes).
    Removing at32f403a_407_usart.o(.ARM.exidx.text.usart_receiver_mute_enable), (8 bytes).
    Removing at32f403a_407_usart.o(.text.usart_break_bit_num_set), (18 bytes).
    Removing at32f403a_407_usart.o(.ARM.exidx.text.usart_break_bit_num_set), (8 bytes).
    Removing at32f403a_407_usart.o(.text.usart_lin_mode_enable), (18 bytes).
    Removing at32f403a_407_usart.o(.ARM.exidx.text.usart_lin_mode_enable), (8 bytes).
    Removing at32f403a_407_usart.o(.ARM.exidx.text.usart_data_transmit), (8 bytes).
    Removing at32f403a_407_usart.o(.ARM.exidx.text.usart_data_receive), (8 bytes).
    Removing at32f403a_407_usart.o(.text.usart_break_send), (10 bytes).
    Removing at32f403a_407_usart.o(.ARM.exidx.text.usart_break_send), (8 bytes).
    Removing at32f403a_407_usart.o(.text.usart_smartcard_guard_time_set), (14 bytes).
    Removing at32f403a_407_usart.o(.ARM.exidx.text.usart_smartcard_guard_time_set), (8 bytes).
    Removing at32f403a_407_usart.o(.text.usart_irda_smartcard_division_set), (12 bytes).
    Removing at32f403a_407_usart.o(.ARM.exidx.text.usart_irda_smartcard_division_set), (8 bytes).
    Removing at32f403a_407_usart.o(.text.usart_smartcard_mode_enable), (18 bytes).
    Removing at32f403a_407_usart.o(.ARM.exidx.text.usart_smartcard_mode_enable), (8 bytes).
    Removing at32f403a_407_usart.o(.text.usart_smartcard_nack_set), (18 bytes).
    Removing at32f403a_407_usart.o(.ARM.exidx.text.usart_smartcard_nack_set), (8 bytes).
    Removing at32f403a_407_usart.o(.text.usart_single_line_halfduplex_select), (18 bytes).
    Removing at32f403a_407_usart.o(.ARM.exidx.text.usart_single_line_halfduplex_select), (8 bytes).
    Removing at32f403a_407_usart.o(.text.usart_irda_mode_enable), (18 bytes).
    Removing at32f403a_407_usart.o(.ARM.exidx.text.usart_irda_mode_enable), (8 bytes).
    Removing at32f403a_407_usart.o(.text.usart_irda_low_power_enable), (18 bytes).
    Removing at32f403a_407_usart.o(.ARM.exidx.text.usart_irda_low_power_enable), (8 bytes).
    Removing at32f403a_407_usart.o(.ARM.exidx.text.usart_hardware_flow_control_set), (8 bytes).
    Removing at32f403a_407_usart.o(.ARM.exidx.text.usart_flag_get), (8 bytes).
    Removing at32f403a_407_usart.o(.ARM.exidx.text.usart_interrupt_flag_get), (8 bytes).
    Removing at32f403a_407_usart.o(.text.usart_flag_clear), (16 bytes).
    Removing at32f403a_407_usart.o(.ARM.exidx.text.usart_flag_clear), (8 bytes).
    Removing startup_at32f403a_407.o(HEAP), (512 bytes).
    Removing system_at32f403a_407.o(.text), (0 bytes).
    Removing system_at32f403a_407.o(.ARM.exidx.text.SystemInit), (8 bytes).
    Removing system_at32f403a_407.o(.ARM.exidx.text.system_core_clock_update), (8 bytes).

351 unused section(s) (total 9840 bytes) removed from the image.

==============================================================================

Image Symbol Table

    Local Symbols

    Symbol Name                              Value     Ov Type        Size  Object(Section)

    ../clib/microlib/init/entry.s            0x00000000   Number         0  entry.o ABSOLUTE
    ../clib/microlib/init/entry.s            0x00000000   Number         0  entry2.o ABSOLUTE
    ../clib/microlib/init/entry.s            0x00000000   Number         0  entry5.o ABSOLUTE
    ../clib/microlib/init/entry.s            0x00000000   Number         0  entry7a.o ABSOLUTE
    ../clib/microlib/init/entry.s            0x00000000   Number         0  entry7b.o ABSOLUTE
    ../clib/microlib/init/entry.s            0x00000000   Number         0  entry8a.o ABSOLUTE
    ../clib/microlib/init/entry.s            0x00000000   Number         0  entry8b.o ABSOLUTE
    ../clib/microlib/init/entry.s            0x00000000   Number         0  entry9a.o ABSOLUTE
    ../clib/microlib/init/entry.s            0x00000000   Number         0  entry9b.o ABSOLUTE
    ../clib/microlib/init/entry.s            0x00000000   Number         0  entry10a.o ABSOLUTE
    ../clib/microlib/init/entry.s            0x00000000   Number         0  entry10b.o ABSOLUTE
    ../clib/microlib/init/entry.s            0x00000000   Number         0  entry11a.o ABSOLUTE
    ../clib/microlib/init/entry.s            0x00000000   Number         0  entry11b.o ABSOLUTE
    ../clib/microlib/string/memcpy.c         0x00000000   Number         0  memcpya.o ABSOLUTE
    ../clib/microlib/string/memcpy.c         0x00000000   Number         0  memcpyb.o ABSOLUTE
    at32f403a_407_crc.c                      0x00000000   Number         0  at32f403a_407_crc.o ABSOLUTE
    at32f403a_407_crm.c                      0x00000000   Number         0  at32f403a_407_crm.o ABSOLUTE
    at32f403a_407_debug.c                    0x00000000   Number         0  at32f403a_407_debug.o ABSOLUTE
    at32f403a_407_flash.c                    0x00000000   Number         0  at32f403a_407_flash.o ABSOLUTE
    at32f403a_407_gpio.c                     0x00000000   Number         0  at32f403a_407_gpio.o ABSOLUTE
    at32f403a_407_int.c                      0x00000000   Number         0  at32f403a_407_int.o ABSOLUTE
    at32f403a_407_misc.c                     0x00000000   Number         0  at32f403a_407_misc.o ABSOLUTE
    at32f403a_407_pwc.c                      0x00000000   Number         0  at32f403a_407_pwc.o ABSOLUTE
    at32f403a_407_usart.c                    0x00000000   Number         0  at32f403a_407_usart.o ABSOLUTE
    at32f403a_407_wk_config.c                0x00000000   Number         0  at32f403a_407_wk_config.o ABSOLUTE
    dc.s                                     0x00000000   Number         0  dc.o ABSOLUTE
    flash.c                                  0x00000000   Number         0  flash.o ABSOLUTE
    handlers.s                               0x00000000   Number         0  handlers.o ABSOLUTE
    iap.c                                    0x00000000   Number         0  iap.o ABSOLUTE
    init.s                                   0x00000000   Number         0  init.o ABSOLUTE
    main.c                                   0x00000000   Number         0  main.o ABSOLUTE
    startup_at32f403a_407.s                  0x00000000   Number         0  startup_at32f403a_407.o ABSOLUTE
    system_at32f403a_407.c                   0x00000000   Number         0  system_at32f403a_407.o ABSOLUTE
    wk_crc.c                                 0x00000000   Number         0  wk_crc.o ABSOLUTE
    wk_debug.c                               0x00000000   Number         0  wk_debug.o ABSOLUTE
    wk_system.c                              0x00000000   Number         0  wk_system.o ABSOLUTE
    wk_usart.c                               0x00000000   Number         0  wk_usart.o ABSOLUTE
    RESET                                    0x08000000   Section      388  startup_at32f403a_407.o(RESET)
    .ARM.Collect$$$$00000000                 0x08000184   Section        0  entry.o(.ARM.Collect$$$$00000000)
    .ARM.Collect$$$$00000001                 0x08000184   Section        4  entry2.o(.ARM.Collect$$$$00000001)
    .ARM.Collect$$$$00000004                 0x08000188   Section        4  entry5.o(.ARM.Collect$$$$00000004)
    .ARM.Collect$$$$00000008                 0x0800018c   Section        0  entry7b.o(.ARM.Collect$$$$00000008)
    .ARM.Collect$$$$0000000A                 0x0800018c   Section        0  entry8b.o(.ARM.Collect$$$$0000000A)
    .ARM.Collect$$$$0000000B                 0x0800018c   Section        8  entry9a.o(.ARM.Collect$$$$0000000B)
    __lit__00000000                          0x08000194   Data           4  entry2.o(.ARM.Collect$$$$00002712)
    .ARM.Collect$$$$0000000D                 0x08000194   Section        0  entry10a.o(.ARM.Collect$$$$0000000D)
    .ARM.Collect$$$$0000000F                 0x08000194   Section        0  entry11a.o(.ARM.Collect$$$$0000000F)
    .ARM.Collect$$$$00002712                 0x08000194   Section        4  entry2.o(.ARM.Collect$$$$00002712)
    $v0                                      0x08000198   Number         0  startup_at32f403a_407.o(.text)
    .text                                    0x08000198   Section       36  startup_at32f403a_407.o(.text)
    .text                                    0x080001bc   Section        0  memcpya.o(.text)
    .text                                    0x080001e0   Section       48  init.o(.text)
    [Anonymous Symbol]                       0x08000210   Section        0  at32f403a_407_int.o(.text.BusFault_Handler)
    [Anonymous Symbol]                       0x08000214   Section        0  at32f403a_407_int.o(.text.DebugMon_Handler)
    [Anonymous Symbol]                       0x08000218   Section        0  at32f403a_407_int.o(.text.HardFault_Handler)
    [Anonymous Symbol]                       0x0800021c   Section        0  at32f403a_407_int.o(.text.MemManage_Handler)
    [Anonymous Symbol]                       0x08000220   Section        0  at32f403a_407_int.o(.text.NMI_Handler)
    [Anonymous Symbol]                       0x08000224   Section        0  at32f403a_407_int.o(.text.PendSV_Handler)
    [Anonymous Symbol]                       0x08000228   Section        0  at32f403a_407_int.o(.text.SVC_Handler)
    [Anonymous Symbol]                       0x0800022c   Section        0  at32f403a_407_int.o(.text.SysTick_Handler)
    [Anonymous Symbol]                       0x08000230   Section        0  system_at32f403a_407.o(.text.SystemInit)
    [Anonymous Symbol]                       0x0800028c   Section        0  at32f403a_407_int.o(.text.USART1_IRQHandler)
    [Anonymous Symbol]                       0x0800046c   Section        0  at32f403a_407_int.o(.text.UsageFault_Handler)
    __NVIC_ClearPendingIRQ                   0x08000471   Thumb Code    22  iap.o(.text.__NVIC_ClearPendingIRQ)
    [Anonymous Symbol]                       0x08000470   Section        0  iap.o(.text.__NVIC_ClearPendingIRQ)
    [Anonymous Symbol]                       0x08000488   Section        0  iap.o(.text.app_load)
    [Anonymous Symbol]                       0x080005a4   Section        0  at32f403a_407_crc.o(.text.crc_block_calculate)
    [Anonymous Symbol]                       0x080005c0   Section        0  at32f403a_407_crc.o(.text.crc_data_reset)
    [Anonymous Symbol]                       0x080005d4   Section        0  at32f403a_407_crc.o(.text.crc_init_data_set)
    [Anonymous Symbol]                       0x080005e0   Section        0  at32f403a_407_crc.o(.text.crc_poly_size_set)
    [Anonymous Symbol]                       0x080005fc   Section        0  at32f403a_407_crc.o(.text.crc_poly_value_set)
    [Anonymous Symbol]                       0x08000608   Section        0  at32f403a_407_crc.o(.text.crc_reverse_input_data_set)
    [Anonymous Symbol]                       0x08000624   Section        0  at32f403a_407_crc.o(.text.crc_reverse_output_data_set)
    [Anonymous Symbol]                       0x08000640   Section        0  at32f403a_407_crm.o(.text.crm_ahb_div_set)
    [Anonymous Symbol]                       0x0800065c   Section        0  at32f403a_407_crm.o(.text.crm_apb1_div_set)
    [Anonymous Symbol]                       0x08000678   Section        0  at32f403a_407_crm.o(.text.crm_apb2_div_set)
    [Anonymous Symbol]                       0x08000694   Section        0  at32f403a_407_crm.o(.text.crm_auto_step_mode_enable)
    [Anonymous Symbol]                       0x080006ac   Section        0  at32f403a_407_crm.o(.text.crm_clock_source_enable)
    [Anonymous Symbol]                       0x08000728   Section        0  at32f403a_407_crm.o(.text.crm_clocks_freq_get)
    crm_clocks_freq_get.sclk_ahb_div_table   0x08000804   Number         0  at32f403a_407_crm.o(.text.crm_clocks_freq_get)
    crm_clocks_freq_get.adc_div_table        0x08000814   Number         0  at32f403a_407_crm.o(.text.crm_clocks_freq_get)
    [Anonymous Symbol]                       0x0800081c   Section        0  at32f403a_407_crm.o(.text.crm_flag_get)
    [Anonymous Symbol]                       0x08000838   Section        0  at32f403a_407_crm.o(.text.crm_hext_stable_wait)
    [Anonymous Symbol]                       0x0800085c   Section        0  at32f403a_407_crm.o(.text.crm_periph_clock_enable)
    [Anonymous Symbol]                       0x08000884   Section        0  at32f403a_407_crm.o(.text.crm_pll_config)
    [Anonymous Symbol]                       0x080008f4   Section        0  at32f403a_407_crm.o(.text.crm_reset)
    [Anonymous Symbol]                       0x08000938   Section        0  at32f403a_407_crm.o(.text.crm_sysclk_switch)
    [Anonymous Symbol]                       0x08000974   Section        0  at32f403a_407_crm.o(.text.crm_sysclk_switch_status_get)
    [Anonymous Symbol]                       0x08000984   Section        0  flash.o(.text.flash_2kb_write)
    [Anonymous Symbol]                       0x080009d0   Section        0  at32f403a_407_flash.o(.text.flash_halfword_program)
    [Anonymous Symbol]                       0x08000b98   Section        0  at32f403a_407_flash.o(.text.flash_lock)
    [Anonymous Symbol]                       0x08000bb4   Section        0  at32f403a_407_flash.o(.text.flash_sector_erase)
    [Anonymous Symbol]                       0x08000d98   Section        0  at32f403a_407_flash.o(.text.flash_unlock)
    [Anonymous Symbol]                       0x08000dbc   Section        0  flash.o(.text.flash_upgrade_flag_read)
    [Anonymous Symbol]                       0x08000dd8   Section        0  at32f403a_407_gpio.o(.text.gpio_default_para_init)
    [Anonymous Symbol]                       0x08000dec   Section        0  at32f403a_407_gpio.o(.text.gpio_init)
    [Anonymous Symbol]                       0x08000eac   Section        0  at32f403a_407_gpio.o(.text.gpio_pin_remap_config)
    [Anonymous Symbol]                       0x08000eec   Section        0  main.o(.text.main)
    [Anonymous Symbol]                       0x08000f60   Section        0  at32f403a_407_misc.o(.text.nvic_irq_disable)
    [Anonymous Symbol]                       0x08000f8c   Section        0  at32f403a_407_misc.o(.text.nvic_irq_enable)
    [Anonymous Symbol]                       0x08001004   Section        0  at32f403a_407_misc.o(.text.nvic_priority_group_config)
    [Anonymous Symbol]                       0x08001024   Section        0  system_at32f403a_407.o(.text.system_core_clock_update)
    system_core_clock_update.sys_ahb_div_table 0x080010c8   Number         0  system_at32f403a_407.o(.text.system_core_clock_update)
    [Anonymous Symbol]                       0x080010d8   Section        0  at32f403a_407_misc.o(.text.systick_clock_source_config)
    [Anonymous Symbol]                       0x080010f0   Section        0  at32f403a_407_int.o(.text.usart1_connet_pc)
    [Anonymous Symbol]                       0x08001184   Section        0  at32f403a_407_int.o(.text.usart1_send_error)
    [Anonymous Symbol]                       0x08001218   Section        0  at32f403a_407_int.o(.text.usart1_send_ok)
    [Anonymous Symbol]                       0x080012ac   Section        0  at32f403a_407_usart.o(.text.usart_data_receive)
    [Anonymous Symbol]                       0x080012b4   Section        0  at32f403a_407_usart.o(.text.usart_data_transmit)
    [Anonymous Symbol]                       0x080012bc   Section        0  at32f403a_407_usart.o(.text.usart_enable)
    [Anonymous Symbol]                       0x080012d0   Section        0  at32f403a_407_usart.o(.text.usart_flag_get)
    [Anonymous Symbol]                       0x080012dc   Section        0  at32f403a_407_usart.o(.text.usart_hardware_flow_control_set)
    [Anonymous Symbol]                       0x08001320   Section        0  at32f403a_407_usart.o(.text.usart_init)
    [Anonymous Symbol]                       0x080013d0   Section        0  at32f403a_407_usart.o(.text.usart_interrupt_enable)
    [Anonymous Symbol]                       0x080013f0   Section        0  at32f403a_407_usart.o(.text.usart_interrupt_flag_get)
    [Anonymous Symbol]                       0x080014b4   Section        0  at32f403a_407_usart.o(.text.usart_parity_selection_config)
    [Anonymous Symbol]                       0x080014f0   Section        0  at32f403a_407_usart.o(.text.usart_receiver_enable)
    [Anonymous Symbol]                       0x08001504   Section        0  at32f403a_407_usart.o(.text.usart_transmitter_enable)
    [Anonymous Symbol]                       0x08001518   Section        0  wk_crc.o(.text.wk_crc_init)
    [Anonymous Symbol]                       0x08001548   Section        0  wk_debug.o(.text.wk_debug_config)
    [Anonymous Symbol]                       0x08001558   Section        0  at32f403a_407_wk_config.o(.text.wk_nvic_config)
    [Anonymous Symbol]                       0x080015b8   Section        0  at32f403a_407_wk_config.o(.text.wk_periph_clock_config)
    [Anonymous Symbol]                       0x080015f4   Section        0  at32f403a_407_wk_config.o(.text.wk_system_clock_config)
    [Anonymous Symbol]                       0x08001688   Section        0  wk_system.o(.text.wk_timebase_handler)
    [Anonymous Symbol]                       0x0800168c   Section        0  wk_system.o(.text.wk_timebase_increase)
    [Anonymous Symbol]                       0x0800169c   Section        0  wk_system.o(.text.wk_timebase_init)
    [Anonymous Symbol]                       0x080016dc   Section        0  wk_usart.o(.text.wk_usart1_init)
    i.__scatterload_copy                     0x0800176c   Section       14  handlers.o(i.__scatterload_copy)
    i.__scatterload_null                     0x0800177a   Section        2  handlers.o(i.__scatterload_null)
    i.__scatterload_zeroinit                 0x0800177c   Section       14  handlers.o(i.__scatterload_zeroinit)
    crm_clocks_freq_get.ahb_apb2_div_table   0x0800178a   Data           8  at32f403a_407_crm.o(.rodata.cst8)
    [Anonymous Symbol]                       0x0800178a   Section        0  at32f403a_407_crm.o(.rodata.cst8)
    USART1_IRQHandler.count                  0x20000008   Data           2  at32f403a_407_int.o(.bss.USART1_IRQHandler.count)
    [Anonymous Symbol]                       0x20000008   Section        0  at32f403a_407_int.o(.bss.USART1_IRQHandler.count)
    USART1_IRQHandler.data_count             0x2000000a   Data           1  at32f403a_407_int.o(.bss.USART1_IRQHandler.data_count)
    [Anonymous Symbol]                       0x2000000a   Section        0  at32f403a_407_int.o(.bss.USART1_IRQHandler.data_count)
    STACK                                    0x20001040   Section     1024  startup_at32f403a_407.o(STACK)

    Global Symbols

    Symbol Name                              Value     Ov Type        Size  Object(Section)

    BuildAttributes$$THM_ISAv4$E$P$D$K$B$S$7EM$VFPi3$EXTD16$VFPS$VFMA$PE$A:L22UL41UL21$X:L11$S22US41US21$IEEE1$IW$~IW$USESV6$~STKCKD$USESV7$~SHL$OTIME$EBA8$MICROLIB$REQ8$PRES8$EABIv2 0x00000000   Number         0  anon$$obj.o ABSOLUTE
    __cpp_initialize__aeabi_                  - Undefined Weak Reference
    __cxa_finalize                            - Undefined Weak Reference
    __decompress                              - Undefined Weak Reference
    _clock_init                               - Undefined Weak Reference
    _microlib_exit                            - Undefined Weak Reference
    __Vectors_Size                           0x00000184   Number         0  startup_at32f403a_407.o ABSOLUTE
    __Vectors                                0x08000000   Data           4  startup_at32f403a_407.o(RESET)
    __Vectors_End                            0x08000184   Data           0  startup_at32f403a_407.o(RESET)
    __main                                   0x08000185   Thumb Code     0  entry.o(.ARM.Collect$$$$00000000)
    _main_stk                                0x08000185   Thumb Code     0  entry2.o(.ARM.Collect$$$$00000001)
    _main_scatterload                        0x08000189   Thumb Code     0  entry5.o(.ARM.Collect$$$$00000004)
    __main_after_scatterload                 0x0800018d   Thumb Code     0  entry5.o(.ARM.Collect$$$$00000004)
    _main_clock                              0x0800018d   Thumb Code     0  entry7b.o(.ARM.Collect$$$$00000008)
    _main_cpp_init                           0x0800018d   Thumb Code     0  entry8b.o(.ARM.Collect$$$$0000000A)
    _main_init                               0x0800018d   Thumb Code     0  entry9a.o(.ARM.Collect$$$$0000000B)
    __rt_final_cpp                           0x08000195   Thumb Code     0  entry10a.o(.ARM.Collect$$$$0000000D)
    __rt_final_exit                          0x08000195   Thumb Code     0  entry11a.o(.ARM.Collect$$$$0000000F)
    Reset_Handler                            0x08000199   Thumb Code     8  startup_at32f403a_407.o(.text)
    ACC_IRQHandler                           0x080001b3   Thumb Code     0  startup_at32f403a_407.o(.text)
    ADC1_2_IRQHandler                        0x080001b3   Thumb Code     0  startup_at32f403a_407.o(.text)
    ADC3_IRQHandler                          0x080001b3   Thumb Code     0  startup_at32f403a_407.o(.text)
    CAN1_RX1_IRQHandler                      0x080001b3   Thumb Code     0  startup_at32f403a_407.o(.text)
    CAN1_SE_IRQHandler                       0x080001b3   Thumb Code     0  startup_at32f403a_407.o(.text)
    CAN2_RX0_IRQHandler                      0x080001b3   Thumb Code     0  startup_at32f403a_407.o(.text)
    CAN2_RX1_IRQHandler                      0x080001b3   Thumb Code     0  startup_at32f403a_407.o(.text)
    CAN2_SE_IRQHandler                       0x080001b3   Thumb Code     0  startup_at32f403a_407.o(.text)
    CAN2_TX_IRQHandler                       0x080001b3   Thumb Code     0  startup_at32f403a_407.o(.text)
    CRM_IRQHandler                           0x080001b3   Thumb Code     0  startup_at32f403a_407.o(.text)
    DMA1_Channel1_IRQHandler                 0x080001b3   Thumb Code     0  startup_at32f403a_407.o(.text)
    DMA1_Channel2_IRQHandler                 0x080001b3   Thumb Code     0  startup_at32f403a_407.o(.text)
    DMA1_Channel3_IRQHandler                 0x080001b3   Thumb Code     0  startup_at32f403a_407.o(.text)
    DMA1_Channel4_IRQHandler                 0x080001b3   Thumb Code     0  startup_at32f403a_407.o(.text)
    DMA1_Channel5_IRQHandler                 0x080001b3   Thumb Code     0  startup_at32f403a_407.o(.text)
    DMA1_Channel6_IRQHandler                 0x080001b3   Thumb Code     0  startup_at32f403a_407.o(.text)
    DMA1_Channel7_IRQHandler                 0x080001b3   Thumb Code     0  startup_at32f403a_407.o(.text)
    DMA2_Channel1_IRQHandler                 0x080001b3   Thumb Code     0  startup_at32f403a_407.o(.text)
    DMA2_Channel2_IRQHandler                 0x080001b3   Thumb Code     0  startup_at32f403a_407.o(.text)
    DMA2_Channel3_IRQHandler                 0x080001b3   Thumb Code     0  startup_at32f403a_407.o(.text)
    DMA2_Channel4_5_IRQHandler               0x080001b3   Thumb Code     0  startup_at32f403a_407.o(.text)
    DMA2_Channel6_7_IRQHandler               0x080001b3   Thumb Code     0  startup_at32f403a_407.o(.text)
    EMAC_IRQHandler                          0x080001b3   Thumb Code     0  startup_at32f403a_407.o(.text)
    EMAC_WKUP_IRQHandler                     0x080001b3   Thumb Code     0  startup_at32f403a_407.o(.text)
    EXINT0_IRQHandler                        0x080001b3   Thumb Code     0  startup_at32f403a_407.o(.text)
    EXINT15_10_IRQHandler                    0x080001b3   Thumb Code     0  startup_at32f403a_407.o(.text)
    EXINT1_IRQHandler                        0x080001b3   Thumb Code     0  startup_at32f403a_407.o(.text)
    EXINT2_IRQHandler                        0x080001b3   Thumb Code     0  startup_at32f403a_407.o(.text)
    EXINT3_IRQHandler                        0x080001b3   Thumb Code     0  startup_at32f403a_407.o(.text)
    EXINT4_IRQHandler                        0x080001b3   Thumb Code     0  startup_at32f403a_407.o(.text)
    EXINT9_5_IRQHandler                      0x080001b3   Thumb Code     0  startup_at32f403a_407.o(.text)
    FLASH_IRQHandler                         0x080001b3   Thumb Code     0  startup_at32f403a_407.o(.text)
    I2C1_ERR_IRQHandler                      0x080001b3   Thumb Code     0  startup_at32f403a_407.o(.text)
    I2C1_EVT_IRQHandler                      0x080001b3   Thumb Code     0  startup_at32f403a_407.o(.text)
    I2C2_ERR_IRQHandler                      0x080001b3   Thumb Code     0  startup_at32f403a_407.o(.text)
    I2C2_EVT_IRQHandler                      0x080001b3   Thumb Code     0  startup_at32f403a_407.o(.text)
    I2C3_ERR_IRQHandler                      0x080001b3   Thumb Code     0  startup_at32f403a_407.o(.text)
    I2C3_EVT_IRQHandler                      0x080001b3   Thumb Code     0  startup_at32f403a_407.o(.text)
    PVM_IRQHandler                           0x080001b3   Thumb Code     0  startup_at32f403a_407.o(.text)
    RTCAlarm_IRQHandler                      0x080001b3   Thumb Code     0  startup_at32f403a_407.o(.text)
    RTC_IRQHandler                           0x080001b3   Thumb Code     0  startup_at32f403a_407.o(.text)
    SDIO1_IRQHandler                         0x080001b3   Thumb Code     0  startup_at32f403a_407.o(.text)
    SDIO2_IRQHandler                         0x080001b3   Thumb Code     0  startup_at32f403a_407.o(.text)
    SPI1_IRQHandler                          0x080001b3   Thumb Code     0  startup_at32f403a_407.o(.text)
    SPI2_I2S2EXT_IRQHandler                  0x080001b3   Thumb Code     0  startup_at32f403a_407.o(.text)
    SPI3_I2S3EXT_IRQHandler                  0x080001b3   Thumb Code     0  startup_at32f403a_407.o(.text)
    SPI4_IRQHandler                          0x080001b3   Thumb Code     0  startup_at32f403a_407.o(.text)
    TAMPER_IRQHandler                        0x080001b3   Thumb Code     0  startup_at32f403a_407.o(.text)
    TMR1_BRK_TMR9_IRQHandler                 0x080001b3   Thumb Code     0  startup_at32f403a_407.o(.text)
    TMR1_CH_IRQHandler                       0x080001b3   Thumb Code     0  startup_at32f403a_407.o(.text)
    TMR1_OVF_TMR10_IRQHandler                0x080001b3   Thumb Code     0  startup_at32f403a_407.o(.text)
    TMR1_TRG_HALL_TMR11_IRQHandler           0x080001b3   Thumb Code     0  startup_at32f403a_407.o(.text)
    TMR2_GLOBAL_IRQHandler                   0x080001b3   Thumb Code     0  startup_at32f403a_407.o(.text)
    TMR3_GLOBAL_IRQHandler                   0x080001b3   Thumb Code     0  startup_at32f403a_407.o(.text)
    TMR4_GLOBAL_IRQHandler                   0x080001b3   Thumb Code     0  startup_at32f403a_407.o(.text)
    TMR5_GLOBAL_IRQHandler                   0x080001b3   Thumb Code     0  startup_at32f403a_407.o(.text)
    TMR6_GLOBAL_IRQHandler                   0x080001b3   Thumb Code     0  startup_at32f403a_407.o(.text)
    TMR7_GLOBAL_IRQHandler                   0x080001b3   Thumb Code     0  startup_at32f403a_407.o(.text)
    TMR8_BRK_TMR12_IRQHandler                0x080001b3   Thumb Code     0  startup_at32f403a_407.o(.text)
    TMR8_CH_IRQHandler                       0x080001b3   Thumb Code     0  startup_at32f403a_407.o(.text)
    TMR8_OVF_TMR13_IRQHandler                0x080001b3   Thumb Code     0  startup_at32f403a_407.o(.text)
    TMR8_TRG_HALL_TMR14_IRQHandler           0x080001b3   Thumb Code     0  startup_at32f403a_407.o(.text)
    UART4_IRQHandler                         0x080001b3   Thumb Code     0  startup_at32f403a_407.o(.text)
    UART5_IRQHandler                         0x080001b3   Thumb Code     0  startup_at32f403a_407.o(.text)
    UART7_IRQHandler                         0x080001b3   Thumb Code     0  startup_at32f403a_407.o(.text)
    UART8_IRQHandler                         0x080001b3   Thumb Code     0  startup_at32f403a_407.o(.text)
    USART2_IRQHandler                        0x080001b3   Thumb Code     0  startup_at32f403a_407.o(.text)
    USART3_IRQHandler                        0x080001b3   Thumb Code     0  startup_at32f403a_407.o(.text)
    USART6_IRQHandler                        0x080001b3   Thumb Code     0  startup_at32f403a_407.o(.text)
    USBFSWakeUp_IRQHandler                   0x080001b3   Thumb Code     0  startup_at32f403a_407.o(.text)
    USBFS_H_CAN1_TX_IRQHandler               0x080001b3   Thumb Code     0  startup_at32f403a_407.o(.text)
    USBFS_L_CAN1_RX0_IRQHandler              0x080001b3   Thumb Code     0  startup_at32f403a_407.o(.text)
    USBFS_MAPH_IRQHandler                    0x080001b3   Thumb Code     0  startup_at32f403a_407.o(.text)
    USBFS_MAPL_IRQHandler                    0x080001b3   Thumb Code     0  startup_at32f403a_407.o(.text)
    WWDT_IRQHandler                          0x080001b3   Thumb Code     0  startup_at32f403a_407.o(.text)
    XMC_IRQHandler                           0x080001b3   Thumb Code     0  startup_at32f403a_407.o(.text)
    __aeabi_memcpy                           0x080001bd   Thumb Code    36  memcpya.o(.text)
    __aeabi_memcpy4                          0x080001bd   Thumb Code     0  memcpya.o(.text)
    __aeabi_memcpy8                          0x080001bd   Thumb Code     0  memcpya.o(.text)
    __scatterload                            0x080001e1   Thumb Code    38  init.o(.text)
    __scatterload_rt2                        0x080001e1   Thumb Code     0  init.o(.text)
    BusFault_Handler                         0x08000211   Thumb Code     2  at32f403a_407_int.o(.text.BusFault_Handler)
    DebugMon_Handler                         0x08000215   Thumb Code     2  at32f403a_407_int.o(.text.DebugMon_Handler)
    HardFault_Handler                        0x08000219   Thumb Code     2  at32f403a_407_int.o(.text.HardFault_Handler)
    MemManage_Handler                        0x0800021d   Thumb Code     2  at32f403a_407_int.o(.text.MemManage_Handler)
    NMI_Handler                              0x08000221   Thumb Code     2  at32f403a_407_int.o(.text.NMI_Handler)
    PendSV_Handler                           0x08000225   Thumb Code     2  at32f403a_407_int.o(.text.PendSV_Handler)
    SVC_Handler                              0x08000229   Thumb Code     2  at32f403a_407_int.o(.text.SVC_Handler)
    SysTick_Handler                          0x0800022d   Thumb Code     4  at32f403a_407_int.o(.text.SysTick_Handler)
    SystemInit                               0x08000231   Thumb Code    92  system_at32f403a_407.o(.text.SystemInit)
    USART1_IRQHandler                        0x0800028d   Thumb Code   480  at32f403a_407_int.o(.text.USART1_IRQHandler)
    UsageFault_Handler                       0x0800046d   Thumb Code     2  at32f403a_407_int.o(.text.UsageFault_Handler)
    app_load                                 0x08000489   Thumb Code   284  iap.o(.text.app_load)
    crc_block_calculate                      0x080005a5   Thumb Code    26  at32f403a_407_crc.o(.text.crc_block_calculate)
    crc_data_reset                           0x080005c1   Thumb Code    18  at32f403a_407_crc.o(.text.crc_data_reset)
    crc_init_data_set                        0x080005d5   Thumb Code    12  at32f403a_407_crc.o(.text.crc_init_data_set)
    crc_poly_size_set                        0x080005e1   Thumb Code    26  at32f403a_407_crc.o(.text.crc_poly_size_set)
    crc_poly_value_set                       0x080005fd   Thumb Code    12  at32f403a_407_crc.o(.text.crc_poly_value_set)
    crc_reverse_input_data_set               0x08000609   Thumb Code    26  at32f403a_407_crc.o(.text.crc_reverse_input_data_set)
    crc_reverse_output_data_set              0x08000625   Thumb Code    26  at32f403a_407_crc.o(.text.crc_reverse_output_data_set)
    crm_ahb_div_set                          0x08000641   Thumb Code    26  at32f403a_407_crm.o(.text.crm_ahb_div_set)
    crm_apb1_div_set                         0x0800065d   Thumb Code    26  at32f403a_407_crm.o(.text.crm_apb1_div_set)
    crm_apb2_div_set                         0x08000679   Thumb Code    26  at32f403a_407_crm.o(.text.crm_apb2_div_set)
    crm_auto_step_mode_enable                0x08000695   Thumb Code    24  at32f403a_407_crm.o(.text.crm_auto_step_mode_enable)
    crm_clock_source_enable                  0x080006ad   Thumb Code   122  at32f403a_407_crm.o(.text.crm_clock_source_enable)
    crm_clocks_freq_get                      0x08000729   Thumb Code   220  at32f403a_407_crm.o(.text.crm_clocks_freq_get)
    crm_flag_get                             0x0800081d   Thumb Code    26  at32f403a_407_crm.o(.text.crm_flag_get)
    crm_hext_stable_wait                     0x08000839   Thumb Code    36  at32f403a_407_crm.o(.text.crm_hext_stable_wait)
    crm_periph_clock_enable                  0x0800085d   Thumb Code    40  at32f403a_407_crm.o(.text.crm_periph_clock_enable)
    crm_pll_config                           0x08000885   Thumb Code   110  at32f403a_407_crm.o(.text.crm_pll_config)
    crm_reset                                0x080008f5   Thumb Code    68  at32f403a_407_crm.o(.text.crm_reset)
    crm_sysclk_switch                        0x08000939   Thumb Code    58  at32f403a_407_crm.o(.text.crm_sysclk_switch)
    crm_sysclk_switch_status_get             0x08000975   Thumb Code    16  at32f403a_407_crm.o(.text.crm_sysclk_switch_status_get)
    flash_2kb_write                          0x08000985   Thumb Code    74  flash.o(.text.flash_2kb_write)
    flash_halfword_program                   0x080009d1   Thumb Code   456  at32f403a_407_flash.o(.text.flash_halfword_program)
    flash_lock                               0x08000b99   Thumb Code    26  at32f403a_407_flash.o(.text.flash_lock)
    flash_sector_erase                       0x08000bb5   Thumb Code   484  at32f403a_407_flash.o(.text.flash_sector_erase)
    flash_unlock                             0x08000d99   Thumb Code    34  at32f403a_407_flash.o(.text.flash_unlock)
    flash_upgrade_flag_read                  0x08000dbd   Thumb Code    28  flash.o(.text.flash_upgrade_flag_read)
    gpio_default_para_init                   0x08000dd9   Thumb Code    18  at32f403a_407_gpio.o(.text.gpio_default_para_init)
    gpio_init                                0x08000ded   Thumb Code   190  at32f403a_407_gpio.o(.text.gpio_init)
    gpio_pin_remap_config                    0x08000ead   Thumb Code    64  at32f403a_407_gpio.o(.text.gpio_pin_remap_config)
    main                                     0x08000eed   Thumb Code   116  main.o(.text.main)
    nvic_irq_disable                         0x08000f61   Thumb Code    42  at32f403a_407_misc.o(.text.nvic_irq_disable)
    nvic_irq_enable                          0x08000f8d   Thumb Code   118  at32f403a_407_misc.o(.text.nvic_irq_enable)
    nvic_priority_group_config               0x08001005   Thumb Code    32  at32f403a_407_misc.o(.text.nvic_priority_group_config)
    system_core_clock_update                 0x08001025   Thumb Code   164  system_at32f403a_407.o(.text.system_core_clock_update)
    systick_clock_source_config              0x080010d9   Thumb Code    24  at32f403a_407_misc.o(.text.systick_clock_source_config)
    usart1_connet_pc                         0x080010f1   Thumb Code   146  at32f403a_407_int.o(.text.usart1_connet_pc)
    usart1_send_error                        0x08001185   Thumb Code   146  at32f403a_407_int.o(.text.usart1_send_error)
    usart1_send_ok                           0x08001219   Thumb Code   146  at32f403a_407_int.o(.text.usart1_send_ok)
    usart_data_receive                       0x080012ad   Thumb Code     6  at32f403a_407_usart.o(.text.usart_data_receive)
    usart_data_transmit                      0x080012b5   Thumb Code     8  at32f403a_407_usart.o(.text.usart_data_transmit)
    usart_enable                             0x080012bd   Thumb Code    18  at32f403a_407_usart.o(.text.usart_enable)
    usart_flag_get                           0x080012d1   Thumb Code    10  at32f403a_407_usart.o(.text.usart_flag_get)
    usart_hardware_flow_control_set          0x080012dd   Thumb Code    66  at32f403a_407_usart.o(.text.usart_hardware_flow_control_set)
    usart_init                               0x08001321   Thumb Code   174  at32f403a_407_usart.o(.text.usart_init)
    usart_interrupt_enable                   0x080013d1   Thumb Code    32  at32f403a_407_usart.o(.text.usart_interrupt_enable)
    usart_interrupt_flag_get                 0x080013f1   Thumb Code   194  at32f403a_407_usart.o(.text.usart_interrupt_flag_get)
    usart_parity_selection_config            0x080014b5   Thumb Code    58  at32f403a_407_usart.o(.text.usart_parity_selection_config)
    usart_receiver_enable                    0x080014f1   Thumb Code    18  at32f403a_407_usart.o(.text.usart_receiver_enable)
    usart_transmitter_enable                 0x08001505   Thumb Code    18  at32f403a_407_usart.o(.text.usart_transmitter_enable)
    wk_crc_init                              0x08001519   Thumb Code    48  wk_crc.o(.text.wk_crc_init)
    wk_debug_config                          0x08001549   Thumb Code    14  wk_debug.o(.text.wk_debug_config)
    wk_nvic_config                           0x08001559   Thumb Code    96  at32f403a_407_wk_config.o(.text.wk_nvic_config)
    wk_periph_clock_config                   0x080015b9   Thumb Code    60  at32f403a_407_wk_config.o(.text.wk_periph_clock_config)
    wk_system_clock_config                   0x080015f5   Thumb Code   146  at32f403a_407_wk_config.o(.text.wk_system_clock_config)
    wk_timebase_handler                      0x08001689   Thumb Code     4  wk_system.o(.text.wk_timebase_handler)
    wk_timebase_increase                     0x0800168d   Thumb Code    16  wk_system.o(.text.wk_timebase_increase)
    wk_timebase_init                         0x0800169d   Thumb Code    64  wk_system.o(.text.wk_timebase_init)
    wk_usart1_init                           0x080016dd   Thumb Code   144  wk_usart.o(.text.wk_usart1_init)
    __scatterload_copy                       0x0800176d   Thumb Code    14  handlers.o(i.__scatterload_copy)
    __scatterload_null                       0x0800177b   Thumb Code     2  handlers.o(i.__scatterload_null)
    __scatterload_zeroinit                   0x0800177d   Thumb Code    14  handlers.o(i.__scatterload_zeroinit)
    Region$$Table$$Base                      0x08001794   Number         0  anon$$obj.o(Region$$Table)
    Region$$Table$$Limit                     0x080017b4   Number         0  anon$$obj.o(Region$$Table)
    flash_add                                0x20000000   Data           4  at32f403a_407_int.o(.data.flash_add)
    system_core_clock                        0x20000004   Data           4  system_at32f403a_407.o(.data.system_core_clock)
    iap_done                                 0x2000000b   Data           1  main.o(.bss.iap_done)
    jump_to_app                              0x2000000c   Data           4  iap.o(.bss.jump_to_app)
    pro_buff                                 0x20000010   Data        2048  at32f403a_407_int.o(.bss.pro_buff)
    timebase_ticks                           0x20000810   Data           4  wk_system.o(.bss.timebase_ticks)
    usart1_crc_buff                          0x20000814   Data        1032  at32f403a_407_int.o(.bss.usart1_crc_buff)
    usart1_rx_buff                           0x20000c1c   Data        1036  at32f403a_407_int.o(.bss.usart1_rx_buff)
    usart1_tx_buff                           0x20001028   Data          22  at32f403a_407_int.o(.bss.usart1_tx_buff)
    __initial_sp                             0x20001440   Data           0  startup_at32f403a_407.o(STACK)



==============================================================================

Memory Map of the image

  Image Entry point : 0x08000185

  Load Region LR_IROM1 (Base: 0x08000000, Size: 0x000017c0, Max: 0x00004000, ABSOLUTE)

    Execution Region ER_IROM1 (Exec base: 0x08000000, Load base: 0x08000000, Size: 0x000017b4, Max: 0x00004000, ABSOLUTE)

    Exec Addr    Load Addr    Size         Type   Attr      Idx    E Section Name        Object

    0x08000000   0x08000000   0x00000184   Data   RO          541    RESET               startup_at32f403a_407.o
    0x08000184   0x08000184   0x00000000   Code   RO          561  * .ARM.Collect$$$$00000000  mc_w.l(entry.o)
    0x08000184   0x08000184   0x00000004   Code   RO          568    .ARM.Collect$$$$00000001  mc_w.l(entry2.o)
    0x08000188   0x08000188   0x00000004   Code   RO          571    .ARM.Collect$$$$00000004  mc_w.l(entry5.o)
    0x0800018c   0x0800018c   0x00000000   Code   RO          573    .ARM.Collect$$$$00000008  mc_w.l(entry7b.o)
    0x0800018c   0x0800018c   0x00000000   Code   RO          575    .ARM.Collect$$$$0000000A  mc_w.l(entry8b.o)
    0x0800018c   0x0800018c   0x00000008   Code   RO          576    .ARM.Collect$$$$0000000B  mc_w.l(entry9a.o)
    0x08000194   0x08000194   0x00000000   Code   RO          578    .ARM.Collect$$$$0000000D  mc_w.l(entry10a.o)
    0x08000194   0x08000194   0x00000000   Code   RO          580    .ARM.Collect$$$$0000000F  mc_w.l(entry11a.o)
    0x08000194   0x08000194   0x00000004   Code   RO          569    .ARM.Collect$$$$00002712  mc_w.l(entry2.o)
    0x08000198   0x08000198   0x00000024   Code   RO          542    .text               startup_at32f403a_407.o
    0x080001bc   0x080001bc   0x00000024   Code   RO          564    .text               mc_w.l(memcpya.o)
    0x080001e0   0x080001e0   0x00000030   Code   RO          582    .text               mc_w.l(init.o)
    0x08000210   0x08000210   0x00000002   Code   RO           32    .text.BusFault_Handler  at32f403a_407_int.o
    0x08000212   0x08000212   0x00000002   PAD
    0x08000214   0x08000214   0x00000002   Code   RO           38    .text.DebugMon_Handler  at32f403a_407_int.o
    0x08000216   0x08000216   0x00000002   PAD
    0x08000218   0x08000218   0x00000002   Code   RO           28    .text.HardFault_Handler  at32f403a_407_int.o
    0x0800021a   0x0800021a   0x00000002   PAD
    0x0800021c   0x0800021c   0x00000002   Code   RO           30    .text.MemManage_Handler  at32f403a_407_int.o
    0x0800021e   0x0800021e   0x00000002   PAD
    0x08000220   0x08000220   0x00000002   Code   RO           26    .text.NMI_Handler   at32f403a_407_int.o
    0x08000222   0x08000222   0x00000002   PAD
    0x08000224   0x08000224   0x00000002   Code   RO           40    .text.PendSV_Handler  at32f403a_407_int.o
    0x08000226   0x08000226   0x00000002   PAD
    0x08000228   0x08000228   0x00000002   Code   RO           36    .text.SVC_Handler   at32f403a_407_int.o
    0x0800022a   0x0800022a   0x00000002   PAD
    0x0800022c   0x0800022c   0x00000004   Code   RO           42    .text.SysTick_Handler  at32f403a_407_int.o
    0x08000230   0x08000230   0x0000005c   Code   RO          549    .text.SystemInit    system_at32f403a_407.o
    0x0800028c   0x0800028c   0x000001e0   Code   RO           44    .text.USART1_IRQHandler  at32f403a_407_int.o
    0x0800046c   0x0800046c   0x00000002   Code   RO           34    .text.UsageFault_Handler  at32f403a_407_int.o
    0x0800046e   0x0800046e   0x00000002   PAD
    0x08000470   0x08000470   0x00000016   Code   RO          132    .text.__NVIC_ClearPendingIRQ  iap.o
    0x08000486   0x08000486   0x00000002   PAD
    0x08000488   0x08000488   0x0000011c   Code   RO          130    .text.app_load      iap.o
    0x080005a4   0x080005a4   0x0000001a   Code   RO          147    .text.crc_block_calculate  at32f403a_407_crc.o
    0x080005be   0x080005be   0x00000002   PAD
    0x080005c0   0x080005c0   0x00000012   Code   RO          143    .text.crc_data_reset  at32f403a_407_crc.o
    0x080005d2   0x080005d2   0x00000002   PAD
    0x080005d4   0x080005d4   0x0000000c   Code   RO          155    .text.crc_init_data_set  at32f403a_407_crc.o
    0x080005e0   0x080005e0   0x0000001a   Code   RO          165    .text.crc_poly_size_set  at32f403a_407_crc.o
    0x080005fa   0x080005fa   0x00000002   PAD
    0x080005fc   0x080005fc   0x0000000c   Code   RO          161    .text.crc_poly_value_set  at32f403a_407_crc.o
    0x08000608   0x08000608   0x0000001a   Code   RO          157    .text.crc_reverse_input_data_set  at32f403a_407_crc.o
    0x08000622   0x08000622   0x00000002   PAD
    0x08000624   0x08000624   0x0000001a   Code   RO          159    .text.crc_reverse_output_data_set  at32f403a_407_crc.o
    0x0800063e   0x0800063e   0x00000002   PAD
    0x08000640   0x08000640   0x0000001a   Code   RO          207    .text.crm_ahb_div_set  at32f403a_407_crm.o
    0x0800065a   0x0800065a   0x00000002   PAD
    0x0800065c   0x0800065c   0x0000001a   Code   RO          209    .text.crm_apb1_div_set  at32f403a_407_crm.o
    0x08000676   0x08000676   0x00000002   PAD
    0x08000678   0x08000678   0x0000001a   Code   RO          211    .text.crm_apb2_div_set  at32f403a_407_crm.o
    0x08000692   0x08000692   0x00000002   PAD
    0x08000694   0x08000694   0x00000018   Code   RO          233    .text.crm_auto_step_mode_enable  at32f403a_407_crm.o
    0x080006ac   0x080006ac   0x0000007a   Code   RO          199    .text.crm_clock_source_enable  at32f403a_407_crm.o
    0x08000726   0x08000726   0x00000002   PAD
    0x08000728   0x08000728   0x000000f4   Code   RO          227    .text.crm_clocks_freq_get  at32f403a_407_crm.o
    0x0800081c   0x0800081c   0x0000001a   Code   RO          183    .text.crm_flag_get  at32f403a_407_crm.o
    0x08000836   0x08000836   0x00000002   PAD
    0x08000838   0x08000838   0x00000024   Code   RO          187    .text.crm_hext_stable_wait  at32f403a_407_crm.o
    0x0800085c   0x0800085c   0x00000028   Code   RO          193    .text.crm_periph_clock_enable  at32f403a_407_crm.o
    0x08000884   0x08000884   0x0000006e   Code   RO          221    .text.crm_pll_config  at32f403a_407_crm.o
    0x080008f2   0x080008f2   0x00000002   PAD
    0x080008f4   0x080008f4   0x00000044   Code   RO          177    .text.crm_reset     at32f403a_407_crm.o
    0x08000938   0x08000938   0x0000003a   Code   RO          223    .text.crm_sysclk_switch  at32f403a_407_crm.o
    0x08000972   0x08000972   0x00000002   PAD
    0x08000974   0x08000974   0x00000010   Code   RO          225    .text.crm_sysclk_switch_status_get  at32f403a_407_crm.o
    0x08000984   0x08000984   0x0000004a   Code   RO          116    .text.flash_2kb_write  flash.o
    0x080009ce   0x080009ce   0x00000002   PAD
    0x080009d0   0x080009d0   0x000001c8   Code   RO          324    .text.flash_halfword_program  at32f403a_407_flash.o
    0x08000b98   0x08000b98   0x0000001a   Code   RO          298    .text.flash_lock    at32f403a_407_flash.o
    0x08000bb2   0x08000bb2   0x00000002   PAD
    0x08000bb4   0x08000bb4   0x000001e4   Code   RO          306    .text.flash_sector_erase  at32f403a_407_flash.o
    0x08000d98   0x08000d98   0x00000022   Code   RO          290    .text.flash_unlock  at32f403a_407_flash.o
    0x08000dba   0x08000dba   0x00000002   PAD
    0x08000dbc   0x08000dbc   0x0000001c   Code   RO          120    .text.flash_upgrade_flag_read  flash.o
    0x08000dd8   0x08000dd8   0x00000012   Code   RO          378    .text.gpio_default_para_init  at32f403a_407_gpio.o
    0x08000dea   0x08000dea   0x00000002   PAD
    0x08000dec   0x08000dec   0x000000be   Code   RO          376    .text.gpio_init     at32f403a_407_gpio.o
    0x08000eaa   0x08000eaa   0x00000002   PAD
    0x08000eac   0x08000eac   0x00000040   Code   RO          406    .text.gpio_pin_remap_config  at32f403a_407_gpio.o
    0x08000eec   0x08000eec   0x00000074   Code   RO            2    .text.main          main.o
    0x08000f60   0x08000f60   0x0000002a   Code   RO          424    .text.nvic_irq_disable  at32f403a_407_misc.o
    0x08000f8a   0x08000f8a   0x00000002   PAD
    0x08000f8c   0x08000f8c   0x00000076   Code   RO          422    .text.nvic_irq_enable  at32f403a_407_misc.o
    0x08001002   0x08001002   0x00000002   PAD
    0x08001004   0x08001004   0x00000020   Code   RO          426    .text.nvic_priority_group_config  at32f403a_407_misc.o
    0x08001024   0x08001024   0x000000b4   Code   RO          551    .text.system_core_clock_update  system_at32f403a_407.o
    0x080010d8   0x080010d8   0x00000018   Code   RO          432    .text.systick_clock_source_config  at32f403a_407_misc.o
    0x080010f0   0x080010f0   0x00000092   Code   RO           48    .text.usart1_connet_pc  at32f403a_407_int.o
    0x08001182   0x08001182   0x00000002   PAD
    0x08001184   0x08001184   0x00000092   Code   RO           54    .text.usart1_send_error  at32f403a_407_int.o
    0x08001216   0x08001216   0x00000002   PAD
    0x08001218   0x08001218   0x00000092   Code   RO           50    .text.usart1_send_ok  at32f403a_407_int.o
    0x080012aa   0x080012aa   0x00000002   PAD
    0x080012ac   0x080012ac   0x00000006   Code   RO          506    .text.usart_data_receive  at32f403a_407_usart.o
    0x080012b2   0x080012b2   0x00000002   PAD
    0x080012b4   0x080012b4   0x00000008   Code   RO          504    .text.usart_data_transmit  at32f403a_407_usart.o
    0x080012bc   0x080012bc   0x00000012   Code   RO          478    .text.usart_enable  at32f403a_407_usart.o
    0x080012ce   0x080012ce   0x00000002   PAD
    0x080012d0   0x080012d0   0x0000000a   Code   RO          526    .text.usart_flag_get  at32f403a_407_usart.o
    0x080012da   0x080012da   0x00000002   PAD
    0x080012dc   0x080012dc   0x00000042   Code   RO          524    .text.usart_hardware_flow_control_set  at32f403a_407_usart.o
    0x0800131e   0x0800131e   0x00000002   PAD
    0x08001320   0x08001320   0x000000ae   Code   RO          474    .text.usart_init    at32f403a_407_usart.o
    0x080013ce   0x080013ce   0x00000002   PAD
    0x080013d0   0x080013d0   0x00000020   Code   RO          488    .text.usart_interrupt_enable  at32f403a_407_usart.o
    0x080013f0   0x080013f0   0x000000c2   Code   RO          528    .text.usart_interrupt_flag_get  at32f403a_407_usart.o
    0x080014b2   0x080014b2   0x00000002   PAD
    0x080014b4   0x080014b4   0x0000003a   Code   RO          476    .text.usart_parity_selection_config  at32f403a_407_usart.o
    0x080014ee   0x080014ee   0x00000002   PAD
    0x080014f0   0x080014f0   0x00000012   Code   RO          482    .text.usart_receiver_enable  at32f403a_407_usart.o
    0x08001502   0x08001502   0x00000002   PAD
    0x08001504   0x08001504   0x00000012   Code   RO          480    .text.usart_transmitter_enable  at32f403a_407_usart.o
    0x08001516   0x08001516   0x00000002   PAD
    0x08001518   0x08001518   0x00000030   Code   RO           92    .text.wk_crc_init   wk_crc.o
    0x08001548   0x08001548   0x0000000e   Code   RO          100    .text.wk_debug_config  wk_debug.o
    0x08001556   0x08001556   0x00000002   PAD
    0x08001558   0x08001558   0x00000060   Code   RO           16    .text.wk_nvic_config  at32f403a_407_wk_config.o
    0x080015b8   0x080015b8   0x0000003c   Code   RO           14    .text.wk_periph_clock_config  at32f403a_407_wk_config.o
    0x080015f4   0x080015f4   0x00000092   Code   RO           12    .text.wk_system_clock_config  at32f403a_407_wk_config.o
    0x08001686   0x08001686   0x00000002   PAD
    0x08001688   0x08001688   0x00000004   Code   RO           81    .text.wk_timebase_handler  wk_system.o
    0x0800168c   0x0800168c   0x00000010   Code   RO           73    .text.wk_timebase_increase  wk_system.o
    0x0800169c   0x0800169c   0x00000040   Code   RO           79    .text.wk_timebase_init  wk_system.o
    0x080016dc   0x080016dc   0x00000090   Code   RO          108    .text.wk_usart1_init  wk_usart.o
    0x0800176c   0x0800176c   0x0000000e   Code   RO          586    i.__scatterload_copy  mc_w.l(handlers.o)
    0x0800177a   0x0800177a   0x00000002   Code   RO          587    i.__scatterload_null  mc_w.l(handlers.o)
    0x0800177c   0x0800177c   0x0000000e   Code   RO          588    i.__scatterload_zeroinit  mc_w.l(handlers.o)
    0x0800178a   0x0800178a   0x00000008   Data   RO          249    .rodata.cst8        at32f403a_407_crm.o
    0x08001792   0x08001792   0x00000002   PAD
    0x08001794   0x08001794   0x00000020   Data   RO          585    Region$$Table       anon$$obj.o


    Execution Region RW_IRAM1 (Exec base: 0x20000000, Load base: 0x080017b8, Size: 0x00001440, Max: 0x00018000, ABSOLUTE)

    Exec Addr    Load Addr    Size         Type   Attr      Idx    E Section Name        Object

    0x20000000   0x080017b8   0x00000004   Data   RW           58    .data.flash_add     at32f403a_407_int.o
    0x20000004   0x080017bc   0x00000004   Data   RW          553    .data.system_core_clock  system_at32f403a_407.o
    0x20000008        -       0x00000002   Zero   RW           59    .bss.USART1_IRQHandler.count  at32f403a_407_int.o
    0x2000000a        -       0x00000001   Zero   RW           60    .bss.USART1_IRQHandler.data_count  at32f403a_407_int.o
    0x2000000b        -       0x00000001   Zero   RW            4    .bss.iap_done       main.o
    0x2000000c        -       0x00000004   Zero   RW          134    .bss.jump_to_app    iap.o
    0x20000010        -       0x00000800   Zero   RW           63    .bss.pro_buff       at32f403a_407_int.o
    0x20000810        -       0x00000004   Zero   RW           83    .bss.timebase_ticks  wk_system.o
    0x20000814        -       0x00000408   Zero   RW           62    .bss.usart1_crc_buff  at32f403a_407_int.o
    0x20000c1c        -       0x0000040c   Zero   RW           61    .bss.usart1_rx_buff  at32f403a_407_int.o
    0x20001028        -       0x00000016   Zero   RW           64    .bss.usart1_tx_buff  at32f403a_407_int.o
    0x2000103e   0x080017c0   0x00000002   PAD
    0x20001040        -       0x00000400   Zero   RW          539    STACK               startup_at32f403a_407.o


==============================================================================

Image component sizes


      Code (inc. data)   RO Data    RW Data    ZI Data      Debug   Object Name

       146          0          0          0          0       3444   at32f403a_407_crc.o
       822         30          8          0          0      22287   at32f403a_407_crm.o
      1000          0          0          0          0      29168   at32f403a_407_flash.o
       272          0          0          0          0      15192   at32f403a_407_gpio.o
       938          0          0          4       4141       9025   at32f403a_407_int.o
       216          0          0          0          0       7285   at32f403a_407_misc.o
       602         68          0          0          0      11808   at32f403a_407_usart.o
       302          0          0          0          0       9470   at32f403a_407_wk_config.o
       102          0          0          0          0       1762   flash.o
       306          0          0          0          4       5474   iap.o
       116          0          0          0          1        808   main.o
        36          8        388          0       1024        868   startup_at32f403a_407.o
       272         16          0          4          0       7943   system_at32f403a_407.o
        48          0          0          0          0        891   wk_crc.o
        14          0          0          0          0        832   wk_debug.o
        84          0          0          0          4       1936   wk_system.o
       144          0          0          0          0       6980   wk_usart.o

    ----------------------------------------------------------------------
      5504        122        430          8       5176     135173   Object Totals
         0          0         32          0          0          0   (incl. Generated)
        84          0          2          0          2          0   (incl. Padding)

    ----------------------------------------------------------------------

      Code (inc. data)   RO Data    RW Data    ZI Data      Debug   Library Member Name

         0          0          0          0          0          0   entry.o
         0          0          0          0          0          0   entry10a.o
         0          0          0          0          0          0   entry11a.o
         8          4          0          0          0          0   entry2.o
         4          0          0          0          0          0   entry5.o
         0          0          0          0          0          0   entry7b.o
         0          0          0          0          0          0   entry8b.o
         8          4          0          0          0          0   entry9a.o
        30          0          0          0          0          0   handlers.o
        48         10          0          0          0         68   init.o
        36          0          0          0          0         68   memcpya.o

    ----------------------------------------------------------------------
       134         18          0          0          0        136   Library Totals
         0          0          0          0          0          0   (incl. Padding)

    ----------------------------------------------------------------------

      Code (inc. data)   RO Data    RW Data    ZI Data      Debug   Library Name

       134         18          0          0          0        136   mc_w.l

    ----------------------------------------------------------------------
       134         18          0          0          0        136   Library Totals

    ----------------------------------------------------------------------

==============================================================================


      Code (inc. data)   RO Data    RW Data    ZI Data      Debug   

      5638        140        430          8       5176     135213   Grand Totals
      5638        140        430          8       5176     135213   ELF Image Totals
      5638        140        430          8          0          0   ROM Totals

==============================================================================

    Total RO  Size (Code + RO Data)                 6068 (   5.93kB)
    Total RW  Size (RW Data + ZI Data)              5184 (   5.06kB)
    Total ROM Size (Code + RO Data + RW Data)       6076 (   5.93kB)

==============================================================================

