<html>
<body>
<pre>
<h1>µVision Build Log</h1>
<h2>Tool Versions:</h2>
IDE-Version: ¦ÌVision V5.40.0.12
Copyright (C) 2024 ARM Ltd and ARM Germany GmbH. All rights reserved.
License Information: itt W, Forward, LIC=VGXG8-3DNTB-BSLYX-H2GR5-KKDDD-IZBKB
 
Tool Versions:
Toolchain:       MDK-ARM Plus  Version: 5.40.0.5
Toolchain Path:  D:\Work Program\Keil_v5\ARM\ARMCLANG\Bin
C Compiler:      ArmClang.exe V6.22
Assembler:       Armasm.exe V6.22
Linker/Locator:  ArmLink.exe V6.22
Library Manager: ArmAr.exe V6.22
Hex Converter:   FromElf.exe V6.22
CPU DLL:         SARMCM3.DLL V5.40.0.5
Dialog DLL:      DCM.DLL V1.17.5.0
Target DLL:      CMSIS_AGDI.dll V1.33.21.0
Dialog DLL:      TCM.DLL V1.56.4.0
 
<h2>Project:</h2>
C:\Users\Administrator\Desktop\freertos demo\app\project\MDK_V5\AT32F403ARGT7_WorkBench.uvprojx
Project File Date:  03/16/2026

<h2>Output:</h2>
*** Using Compiler 'V6.22', folder: 'D:\Work Program\Keil_v5\ARM\ARMCLANG\Bin'
Rebuild target 'AT32F403ARGT7_WorkBench'
compiling wk_adc.c...
compiling wk_exint.c...
compiling main.c...
compiling wk_wdt.c...
compiling wk_tmr.c...
compiling wk_debug.c...
compiling at32f403a_407_wk_config.c...
compiling wk_spi.c...
compiling wk_gpio.c...
compiling wk_usart.c...
compiling at32f403a_407_int.c...
compiling include_port.c...
../src/freertos_app.c(412): warning: illegal character encoding in string literal [-Winvalid-source-encoding]
  412 |                 printf("<C5><E4><CD><F8><B3>É¹<A6><A3><AC>SSID: %s, IP: %s\n", result.ssid, result.ip);
      |                         ^~~~~~~~~~~~~~~~~~~~ ~~~~~~~~~~~~
../src/freertos_app.c(419): warning: illegal character encoding in string literal [-Winvalid-source-encoding]
  419 |             printf("<C5><E4><CD><F8>Ê§<B0>Ü»<F2><B3><AC>Ê±\n");
      |                     ^~~~~~~~~~~~~~~~ ~~~~~~~~~~~~~~~~
2 warnings generated.
compiling freertos_app.c...
compiling wk_xmc.c...
compiling wk_dma.c...
compiling wk_crc.c...
compiling at32f403a_407_gpio.c...
compiling at32f403a_407_crm.c...
compiling at32f403a_407_tmr.c...
compiling at32f403a_407_adc.c...
compiling at32f403a_407_usart.c...
compiling at32f403a_407_pwc.c...
compiling at32f403a_407_wdt.c...
compiling at32f403a_407_crc.c...
compiling at32f403a_407_debug.c...
compiling at32f403a_407_dma.c...
compiling at32f403a_407_spi.c...
compiling at32f403a_407_exint.c...
compiling at32f403a_407_misc.c...
compiling at32f403a_407_flash.c...
compiling at32f403a_407_xmc.c...
compiling system_at32f403a_407.c...
compiling util_queue.c...
compiling pid_operation.c...
compiling PC_comm_handle.c...
compiling key_handle.c...
compiling adc_filter.c...
compiling wifi_handle.c...
compiling flash.c...
compiling usr_touch.c...
compiling iap.c...
compiling key.c...
compiling dht11.c...
compiling ds1302.c...
compiling at32_spiflash.c...
compiling soft_i2c.c...
compiling ft6336.c...
compiling croutine.c...
compiling list.c...
compiling event_groups.c...
compiling wifi_uart.c...
compiling queue.c...
compiling tasks.c...
compiling heap_4.c...
compiling timers.c...
compiling BayesFunctionsF16.c...
compiling BayesFunctions.c...
compiling BasicMathFunctionsF16.c...
compiling stream_buffer.c...
compiling BasicMathFunctions.c...
compiling ComplexMathFunctions.c...
compiling xmc_lcd.c...
compiling ComplexMathFunctionsF16.c...
compiling ControllerFunctions.c...
compiling DistanceFunctionsF16.c...
compiling DistanceFunctions.c...
compiling FastMathFunctions.c...
compiling CommonTablesF16.c...
compiling InterpolationFunctionsF16.c...
compiling FilteringFunctionsF16.c...
compiling InterpolationFunctions.c...
compiling FastMathFunctionsF16.c...
compiling CommonTables.c...
compiling MatrixFunctionsF16.c...
assembling startup_at32f403a_407.s...
compiling MatrixFunctions.c...
compiling SVMFunctions.c...
compiling QuaternionMathFunctions.c...
compiling SVMFunctionsF16.c...
compiling FilteringFunctions.c...
compiling StatisticsFunctionsF16.c...
compiling SupportFunctionsF16.c...
compiling SupportFunctions.c...
compiling StatisticsFunctions.c...
compiling stdout_evr.c...
compiling retarget_io.c...
compiling perfc_port_default.c...
compiling TransformFunctionsF16.c...
compiling perf_counter.c...
assembling systick_wrapper_gnu.s...
compiling WindowFunctions.c...
compiling EventRecorder.c...
compiling TransformFunctions.c...
linking...
Program Size: Code=48560 RO-data=3952 RW-data=216 ZI-data=47376  
FromELF: creating hex file...
After Build - User command #2: "C:\Users\Administrator\Desktop\ARM_2D\arm2d 8bit\app\project\MDK_V5\keil5_disp_size_bar.exe"
ram:
  RW_IRAM1 :0x20000000
  224.00 KB :|¡ö¡ö¡ö¡ö________________|   20.75 % (   46.48 KB /   224.00 KB) [181784 B]
flash:
  ER_IROM1 :0x8000000
    1.00 MB :|¡ö___________________|    5.01 % (    0.05 MB /     1.00 MB) [996064 B]
".\objects\AT32F403ARGT7_WorkBench.axf" - 0 Error(s), 2 Warning(s).

<h2>Software Packages used:</h2>

Package Vendor: ARM
                https://www.keil.com/pack/ARM.CMSIS.6.3.0.pack
                ARM::CMSIS@6.3.0
                CMSIS (Common Microcontroller Software Interface Standard)
   * Component: CORE Version: 6.2.0

Package Vendor: ARM
                https://www.keil.com/pack/ARM.CMSIS-Compiler.2.1.0.pack
                ARM::CMSIS-Compiler@2.1.0
                CMSIS Compiler extensions for Arm Compiler, GCC, Clang, and IAR Compiler
   * Component: STDOUT Version: 1.1.0
   * Component: CORE Version: 1.1.0
   * Component: Event Recorder Version: 1.1.0

Package Vendor: ARM
                https://www.keil.com/pack/ARM.CMSIS-DSP.1.17.0.pack
                ARM::CMSIS-DSP@1.17.0
                CMSIS Embedded Compute Library
   * Component: DSP Variant: Source Version: 1.17.0

Package Vendor: ARM
                https://www.keil.com/pack/ARM.CMSIS-View.1.2.0.pack
                ARM::CMSIS-View@1.2.0
                Debugger visualization of software events and statistics
   * Component: Event Recorder Variant: DAP Version: 1.6.0

Package Vendor: ArteryTek
                
                ArteryTek::AT32F403A_407_DFP@2.2.2
                ArteryTek AT32F403A_407 Series Device Support,Drivers

Package Vendor: GorgonMeducer
                https://raw.githubusercontent.com/GorgonMeducer/perf_counter/CMSIS-Pack/cmsis-pack/GorgonMeducer.perf_counter.2.5.4.pack
                GorgonMeducer::perf_counter@2.5.4
                This is a dedicated performance counter designed for micro-controllers. For Cortex-M processors, the `perf_counter` uses the SysTick by default. It shares the SysTick with users' original SysTick functions without interfering with them. This library brings new functionalities, such as performance counter, `perfc_delay_us()`, `perfc_delay_ms()` and implements `clock()` defined in `time.h`. It provides a template for porting the `perf_counter` to different architectures or using a different Timer instead of SysTick in Cortex-M processors.
   * Component: Core Variant: Source Version: 2.5.4

<h2>Collection of Component include folders:</h2>
  ./RTE/CMSIS-View
  ./RTE/_AT32F403ARGT7_WorkBench
  D:/Work Program/Keil_v5/ARM/Packs/ARM/CMSIS-Compiler/2.1.0/include
  D:/Work Program/Keil_v5/ARM/Packs/ARM/CMSIS-DSP/1.17.0/Include
  D:/Work Program/Keil_v5/ARM/Packs/ARM/CMSIS-DSP/1.17.0/PrivateInclude
  D:/Work Program/Keil_v5/ARM/Packs/ARM/CMSIS-View/1.2.0/EventRecorder/Include
  D:/Work Program/Keil_v5/ARM/Packs/ARM/CMSIS/6.3.0/CMSIS/Core/Include
  D:/Work Program/Keil_v5/ARM/Packs/ArteryTek/AT32F403A_407_DFP/2.2.2/Device/Include
  D:/Work Program/Keil_v5/ARM/Packs/GorgonMeducer/perf_counter/2.5.4

<h2>Collection of Component Files used:</h2>

   * Component: ::CMSIS-Compiler:STDOUT(API)@1.1.0
      Include file:  include/retarget_stdout.h

   * Component: ARM::CMSIS-Compiler:CORE@1.1.0
      Source file:   source/armcc/retarget_io.c

   * Component: ARM::CMSIS-Compiler:STDOUT:Event Recorder@1.1.0
      Source file:   source/stdout_evr.c

   * Component: ARM::CMSIS-View:Event Recorder&DAP@1.6.0
      Include file:  EventRecorder/Include/EventRecorder.h
      Include file:  EventRecorder/Config/EventRecorderConf.h
      Source file:   EventRecorder/Source/EventRecorder.c

   * Component: ARM::CMSIS:CORE@6.2.0

   * Component: ARM::CMSIS:DSP&Source@1.17.0
      Source file:   Source/InterpolationFunctions/InterpolationFunctions.c
      Source file:   Source/ComplexMathFunctions/ComplexMathFunctionsF16.c
      Source file:   Source/CommonTables/CommonTablesF16.c
      Source file:   Source/TransformFunctions/TransformFunctionsF16.c
      Include file:  Include/arm_math_f16.h
      Source file:   Source/FilteringFunctions/FilteringFunctionsF16.c
      Source file:   Source/TransformFunctions/TransformFunctions.c
      Include file:  Include/arm_math.h
      Include file:  Include/arm_common_tables.h
      Source file:   Source/FastMathFunctions/FastMathFunctions.c
      Source file:   Source/WindowFunctions/WindowFunctions.c
      Source file:   Source/CommonTables/CommonTables.c
      Source file:   Source/ComplexMathFunctions/ComplexMathFunctions.c
      Source file:   Source/MatrixFunctions/MatrixFunctions.c
      Include file:  Include/arm_const_structs.h
      Include file:  Include/arm_common_tables_f16.h
      Source file:   Source/ControllerFunctions/ControllerFunctions.c
      Source file:   Source/BasicMathFunctions/BasicMathFunctions.c
      Source file:   Source/SVMFunctions/SVMFunctions.c
      Include file:  Include/arm_const_structs_f16.h
      Source file:   Source/BasicMathFunctions/BasicMathFunctionsF16.c
      Source file:   Source/FilteringFunctions/FilteringFunctions.c
      Source file:   Source/BayesFunctions/BayesFunctions.c
      Source file:   Source/QuaternionMathFunctions/QuaternionMathFunctions.c
      Source file:   Source/DistanceFunctions/DistanceFunctions.c
      Source file:   Source/StatisticsFunctions/StatisticsFunctions.c
      Source file:   Source/SupportFunctions/SupportFunctions.c
      Source file:   Source/SVMFunctions/SVMFunctionsF16.c
      Source file:   Source/MatrixFunctions/MatrixFunctionsF16.c
      Source file:   Source/BayesFunctions/BayesFunctionsF16.c
      Source file:   Source/SupportFunctions/SupportFunctionsF16.c
      Source file:   Source/InterpolationFunctions/InterpolationFunctionsF16.c
      Source file:   Source/FastMathFunctions/FastMathFunctionsF16.c
      Source file:   Source/StatisticsFunctions/StatisticsFunctionsF16.c
      Source file:   Source/DistanceFunctions/DistanceFunctionsF16.c

   * Component: GorgonMeducer::Utilities:perf_counter:Core&Source@2.5.4
      Include file:  perf_counter.h
      Source file:   perf_counter.c
      Source file:   systick_wrapper_gnu.s
      Source file:   perfc_port_default.c
Build Time Elapsed:  00:00:04
</pre>
</body>
</html>
